Archive member included to satisfy reference by file (symbol)

/opt/microchip/xc32/v4.60/bin/bin/../../lib/gcc/pic32mx/8.3.1/libgcc.a(_fixdfdi.o)
                              build/default/production/_ext/1360937237/jsoncbor.o (__fixdfdi)
/opt/microchip/xc32/v4.60/bin/bin/../../lib/gcc/pic32mx/8.3.1/libgcc.a(_fixunsdfdi.o)
                              build/default/production/_ext/2146752828/cborpretty.o (__fixunsdfdi)
/opt/microchip/xc32/v4.60/bin/bin/../../lib/gcc/pic32mx/8.3.1/libgcc.a(_floatdidf.o)
                              build/default/production/_ext/1360937237/jsoncbor.o (__floatdidf)
/opt/microchip/xc32/v4.60/bin/bin/../../lib/gcc/pic32mx/8.3.1/libgcc.a(_floatundidf.o)
                              build/default/production/_ext/2146752828/cborpretty.o (__floatundidf)
/opt/microchip/xc32/v4.60/bin/bin/../../lib/gcc/pic32mx/8.3.1/libgcc.a(_udivdi3.o)
                              build/default/production/_ext/1033058136/tcpip_manager.o (__udivdi3)
/opt/microchip/xc32/v4.60/bin/bin/../../lib/gcc/pic32mx/8.3.1/libgcc.a(floatunsidf.o)
                              build/default/production/_ext/2146752828/cbortojson.o (__floatunsidf)
/opt/microchip/xc32/v4.60/bin/bin/../../lib/gcc/pic32mx/8.3.1/../../../../pic32mx/lib/libpic32.a(default-on-reset.o)
                              /tmp/ccE2iPg8.o (_on_reset)
/opt/microchip/xc32/v4.60/bin/bin/../../lib/gcc/pic32mx/8.3.1/../../../../pic32mx/lib/libpic32.a(default-on-bootstrap.o)
                              /tmp/ccE2iPg8.o (_on_bootstrap)
/opt/microchip/xc32/v4.60/bin/bin/../../lib/gcc/pic32mx/8.3.1/../../../../pic32mx/lib/libpic32.a(default-nmi-handler.o)
                              /tmp/ccE2iPg8.o (_nmi_handler)
/opt/microchip/xc32/v4.60/bin/bin/../../lib/gcc/pic32mx/8.3.1/../../../../pic32mx/lib/libpic32.a(errno.o)
                              build/default/production/_ext/1033058136/tcpip_helpers.o (errno)
/opt/microchip/xc32/v4.60/bin/bin/../../lib/gcc/pic32mx/8.3.1/../../../../pic32mx/lib/libpic32.a(pic32_data_init_core.o)
                              /tmp/ccE2iPg8.o (__pic32_data_init)
/opt/microchip/xc32/v4.60/bin/bin/../../lib/gcc/pic32mx/8.3.1/../../../../pic32mx/lib/libpic32.a(general-exception.o)
                              /tmp/ccE2iPg8.o (_general_exception_context)
/opt/microchip/xc32/v4.60/bin/bin/../../lib/gcc/pic32mx/8.3.1/../../../../pic32mx/lib/libpic32.a(vector2.o)
                              /tmp/ccCR7FoH.o (__vector_dispatch_2)
/opt/microchip/xc32/v4.60/bin/bin/../../lib/gcc/pic32mx/8.3.1/../../../../pic32mx/lib/libpic32.a(vector3.o)
                              /tmp/ccCR7FoH.o (__vector_dispatch_3)
/opt/microchip/xc32/v4.60/bin/bin/../../lib/gcc/pic32mx/8.3.1/../../../../pic32mx/lib/libpic32.a(vector5.o)
                              /tmp/ccCR7FoH.o (__vector_dispatch_5)
/opt/microchip/xc32/v4.60/bin/bin/../../lib/gcc/pic32mx/8.3.1/../../../../pic32mx/lib/libpic32.a(vector6.o)
                              /tmp/ccCR7FoH.o (__vector_dispatch_6)
/opt/microchip/xc32/v4.60/bin/bin/../../lib/gcc/pic32mx/8.3.1/../../../../pic32mx/lib/libpic32.a(vector7.o)
                              /tmp/ccCR7FoH.o (__vector_dispatch_7)
/opt/microchip/xc32/v4.60/bin/bin/../../lib/gcc/pic32mx/8.3.1/../../../../pic32mx/lib/libpic32.a(vector8.o)
                              /tmp/ccCR7FoH.o (__vector_dispatch_8)
/opt/microchip/xc32/v4.60/bin/bin/../../lib/gcc/pic32mx/8.3.1/../../../../pic32mx/lib/libpic32.a(vector9.o)
                              /tmp/ccCR7FoH.o (__vector_dispatch_9)
/opt/microchip/xc32/v4.60/bin/bin/../../lib/gcc/pic32mx/8.3.1/../../../../pic32mx/lib/libpic32.a(vector10.o)
                              /tmp/ccCR7FoH.o (__vector_dispatch_10)
/opt/microchip/xc32/v4.60/bin/bin/../../lib/gcc/pic32mx/8.3.1/../../../../pic32mx/lib/libpic32.a(vector11.o)
                              /tmp/ccCR7FoH.o (__vector_dispatch_11)
/opt/microchip/xc32/v4.60/bin/bin/../../lib/gcc/pic32mx/8.3.1/../../../../pic32mx/lib/libpic32.a(vector12.o)
                              /tmp/ccCR7FoH.o (__vector_dispatch_12)
/opt/microchip/xc32/v4.60/bin/bin/../../lib/gcc/pic32mx/8.3.1/../../../../pic32mx/lib/libpic32.a(vector13.o)
                              /tmp/ccCR7FoH.o (__vector_dispatch_13)
/opt/microchip/xc32/v4.60/bin/bin/../../lib/gcc/pic32mx/8.3.1/../../../../pic32mx/lib/libpic32.a(vector14.o)
                              /tmp/ccCR7FoH.o (__vector_dispatch_14)
/opt/microchip/xc32/v4.60/bin/bin/../../lib/gcc/pic32mx/8.3.1/../../../../pic32mx/lib/libpic32.a(vector15.o)
                              /tmp/ccCR7FoH.o (__vector_dispatch_15)
/opt/microchip/xc32/v4.60/bin/bin/../../lib/gcc/pic32mx/8.3.1/../../../../pic32mx/lib/libpic32.a(vector16.o)
                              /tmp/ccCR7FoH.o (__vector_dispatch_16)
/opt/microchip/xc32/v4.60/bin/bin/../../lib/gcc/pic32mx/8.3.1/../../../../pic32mx/lib/libpic32.a(vector17.o)
                              /tmp/ccCR7FoH.o (__vector_dispatch_17)
[...]
Memory Configuration

Name             Origin             Length             Attributes
kseg0_program_mem 0x000000009d005000 0x000000000007b000 xr
kseg1_boot_mem   0x00000000bd004000 0x0000000000000490
kseg1_data_mem   0x00000000a0000010 0x000000000001fff0 w !x
sfrs             0x00000000bf800000 0x0000000000100000
configsfrs       0x00000000bfc02ff0 0x0000000000000010
*default*        0x0000000000000000 0xffffffffffffffff

Linker script and memory map

LOAD /opt/microchip/xc32/v4.60/bin/bin/../../lib/gcc/pic32mx/8.3.1/../../../../pic32mx/lib/debug-exception-return.o
LOAD build/default/production/_ext/732082881/drv_eth_pic32_lib.o
LOAD build/default/production/_ext/732082881/drv_ethmac.o
LOAD build/default/production/_ext/732082881/drv_ethmac_lib.o
LOAD build/default/production/_ext/444070925/drv_ethphy.o
LOAD build/default/production/_ext/444070925/drv_extphy_lan8720.o
LOAD build/default/production/_ext/438849557/drv_miim_pic32m.o
LOAD build/default/production/_ext/438849557/drv_miim.o
LOAD build/default/production/_ext/538277063/drv_sst26_spi_interface.o
LOAD build/default/production/_ext/538277063/drv_sst26.o
LOAD build/default/production/_ext/1033058136/helpers.o
LOAD build/default/production/_ext/1033058136/dhcp.o
LOAD build/default/production/_ext/1033058136/ipv4.o
LOAD build/default/production/_ext/1033058136/tcpip_commands.o
LOAD build/default/production/_ext/1033058136/tcpip_notify.o
LOAD build/default/production/_ext/1033058136/tcpip_helpers.o
LOAD build/default/production/_ext/1033058136/tcpip_packet.o
LOAD build/default/production/_ext/1033058136/oahash.o
LOAD build/default/production/_ext/1033058136/udp.o
LOAD build/default/production/_ext/1033058136/arp.o
LOAD build/default/production/_ext/1033058136/icmp.o
LOAD build/default/production/_ext/1033058136/tcpip_heap_internal.o
LOAD build/default/production/_ext/1033058136/hash_fnv.o
LOAD build/default/production/_ext/1033058136/dns.o
LOAD build/default/production/_ext/1033058136/tcpip_helper_c32.o
LOAD build/default/production/_ext/1033058136/tcpip_heap_alloc.o
LOAD build/default/production/_ext/1033058136/tcpip_manager.o
LOAD build/default/production/_ext/1529399856/osal_freertos.o
LOAD build/default/production/_ext/60165520/plib_clk.o
LOAD build/default/production/_ext/1249264884/plib_coretimer.o
LOAD build/default/production/_ext/1865200349/plib_evic.o
LOAD build/default/production/_ext/1865254177/plib_gpio.o
LOAD build/default/production/_ext/298189674/plib_spi2_master.o
LOAD build/default/production/_ext/1865657120/plib_uart2.o
LOAD build/default/production/_ext/1865657120/plib_uart1.o
LOAD build/default/production/_ext/163028504/xc32_monitor.o
LOAD build/default/production/_ext/1376093119/sys_command.o
LOAD build/default/production/_ext/1832805299/sys_console_uart.o
LOAD build/default/production/_ext/1832805299/sys_console.o
LOAD build/default/production/_ext/944882569/sys_debug.o
LOAD build/default/production/_ext/1881668453/sys_int.o
LOAD build/default/production/_ext/1000052432/sys_reset.o
LOAD build/default/production/_ext/101884895/sys_time.o
LOAD build/default/production/_ext/753841488/sys_time_h2_adapter.o
LOAD build/default/production/_ext/1171490990/initialization.o
LOAD build/default/production/_ext/1171490990/interrupts.o
LOAD build/default/production/_ext/1171490990/freertos_hooks.o
LOAD build/default/production/_ext/1171490990/interrupts_a.o
LOAD build/default/production/_ext/1171490990/exceptions.o
LOAD build/default/production/_ext/1171490990/tasks.o
LOAD build/default/production/_ext/1665200909/heap_4.o
LOAD build/default/production/_ext/951553248/port_asm.o
LOAD build/default/production/_ext/951553248/port.o
LOAD build/default/production/_ext/404212886/FreeRTOS_tasks.o
LOAD build/default/production/_ext/404212886/event_groups.o
LOAD build/default/production/_ext/404212886/list.o
LOAD build/default/production/_ext/404212886/queue.o
LOAD build/default/production/_ext/404212886/stream_buffer.o
LOAD build/default/production/_ext/404212886/timers.o
LOAD build/default/production/_ext/404212886/croutine.o
LOAD build/default/production/_ext/1358156373/network.o
LOAD build/default/production/_ext/2146752828/cborencoder_float.o
LOAD build/default/production/_ext/2146752828/cborvalidation.o
LOAD build/default/production/_ext/2146752828/cborparser_float.o
LOAD build/default/production/_ext/2146752828/cborpretty_stdio.o
LOAD build/default/production/_ext/2146752828/cborencoder.o
LOAD build/default/production/_ext/2146752828/cborparser_dup_string.o
LOAD build/default/production/_ext/2146752828/cborpretty.o
LOAD build/default/production/_ext/2146752828/cborerrorstrings.o
LOAD build/default/production/_ext/2146752828/cborparser.o
LOAD build/default/production/_ext/2146752828/cborencoder_close_container_checked.o
LOAD build/default/production/_ext/2146752828/cbortojson.o
LOAD build/default/production/_ext/1360937237/main.o
LOAD build/default/production/_ext/1360937237/app.o
LOAD build/default/production/_ext/1360937237/ethernet.o
LOAD build/default/production/_ext/1360937237/coap.o
LOAD build/default/production/_ext/1360937237/cJSON.o
LOAD build/default/production/_ext/1360937237/jsoncbor.o
LOAD build/default/production/_ext/1360937237/cborjson.o
LOAD build/default/production/_ext/1360937237/resources.o
LOAD build/default/production/_ext/1360937237/storage.o
LOAD build/default/production/_ext/1360937237/eeprom.o
LOAD build/default/production/_ext/1360937237/commands.o
LOAD build/default/production/_ext/1360937237/flash.o
LOAD build/default/production/_ext/60176403/plib_nvm.o
LOAD build/default/production/_ext/1360937237/firmware_update.o
LOAD build/default/production/_ext/1360937237/spi_coordinator.o
                0x0000000000000001                __MPLAB_BUILD = 0x1
                0x0000000000000400                PROVIDE (_min_stack_size = 0x400)
                0x0000000000000001                PROVIDE (_vector_spacing = 0x1)
                0x000000009d005000                PROVIDE (_ebase_address = 0x9d005000)
                0x00000000bd004000                _RESET_ADDR = 0xbd004000
                0x000000009d005180                _GEN_EXCPT_ADDR = (_ebase_address + 0x180)

.app_signature  0x000000009d005000        0x4
 *(.app_signature)
 .app_signature
                0x000000009d005000        0x4 build/default/production/_ext/1360937237/app.o
                0x000000009d005000                app_signature
                0x000000009d005004                . = ALIGN (0x4)

.app_name       0x000000009d005020        0x8
 *(.app_name)
 .app_name      0x000000009d005020        0x8 build/default/production/_ext/1360937237/app.o
                0x000000009d005020                app_name
                0x000000009d005028                . = ALIGN (0x4)

.app_version    0x000000009d005040        0x8
 *(.app_version)
 .app_version   0x000000009d005040        0x8 build/default/production/_ext/1360937237/app.o
                0x000000009d005040                app_version
                0x000000009d005048                . = ALIGN (0x4)

.trigger_pattern
                0x00000000a0000000        0x4
 *(.trigger_pattern)
 .trigger_pattern
                0x00000000a0000000        0x4 build/default/production/_ext/1360937237/app.o
                0x00000000a0000000                trigger_pattern

.reset          0x00000000bd004000      0x170
 *(.reset)
 .reset         0x00000000bd004000        0x8 /tmp/ccE2iPg8.o
                0x00000000bd004000                _reset
 *(.reset.startup)
 .reset.startup
                0x00000000bd004008      0x168 /tmp/ccE2iPg8.o
                0x00000000bd004008                _startup

.app_excpt      0x000000009d005180       0x10
 *(.gen_handler)
 .gen_handler   0x000000009d005180       0x10 /tmp/ccE2iPg8.o

.vector_0       0x000000009d005200       0x10
 *(.vector_0)
 .vector_0      0x000000009d005200       0x10 build/default/production/_ext/1171490990/interrupts_a.o
                0x000000009d005200                __vector_dispatch_0
                0x0000000000000001                ASSERT (((_vector_spacing == 0x0) || (SIZEOF (.vector_0) <= (_vector_spacing << 0x5))), function at exception vector 0 too large)

.vector_1       0x000000009d005220        0x8
 *(.vector_1)
 .vector_1      0x000000009d005220        0x8 build/default/production/_ext/951553248/port.o
                0x000000009d005220                __vector_dispatch_1
                0x0000000000000001                ASSERT (((_vector_spacing == 0x0) || (SIZEOF (.vector_1) <= (_vector_spacing << 0x5))), function at exception vector 1 too large)

.vector_2       0x000000009d005240        0x8
 *(.vector_2)
 .vector_2      0x000000009d005240        0x8 /opt/microchip/xc32/v4.60/bin/bin/../../lib/gcc/pic32mx/8.3.1/../../../../pic32mx/lib/libpic32.a(vector2.o)
                0x000000009d005240                __vector_dispatch_2
                0x0000000000000001                ASSERT (((_vector_spacing == 0x0) || (SIZEOF (.vector_2) <= (_vector_spacing << 0x5))), function at exception vector 2 too large)

.vector_3       0x000000009d005260        0x8
 *(.vector_3)
 .vector_3      0x000000009d005260        0x8 /opt/microchip/xc32/v4.60/bin/bin/../../lib/gcc/pic32mx/8.3.1/../../../../pic32mx/lib/libpic32.a(vector3.o)
                0x000000009d005260                __vector_dispatch_3
                0x0000000000000001                ASSERT (((_vector_spacing == 0x0) || (SIZEOF (.vector_3) <= (_vector_spacing << 0x5))), function at exception vector 3 too large)

.vector_4       0x000000009d005280        0x8
 *(.vector_4)
 .vector_4      0x000000009d005280        0x8 build/default/production/_ext/951553248/port.o
                0x000000009d005280                __vector_dispatch_4
                0x0000000000000001                ASSERT (((_vector_spacing == 0x0) || (SIZEOF (.vector_4) <= (_vector_spacing << 0x5))), function at exception vector 4 too large)

.vector_5       0x000000009d0052a0        0x8
 *(.vector_5)
 .vector_5      0x000000009d0052a0        0x8 /opt/microchip/xc32/v4.60/bin/bin/../../lib/gcc/pic32mx/8.3.1/../../../../pic32mx/lib/libpic32.a(vector5.o)
                0x000000009d0052a0                __vector_dispatch_5
                0x0000000000000001                ASSERT (((_vector_spacing == 0x0) || (SIZEOF (.vector_5) <= (_vector_spacing << 0x5))), function at exception vector 5 too large)

.vector_6       0x000000009d0052c0        0x8
 *(.vector_6)
 .vector_6      0x000000009d0052c0        0x8 /opt/microchip/xc32/v4.60/bin/bin/../../lib/gcc/pic32mx/8.3.1/../../../../pic32mx/lib/libpic32.a(vector6.o)
                0x000000009d0052c0                __vector_dispatch_6
                0x0000000000000001                ASSERT (((_vector_spacing == 0x0) || (SIZEOF (.vector_6) <= (_vector_spacing << 0x5))), function at exception vector 6 too large)

.vector_7       0x000000009d0052e0        0x8
 *(.vector_7)
 .vector_7      0x000000009d0052e0        0x8 /opt/microchip/xc32/v4.60/bin/bin/../../lib/gcc/pic32mx/8.3.1/../../../../pic32mx/lib/libpic32.a(vector7.o)
                0x000000009d0052e0                __vector_dispatch_7
                0x0000000000000001                ASSERT (((_vector_spacing == 0x0) || (SIZEOF (.vector_7) <= (_vector_spacing << 0x5))), function at exception vector 7 too large)

.vector_8       0x000000009d005300        0x8
 *(.vector_8)
 .vector_8      0x000000009d005300        0x8 /opt/microchip/xc32/v4.60/bin/bin/../../lib/gcc/pic32mx/8.3.1/../../../../pic32mx/lib/libpic32.a(vector8.o)
                0x000000009d005300                __vector_dispatch_8
                0x0000000000000001                ASSERT (((_vector_spacing == 0x0) || (SIZEOF (.vector_8) <= (_vector_spacing << 0x5))), function at exception vector 8 too large)

.vector_9       0x000000009d005320        0x8
 *(.vector_9)
 .vector_9      0x000000009d005320        0x8 /opt/microchip/xc32/v4.60/bin/bin/../../lib/gcc/pic32mx/8.3.1/../../../../pic32mx/lib/libpic32.a(vector9.o)
                0x000000009d005320                __vector_dispatch_9
                0x0000000000000001                ASSERT (((_vector_spacing == 0x0) || (SIZEOF (.vector_9) <= (_vector_spacing << 0x5))), function at exception vector 9 too large)

.vector_10      0x000000009d005340        0x8
 *(.vector_10)
 .vector_10     0x000000009d005340        0x8 /opt/microchip/xc32/v4.60/bin/bin/../../lib/gcc/pic32mx/8.3.1/../../../../pic32mx/lib/libpic32.a(vector10.o)
                0x000000009d005340                __vector_dispatch_10
                0x0000000000000001                ASSERT (((_vector_spacing == 0x0) || (SIZEOF (.vector_10) <= (_vector_spacing << 0x5))), function at exception vector 10 too large)

.vector_11      0x000000009d005360        0x8
 *(.vector_11)
 .vector_11     0x000000009d005360        0x8 /opt/microchip/xc32/v4.60/bin/bin/../../lib/gcc/pic32mx/8.3.1/../../../../pic32mx/lib/libpic32.a(vector11.o)
                0x000000009d005360                __vector_dispatch_11
                0x0000000000000001                ASSERT (((_vector_spacing == 0x0) || (SIZEOF (.vector_11) <= (_vector_spacing << 0x5))), function at exception vector 11 too large)

.vector_12      0x000000009d005380        0x8
 *(.vector_12)
 .vector_12     0x000000009d005380        0x8 /opt/microchip/xc32/v4.60/bin/bin/../../lib/gcc/pic32mx/8.3.1/../../../../pic32mx/lib/libpic32.a(vector12.o)
                0x000000009d005380                __vector_dispatch_12
                0x0000000000000001                ASSERT (((_vector_spacing == 0x0) || (SIZEOF (.vector_12) <= (_vector_spacing << 0x5))), function at exception vector 12 too large)

.vector_13      0x000000009d0053a0        0x8
 *(.vector_13)
 .vector_13     0x000000009d0053a0        0x8 /opt/microchip/xc32/v4.60/bin/bin/../../lib/gcc/pic32mx/8.3.1/../../../../pic32mx/lib/libpic32.a(vector13.o)
                0x000000009d0053a0                __vector_dispatch_13
                0x0000000000000001                ASSERT (((_vector_spacing == 0x0) || (SIZEOF (.vector_13) <= (_vector_spacing << 0x5))), function at exception vector 13 too large)

.vector_14      0x000000009d0053c0        0x8
 *(.vector_14)
 .vector_14     0x000000009d0053c0        0x8 /opt/microchip/xc32/v4.60/bin/bin/../../lib/gcc/pic32mx/8.3.1/../../../../pic32mx/lib/libpic32.a(vector14.o)
                0x000000009d0053c0                __vector_dispatch_14
                0x0000000000000001                ASSERT (((_vector_spacing == 0x0) || (SIZEOF (.vector_14) <= (_vector_spacing << 0x5))), function at exception vector 14 too large)

.vector_15      0x000000009d0053e0        0x8
 *(.vector_15)
 .vector_15     0x000000009d0053e0        0x8 /opt/microchip/xc32/v4.60/bin/bin/../../lib/gcc/pic32mx/8.3.1/../../../../pic32mx/lib/libpic32.a(vector15.o)
                0x000000009d0053e0                __vector_dispatch_15
                0x0000000000000001                ASSERT (((_vector_spacing == 0x0) || (SIZEOF (.vector_15) <= (_vector_spacing << 0x5))), function at exception vector 15 too large)

.vector_16      0x000000009d005400        0x8
 *(.vector_16)
 .vector_16     0x000000009d005400        0x8 /opt/microchip/xc32/v4.60/bin/bin/../../lib/gcc/pic32mx/8.3.1/../../../../pic32mx/lib/libpic32.a(vector16.o)
                0x000000009d005400                __vector_dispatch_16
                0x0000000000000001                ASSERT (((_vector_spacing == 0x0) || (SIZEOF (.vector_16) <= (_vector_spacing << 0x5))), function at exception vector 16 too large)

.vector_17      0x000000009d005420        0x8
 *(.vector_17)
 .vector_17     0x000000009d005420        0x8 /opt/microchip/xc32/v4.60/bin/bin/../../lib/gcc/pic32mx/8.3.1/../../../../pic32mx/lib/libpic32.a(vector17.o)
                0x000000009d005420                __vector_dispatch_17
                0x0000000000000001                ASSERT (((_vector_spacing == 0x0) || (SIZEOF (.vector_17) <= (_vector_spacing << 0x5))), function at exception vector 17 too large)

.vector_18      0x000000009d005440        0x8
 *(.vector_18)
 .vector_18     0x000000009d005440        0x8 /opt/microchip/xc32/v4.60/bin/bin/../../lib/gcc/pic32mx/8.3.1/../../../../pic32mx/lib/libpic32.a(vector18.o)
                0x000000009d005440                __vector_dispatch_18
                0x0000000000000001                ASSERT (((_vector_spacing == 0x0) || (SIZEOF (.vector_18) <= (_vector_spacing << 0x5))), function at exception vector 18 too large)

.vector_19      0x000000009d005460        0x8
 *(.vector_19)
 .vector_19     0x000000009d005460        0x8 /opt/microchip/xc32/v4.60/bin/bin/../../lib/gcc/pic32mx/8.3.1/../../../../pic32mx/lib/libpic32.a(vector19.o)
                0x000000009d005460                __vector_dispatch_19
                0x0000000000000001                ASSERT (((_vector_spacing == 0x0) || (SIZEOF (.vector_19) <= (_vector_spacing << 0x5))), function at exception vector 19 too large)

.vector_20      0x000000009d005480        0x8
 *(.vector_20)
 .vector_20     0x000000009d005480        0x8 /opt/microchip/xc32/v4.60/bin/bin/../../lib/gcc/pic32mx/8.3.1/../../../../pic32mx/lib/libpic32.a(vector20.o)
                0x000000009d005480                __vector_dispatch_20
                0x0000000000000001                ASSERT (((_vector_spacing == 0x0) || (SIZEOF (.vector_20) <= (_vector_spacing << 0x5))), function at exception vector 20 too large)

.vector_21      0x000000009d0054a0        0x8
 *(.vector_21)
 .vector_21     0x000000009d0054a0        0x8 /opt/microchip/xc32/v4.60/bin/bin/../../lib/gcc/pic32mx/8.3.1/../../../../pic32mx/lib/libpic32.a(vector21.o)
                0x000000009d0054a0                __vector_dispatch_21
                0x0000000000000001                ASSERT (((_vector_spacing == 0x0) || (SIZEOF (.vector_21) <= (_vector_spacing << 0x5))), function at exception vector 21 too large)

.vector_22      0x000000009d0054c0        0x8
 *(.vector_22)
 .vector_22     0x000000009d0054c0        0x8 /opt/microchip/xc32/v4.60/bin/bin/../../lib/gcc/pic32mx/8.3.1/../../../../pic32mx/lib/libpic32.a(vector22.o)
                0x000000009d0054c0                __vector_dispatch_22
                0x0000000000000001                ASSERT (((_vector_spacing == 0x0) || (SIZEOF (.vector_22) <= (_vector_spacing << 0x5))), function at exception vector 22 too large)

.vector_23      0x000000009d0054e0        0x8
 *(.vector_23)
 .vector_23     0x000000009d0054e0        0x8 /opt/microchip/xc32/v4.60/bin/bin/../../lib/gcc/pic32mx/8.3.1/../../../../pic32mx/lib/libpic32.a(vector23.o)
                0x000000009d0054e0                __vector_dispatch_23
                0x0000000000000001                ASSERT (((_vector_spacing == 0x0) || (SIZEOF (.vector_23) <= (_vector_spacing << 0x5))), function at exception vector 23 too large)

.vector_24      0x000000009d005500        0x8
 *(.vector_24)
 .vector_24     0x000000009d005500        0x8 /opt/microchip/xc32/v4.60/bin/bin/../../lib/gcc/pic32mx/8.3.1/../../../../pic32mx/lib/libpic32.a(vector24.o)
                0x000000009d005500                __vector_dispatch_24
                0x0000000000000001                ASSERT (((_vector_spacing == 0x0) || (SIZEOF (.vector_24) <= (_vector_spacing << 0x5))), function at exception vector 24 too large)

.vector_25      0x000000009d005520        0x8
 *(.vector_25)
 .vector_25     0x000000009d005520        0x8 /opt/microchip/xc32/v4.60/bin/bin/../../lib/gcc/pic32mx/8.3.1/../../../../pic32mx/lib/libpic32.a(vector25.o)
                0x000000009d005520                __vector_dispatch_25
                0x0000000000000001                ASSERT (((_vector_spacing == 0x0) || (SIZEOF (.vector_25) <= (_vector_spacing << 0x5))), function at exception vector 25 too large)

.vector_26      0x000000009d005540        0x8
 *(.vector_26)
 .vector_26     0x000000009d005540        0x8 /opt/microchip/xc32/v4.60/bin/bin/../../lib/gcc/pic32mx/8.3.1/../../../../pic32mx/lib/libpic32.a(vector26.o)
                0x000000009d005540                __vector_dispatch_26
                0x0000000000000001                ASSERT (((_vector_spacing == 0x0) || (SIZEOF (.vector_26) <= (_vector_spacing << 0x5))), function at exception vector 26 too large)

.vector_27      0x000000009d005560        0x8
 *(.vector_27)
 .vector_27     0x000000009d005560        0x8 /opt/microchip/xc32/v4.60/bin/bin/../../lib/gcc/pic32mx/8.3.1/../../../../pic32mx/lib/libpic32.a(vector27.o)
                0x000000009d005560                __vector_dispatch_27
                0x0000000000000001                ASSERT (((_vector_spacing == 0x0) || (SIZEOF (.vector_27) <= (_vector_spacing << 0x5))), function at exception vector 27 too large)

.vector_28      0x000000009d005580        0x8
 *(.vector_28)
 .vector_28     0x000000009d005580        0x8 /opt/microchip/xc32/v4.60/bin/bin/../../lib/gcc/pic32mx/8.3.1/../../../../pic32mx/lib/libpic32.a(vector28.o)
                0x000000009d005580                __vector_dispatch_28
                0x0000000000000001                ASSERT (((_vector_spacing == 0x0) || (SIZEOF (.vector_28) <= (_vector_spacing << 0x5))), function at exception vector 28 too large)

.vector_29      0x000000009d0055a0        0x8
 *(.vector_29)
 .vector_29     0x000000009d0055a0        0x8 /opt/microchip/xc32/v4.60/bin/bin/../../lib/gcc/pic32mx/8.3.1/../../../../pic32mx/lib/libpic32.a(vector29.o)
                0x000000009d0055a0                __vector_dispatch_29
                0x0000000000000001                ASSERT (((_vector_spacing == 0x0) || (SIZEOF (.vector_29) <= (_vector_spacing << 0x5))), function at exception vector 29 too large)

.vector_30      0x000000009d0055c0        0x8
 *(.vector_30)
 .vector_30     0x000000009d0055c0        0x8 /opt/microchip/xc32/v4.60/bin/bin/../../lib/gcc/pic32mx/8.3.1/../../../../pic32mx/lib/libpic32.a(vector30.o)
                0x000000009d0055c0                __vector_dispatch_30
                0x0000000000000001                ASSERT (((_vector_spacing == 0x0) || (SIZEOF (.vector_30) <= (_vector_spacing << 0x5))), function at exception vector 30 too large)

.vector_31      0x000000009d0055e0       0x10
 *(.vector_31)
 .vector_31     0x000000009d0055e0       0x10 build/default/production/_ext/1171490990/interrupts_a.o
                0x000000009d0055e0                __vector_dispatch_31
                0x0000000000000001                ASSERT (((_vector_spacing == 0x0) || (SIZEOF (.vector_31) <= (_vector_spacing << 0x5))), function at exception vector 31 too large)

.vector_32      0x000000009d005600       0x10
 *(.vector_32)
 .vector_32     0x000000009d005600       0x10 build/default/production/_ext/1171490990/interrupts_a.o
                0x000000009d005600                __vector_dispatch_32
                0x0000000000000001                ASSERT (((_vector_spacing == 0x0) || (SIZEOF (.vector_32) <= (_vector_spacing << 0x5))), function at exception vector 32 too large)

.vector_33      0x000000009d005620        0x8
 *(.vector_33)
 .vector_33     0x000000009d005620        0x8 /opt/microchip/xc32/v4.60/bin/bin/../../lib/gcc/pic32mx/8.3.1/../../../../pic32mx/lib/libpic32.a(vector33.o)
                0x000000009d005620                __vector_dispatch_33
                0x0000000000000001                ASSERT (((_vector_spacing == 0x0) || (SIZEOF (.vector_33) <= (_vector_spacing << 0x5))), function at exception vector 33 too large)

.vector_34      0x000000009d005640        0x8
 *(.vector_34)
 .vector_34     0x000000009d005640        0x8 /opt/microchip/xc32/v4.60/bin/bin/../../lib/gcc/pic32mx/8.3.1/../../../../pic32mx/lib/libpic32.a(vector34.o)
                0x000000009d005640                __vector_dispatch_34
                0x0000000000000001                ASSERT (((_vector_spacing == 0x0) || (SIZEOF (.vector_34) <= (_vector_spacing << 0x5))), function at exception vector 34 too large)

.vector_35      0x000000009d005660        0x8
 *(.vector_35)
 .vector_35     0x000000009d005660        0x8 /opt/microchip/xc32/v4.60/bin/bin/../../lib/gcc/pic32mx/8.3.1/../../../../pic32mx/lib/libpic32.a(vector35.o)
                0x000000009d005660                __vector_dispatch_35
                0x0000000000000001                ASSERT (((_vector_spacing == 0x0) || (SIZEOF (.vector_35) <= (_vector_spacing << 0x5))), function at exception vector 35 too large)

.vector_36      0x000000009d005680        0x8
 *(.vector_36)
 .vector_36     0x000000009d005680        0x8 /opt/microchip/xc32/v4.60/bin/bin/../../lib/gcc/pic32mx/8.3.1/../../../../pic32mx/lib/libpic32.a(vector36.o)
                0x000000009d005680                __vector_dispatch_36
                0x0000000000000001                ASSERT (((_vector_spacing == 0x0) || (SIZEOF (.vector_36) <= (_vector_spacing << 0x5))), function at exception vector 36 too large)

.vector_37      0x000000009d0056a0        0x8
 *(.vector_37)
 .vector_37     0x000000009d0056a0        0x8 /opt/microchip/xc32/v4.60/bin/bin/../../lib/gcc/pic32mx/8.3.1/../../../../pic32mx/lib/libpic32.a(vector37.o)
                0x000000009d0056a0                __vector_dispatch_37
                0x0000000000000001                ASSERT (((_vector_spacing == 0x0) || (SIZEOF (.vector_37) <= (_vector_spacing << 0x5))), function at exception vector 37 too large)

.vector_38      0x000000009d0056c0        0x8
 *(.vector_38)
 .vector_38     0x000000009d0056c0        0x8 /opt/microchip/xc32/v4.60/bin/bin/../../lib/gcc/pic32mx/8.3.1/../../../../pic32mx/lib/libpic32.a(vector38.o)
                0x000000009d0056c0                __vector_dispatch_38
                0x0000000000000001                ASSERT (((_vector_spacing == 0x0) || (SIZEOF (.vector_38) <= (_vector_spacing << 0x5))), function at exception vector 38 too large)

.vector_39      0x000000009d0056e0        0x8
 *(.vector_39)
 .vector_39     0x000000009d0056e0        0x8 /opt/microchip/xc32/v4.60/bin/bin/../../lib/gcc/pic32mx/8.3.1/../../../../pic32mx/lib/libpic32.a(vector39.o)
                0x000000009d0056e0                __vector_dispatch_39
                0x0000000000000001                ASSERT (((_vector_spacing == 0x0) || (SIZEOF (.vector_39) <= (_vector_spacing << 0x5))), function at exception vector 39 too large)

.vector_40      0x000000009d005700        0x8
 *(.vector_40)
 .vector_40     0x000000009d005700        0x8 /opt/microchip/xc32/v4.60/bin/bin/../../lib/gcc/pic32mx/8.3.1/../../../../pic32mx/lib/libpic32.a(vector40.o)
                0x000000009d005700                __vector_dispatch_40
                0x0000000000000001                ASSERT (((_vector_spacing == 0x0) || (SIZEOF (.vector_40) <= (_vector_spacing << 0x5))), function at exception vector 40 too large)

.vector_41      0x000000009d005720        0x8
 *(.vector_41)
 .vector_41     0x000000009d005720        0x8 /opt/microchip/xc32/v4.60/bin/bin/../../lib/gcc/pic32mx/8.3.1/../../../../pic32mx/lib/libpic32.a(vector41.o)
                0x000000009d005720                __vector_dispatch_41
                0x0000000000000001                ASSERT (((_vector_spacing == 0x0) || (SIZEOF (.vector_41) <= (_vector_spacing << 0x5))), function at exception vector 41 too large)

.vector_42      0x000000009d005740        0x8
 *(.vector_42)
 .vector_42     0x000000009d005740        0x8 /opt/microchip/xc32/v4.60/bin/bin/../../lib/gcc/pic32mx/8.3.1/../../../../pic32mx/lib/libpic32.a(vector42.o)
                0x000000009d005740                __vector_dispatch_42
                0x0000000000000001                ASSERT (((_vector_spacing == 0x0) || (SIZEOF (.vector_42) <= (_vector_spacing << 0x5))), function at exception vector 42 too large)

.vector_43      0x000000009d005760        0x8
 *(.vector_43)
 .vector_43     0x000000009d005760        0x8 /opt/microchip/xc32/v4.60/bin/bin/../../lib/gcc/pic32mx/8.3.1/../../../../pic32mx/lib/libpic32.a(vector43.o)
                0x000000009d005760                __vector_dispatch_43
                0x0000000000000001                ASSERT (((_vector_spacing == 0x0) || (SIZEOF (.vector_43) <= (_vector_spacing << 0x5))), function at exception vector 43 too large)

.vector_44      0x000000009d005780       0x10
 *(.vector_44)
 .vector_44     0x000000009d005780       0x10 build/default/production/_ext/1171490990/interrupts_a.o
                0x000000009d005780                __vector_dispatch_44
                0x0000000000000001                ASSERT (((_vector_spacing == 0x0) || (SIZEOF (.vector_44) <= (_vector_spacing << 0x5))), function at exception vector 44 too large)

.vector_45      0x000000009d0057a0        0x8
 *(.vector_45)
 .vector_45     0x000000009d0057a0        0x8 /opt/microchip/xc32/v4.60/bin/bin/../../lib/gcc/pic32mx/8.3.1/../../../../pic32mx/lib/libpic32.a(vector45.o)
                0x000000009d0057a0                __vector_dispatch_45
                0x0000000000000001                ASSERT (((_vector_spacing == 0x0) || (SIZEOF (.vector_45) <= (_vector_spacing << 0x5))), function at exception vector 45 too large)

.vector_46      0x000000009d0057c0        0x8
 *(.vector_46)
 .vector_46     0x000000009d0057c0        0x8 /opt/microchip/xc32/v4.60/bin/bin/../../lib/gcc/pic32mx/8.3.1/../../../../pic32mx/lib/libpic32.a(vector46.o)
                0x000000009d0057c0                __vector_dispatch_46
                0x0000000000000001                ASSERT (((_vector_spacing == 0x0) || (SIZEOF (.vector_46) <= (_vector_spacing << 0x5))), function at exception vector 46 too large)

.vector_47      0x000000009d0057e0        0x8
 *(.vector_47)
 .vector_47     0x000000009d0057e0        0x8 /opt/microchip/xc32/v4.60/bin/bin/../../lib/gcc/pic32mx/8.3.1/../../../../pic32mx/lib/libpic32.a(vector47.o)
                0x000000009d0057e0                __vector_dispatch_47
                0x0000000000000001                ASSERT (((_vector_spacing == 0x0) || (SIZEOF (.vector_47) <= (_vector_spacing << 0x5))), function at exception vector 47 too large)

.vector_48      0x000000009d005800       0x10
 *(.vector_48)
 .vector_48     0x000000009d005800       0x10 build/default/production/_ext/1171490990/interrupts_a.o
                0x000000009d005800                __vector_dispatch_48
                0x0000000000000001                ASSERT (((_vector_spacing == 0x0) || (SIZEOF (.vector_48) <= (_vector_spacing << 0x5))), function at exception vector 48 too large)

.vector_49      0x000000009d005820        0x8
 *(.vector_49)
 .vector_49     0x000000009d005820        0x8 /opt/microchip/xc32/v4.60/bin/bin/../../lib/gcc/pic32mx/8.3.1/../../../../pic32mx/lib/libpic32.a(vector49.o)
                0x000000009d005820                __vector_dispatch_49
                0x0000000000000001                ASSERT (((_vector_spacing == 0x0) || (SIZEOF (.vector_49) <= (_vector_spacing << 0x5))), function at exception vector 49 too large)

.vector_50      0x000000009d005840        0x8
 *(.vector_50)
 .vector_50     0x000000009d005840        0x8 /opt/microchip/xc32/v4.60/bin/bin/../../lib/gcc/pic32mx/8.3.1/../../../../pic32mx/lib/libpic32.a(vector50.o)
                0x000000009d005840                __vector_dispatch_50
                0x0000000000000001                ASSERT (((_vector_spacing == 0x0) || (SIZEOF (.vector_50) <= (_vector_spacing << 0x5))), function at exception vector 50 too large)

.vector_51      0x000000009d005860        0x8
 *(.vector_51)
 .vector_51     0x000000009d005860        0x8 /opt/microchip/xc32/v4.60/bin/bin/../../lib/gcc/pic32mx/8.3.1/../../../../pic32mx/lib/libpic32.a(vector51.o)
                0x000000009d005860                __vector_dispatch_51
                0x0000000000000001                ASSERT (((_vector_spacing == 0x0) || (SIZEOF (.vector_51) <= (_vector_spacing << 0x5))), function at exception vector 51 too large)

.vector_52      0x000000009d005880        0x0
 *(.vector_52)
                0x0000000000000001                ASSERT (((_vector_spacing == 0x0) || (SIZEOF (.vector_52) <= (_vector_spacing << 0x5))), function at exception vector 52 too large)

.vector_53      0x000000009d0058a0        0x0
 *(.vector_53)
                0x0000000000000001                ASSERT (((_vector_spacing == 0x0) || (SIZEOF (.vector_53) <= (_vector_spacing << 0x5))), function at exception vector 53 too large)

.vector_54      0x000000009d0058c0        0x0
 *(.vector_54)
                0x0000000000000001                ASSERT (((_vector_spacing == 0x0) || (SIZEOF (.vector_54) <= (_vector_spacing << 0x5))), function at exception vector 54 too large)

.vector_55      0x000000009d0058e0        0x0
 *(.vector_55)
                0x0000000000000001                ASSERT (((_vector_spacing == 0x0) || (SIZEOF (.vector_55) <= (_vector_spacing << 0x5))), function at exception vector 55 too large)

.vector_56      0x000000009d005900        0x0
 *(.vector_56)
                0x0000000000000001                ASSERT (((_vector_spacing == 0x0) || (SIZEOF (.vector_56) <= (_vector_spacing << 0x5))), function at exception vector 56 too large)

.vector_57      0x000000009d005920        0x0
 *(.vector_57)
                0x0000000000000001                ASSERT (((_vector_spacing == 0x0) || (SIZEOF (.vector_57) <= (_vector_spacing << 0x5))), function at exception vector 57 too large)

.vector_58      0x000000009d005940        0x0
 *(.vector_58)
                0x0000000000000001                ASSERT (((_vector_spacing == 0x0) || (SIZEOF (.vector_58) <= (_vector_spacing << 0x5))), function at exception vector 58 too large)

.vector_59      0x000000009d005960        0x0
 *(.vector_59)
                0x0000000000000001                ASSERT (((_vector_spacing == 0x0) || (SIZEOF (.vector_59) <= (_vector_spacing << 0x5))), function at exception vector 59 too large)

.vector_60      0x000000009d005980        0x0
 *(.vector_60)
                0x0000000000000001                ASSERT (((_vector_spacing == 0x0) || (SIZEOF (.vector_60) <= (_vector_spacing << 0x5))), function at exception vector 60 too large)

.vector_61      0x000000009d0059a0        0x0
 *(.vector_61)
                0x0000000000000001                ASSERT (((_vector_spacing == 0x0) || (SIZEOF (.vector_61) <= (_vector_spacing << 0x5))), function at exception vector 61 too large)

.vector_62      0x000000009d0059c0        0x0
 *(.vector_62)
                0x0000000000000001                ASSERT (((_vector_spacing == 0x0) || (SIZEOF (.vector_62) <= (_vector_spacing << 0x5))), function at exception vector 62 too large)

.vector_63      0x000000009d0059e0        0x0
 *(.vector_63)
                0x0000000000000001                ASSERT (((_vector_spacing == 0x0) || (SIZEOF (.vector_63) <= (_vector_spacing << 0x5))), function at exception vector 63 too large)

.text           0x000000009d005868        0x0
 *(.stub .gnu.linkonce.t.*)
 *(.text.*personality*)
 *(.mips16.fn.*)
 *(.mips16.call.*)
 *(.gnu.warning)
                0x000000009d005868                . = ALIGN (0x4)

.init           0x000000009d005868        0x0
 *crti.o(.init)
 *crtbegin.o(.init)
 *(EXCLUDE_FILE(*crtn.o *crtend?.o *crtend.o) .init)
 *crtend.o(.init)
 *crtn.o(.init)
                0x000000009d005868                . = ALIGN (0x4)

.fini           0x000000009d005868        0x0
 *(.fini)
                0x000000009d005868                . = ALIGN (0x4)

.preinit_array  0x000000009d005868        0x0
                [!provide]                        PROVIDE (__preinit_array_start = .)
 *(.preinit_array)
                [!provide]                        PROVIDE (__preinit_array_end = .)
                0x000000009d005868                . = ALIGN (0x4)

.init_array     0x000000009d005868        0x0
                [!provide]                        PROVIDE (__init_array_start = .)
 *(SORT_BY_NAME(.init_array.*))
 *(.init_array)
                [!provide]                        PROVIDE (__init_array_end = .)
                0x000000009d005868                . = ALIGN (0x4)

.fini_array     0x000000009d005868        0x0
                [!provide]                        PROVIDE (__fini_array_start = .)
 *(SORT_BY_NAME(.fini_array.*))
 *(.fini_array)
                [!provide]                        PROVIDE (__fini_array_end = .)
                0x000000009d005868                . = ALIGN (0x4)

.ctors          0x000000009d005868        0x0
 *crtbegin.o(.ctors)
 *crtbegin?.o(.ctors)
 *(EXCLUDE_FILE(*crtend?.o *crtend.o) .ctors)
 *(SORT_BY_NAME(.ctors.*))
 *(.ctors)
                0x000000009d005868                . = ALIGN (0x4)

.dtors          0x000000009d005868        0x0
 *crtbegin.o(.dtors)
 *crtbegin?.o(.dtors)
 *(EXCLUDE_FILE(*crtend?.o *crtend.o) .dtors)
 *(SORT_BY_NAME(.dtors.*))
 *(.dtors)
                0x000000009d005868                . = ALIGN (0x4)

.rodata         0x000000009d005868        0x0
 *(.gnu.linkonce.r.*)
 *(.rodata1)
                0x000000009d005868                . = ALIGN (0x4)

.sdata2         0x000000009d005868        0x0
 *(.sdata2 .sdata2.* .gnu.linkonce.s2.*)
                0x000000009d005868                . = ALIGN (0x4)

.sbss2          0x000000009d005868        0x0
 *(.sbss2 .sbss2.* .gnu.linkonce.sb2.*)
                0x000000009d005868                . = ALIGN (0x4)

.eh_frame_hdr
 *(.eh_frame_hdr)
                0x000000009d005868                . = ALIGN (0x4)

.eh_frame
 *(.eh_frame)
                0x000000009d005868                . = ALIGN (0x4)

.gcc_except_table
 *(.gcc_except_table .gcc_except_table.*)
                0x000000009d005868                . = ALIGN (0x4)

.dbg_data       0x00000000a0000004        0x0
                0x00000000a0000004                . = (. + DEFINED (_DEBUGGER)?0x200:0x0)

.jcr            0x00000000a0000004        0x0
 *(.jcr)
                0x00000000a0000004                . = ALIGN (0x4)

.eh_frame
 *(.eh_frame)
                0x00000000a0000004                . = ALIGN (0x4)

.gcc_except_table
 *(.gcc_except_table .gcc_except_table.*)
                0x00000000a0000004                . = ALIGN (0x4)

.persist        0x00000000a0000004        0x0
                0x00000000a0000004                _persist_begin = .
 *(.persist .persist.*)
                0x00000000a0000004                . = ALIGN (0x4)
                0x00000000a0000004                _persist_end = .

.data           0x00000000a0000004        0x0
 *(.gnu.linkonce.d.*)
 *(.data1)
                0x00000000a0000004                . = ALIGN (0x4)
                0x00000000a0000004                . = .
                0x00000000a0008000                _gp = (ALIGN (0x10) + 0x7ff0)

.got            0x00000000a0000004        0x0
 *(.got.plt)
 *(.got)
                0x00000000a0000004                . = ALIGN (0x4)

.sdata          0x00000000a0000004       0x24
                0x00000000a0000004                _sdata_begin = .
 *(.sdata .sdata.* .gnu.linkonce.s.*)
 .sdata         0x00000000a0000004        0x6 build/default/production/_ext/1033058136/arp.o
 *fill*         0x00000000a000000a        0x2 
 .sdata         0x00000000a000000c        0x4 build/default/production/_ext/1033058136/tcpip_manager.o
 .sdata         0x00000000a0000010        0x2 build/default/production/_ext/101884895/sys_time.o
 *fill*         0x00000000a0000012        0x2 
 .sdata         0x00000000a0000014        0x4 build/default/production/_ext/951553248/port.o
                0x00000000a0000014                uxInterruptNesting
 .sdata         0x00000000a0000018        0x4 build/default/production/_ext/1358156373/network.o
                0x00000000a0000018                network_ns
 .sdata         0x00000000a000001c        0x1 build/default/production/_ext/1360937237/app.o
                0x00000000a000001c                led_stat_period
 *fill*         0x00000000a000001d        0x3 
 .sdata         0x00000000a0000020        0x4 build/default/production/_ext/1360937237/flash.o
 .sdata         0x00000000a0000024        0x4 build/default/production/_ext/1360937237/spi_coordinator.o
                0x00000000a0000028                . = ALIGN (0x4)
                0x00000000a0000028                _sdata_end = .

.lit8
 *(.lit8)

.lit4
 *(.lit4)
                0x00000000a0000028                . = ALIGN (0x4)
                0x00000000a0000028                _data_end = .
                0x00000000a0000028                _bss_begin = .

.sbss           0x00000000a0000028      0x1c0
                0x00000000a0000028                _sbss_begin = .
 *(.dynsbss)
 *(.sbss .sbss.* .gnu.linkonce.sb.*)
 .sbss          0x00000000a0000028        0x4 build/default/production/_ext/732082881/drv_ethmac.o
 .sbss          0x00000000a000002c        0x8 build/default/production/_ext/444070925/drv_ethphy.o
 .sbss          0x00000000a0000034        0x8 build/default/production/_ext/438849557/drv_miim.o
 .sbss          0x00000000a000003c       0x10 build/default/production/_ext/538277063/drv_sst26.o
 .sbss          0x00000000a000004c       0x1c build/default/production/_ext/1033058136/dhcp.o
 .sbss          0x00000000a0000068       0x22 build/default/production/_ext/1033058136/ipv4.o
 *fill*         0x00000000a000008a        0x2 
 .sbss          0x00000000a000008c        0xc build/default/production/_ext/1033058136/tcpip_commands.o
 .sbss          0x00000000a0000098        0x4 build/default/production/_ext/1033058136/tcpip_packet.o
 .sbss          0x00000000a000009c       0x1c build/default/production/_ext/1033058136/udp.o
 .sbss          0x00000000a00000b8        0x8 build/default/production/_ext/1033058136/icmp.o
 .sbss          0x00000000a00000c0       0x38 build/default/production/_ext/1033058136/tcpip_manager.o
 .sbss          0x00000000a00000f8        0x8 build/default/production/_ext/1249264884/plib_coretimer.o
 .sbss          0x00000000a0000100       0x18 build/default/production/_ext/1376093119/sys_command.o
 .sbss          0x00000000a0000118        0x5 build/default/production/_ext/1832805299/sys_console.o
 *fill*         0x00000000a000011d        0x3 
 .sbss          0x00000000a0000120        0xc build/default/production/_ext/944882569/sys_debug.o
                0x00000000a0000120                gblErrLvl
 .sbss          0x00000000a000012c        0x8 build/default/production/_ext/753841488/sys_time_h2_adapter.o
 .sbss          0x00000000a0000134        0x4 build/default/production/_ext/1171490990/exceptions.o
 .sbss          0x00000000a0000138        0x8 build/default/production/_ext/1171490990/tasks.o
                0x00000000a0000138                xSYS_CMD_Tasks
                0x00000000a000013c                xAPP_Tasks
 .sbss          0x00000000a0000140       0x1c build/default/production/_ext/1665200909/heap_4.o
 .sbss          0x00000000a000015c        0x4 build/default/production/_ext/951553248/port.o
                0x00000000a000015c                uxSavedTaskStackPointer
 .sbss          0x00000000a0000160       0x3c build/default/production/_ext/404212886/FreeRTOS_tasks.o
                0x00000000a0000198                pxCurrentTCB
 .sbss          0x00000000a000019c        0x8 build/default/production/_ext/1360937237/app.o
                0x00000000a000019c                led_stat_counter
                0x00000000a00001a0                appData
 .sbss          0x00000000a00001a4       0x28 build/default/production/_ext/1360937237/ethernet.o
                0x00000000a00001a4                ethernet_services_initialized
                0x00000000a00001a8                broadcast_address
                0x00000000a00001ac                gateway
                0x00000000a00001b0                subnet_mask
                0x00000000a00001b4                ip_address
                0x00000000a00001b8                mac_addr
                0x00000000a00001be                link_up
                0x00000000a00001bf                is_ready
                0x00000000a00001c0                has_ip
                0x00000000a00001c1                is_stack_ready
                0x00000000a00001c4                packetHandlerHandle
                0x00000000a00001c8                netH
 .sbss          0x00000000a00001cc        0x2 build/default/production/_ext/1360937237/coap.o
 *fill*         0x00000000a00001ce        0x2 
 .sbss          0x00000000a00001d0        0x8 build/default/production/_ext/1360937237/cJSON.o
 .sbss          0x00000000a00001d8        0x1 build/default/production/_ext/1360937237/eeprom.o
 .sbss          0x00000000a00001d9        0x1 build/default/production/_ext/1360937237/flash.o
 *fill*         0x00000000a00001da        0x2 
 .sbss          0x00000000a00001dc        0x8 build/default/production/_ext/60176403/plib_nvm.o
 .sbss          0x00000000a00001e4        0x1 build/default/production/_ext/1360937237/spi_coordinator.o
 *(.scommon)
                0x00000000a00001e5                _sbss_end = .
                0x00000000a00001e8                . = ALIGN (0x4)
 *fill*         0x00000000a00001e5        0x3 

.bss            0x00000000a00001e8        0x0
 *(.dynbss)
 *(COMMON)
                0x00000000a00001e8                . = ALIGN ((. != 0x0)?0x4:0x1)
                0x00000000a00001e8                . = ALIGN (0x4)
                0x00000000a00001e8                _end = .
                0x00000000a00001e8                _bss_end = .
                0x000000000001fff0                _bmxdudba_address = LENGTH (kseg1_data_mem)
                0x000000000001fff0                _bmxdupba_address = LENGTH (kseg1_data_mem)

/DISCARD/
 *(.pdr)
 *(.rel.dyn)
 *(.note.GNU-stack)
 *(.note.GNU-stack)
 *(.gnu_debuglink)
 *(.gnu.lto_*)
 *(.discard)
 *(._debug_exception)
 *(.config_*)

.gptab.sdata
 *(.gptab.data)
 *(.gptab.sdata)

.gptab.sbss
 *(.gptab.bss)
 *(.gptab.sbss)

.mdebug.abi32   0x0000000000000000        0x0
 *(.mdebug.abi32)
 .mdebug.abi32  0x0000000000000000        0x0 build/default/production/_ext/732082881/drv_eth_pic32_lib.o
 .mdebug.abi32  0x0000000000000000        0x0 build/default/production/_ext/732082881/drv_ethmac.o
 .mdebug.abi32  0x0000000000000000        0x0 build/default/production/_ext/732082881/drv_ethmac_lib.o
 .mdebug.abi32  0x0000000000000000        0x0 build/default/production/_ext/444070925/drv_ethphy.o
 .mdebug.abi32  0x0000000000000000        0x0 build/default/production/_ext/444070925/drv_extphy_lan8720.o
 .mdebug.abi32  0x0000000000000000        0x0 build/default/production/_ext/438849557/drv_miim_pic32m.o
 .mdebug.abi32  0x0000000000000000        0x0 build/default/production/_ext/438849557/drv_miim.o
 .mdebug.abi32  0x0000000000000000        0x0 build/default/production/_ext/538277063/drv_sst26_spi_interface.o
 .mdebug.abi32  0x0000000000000000        0x0 build/default/production/_ext/538277063/drv_sst26.o
 .mdebug.abi32  0x0000000000000000        0x0 build/default/production/_ext/1033058136/helpers.o
 .mdebug.abi32  0x0000000000000000        0x0 build/default/production/_ext/1033058136/dhcp.o
 .mdebug.abi32  0x0000000000000000        0x0 build/default/production/_ext/1033058136/ipv4.o
 .mdebug.abi32  0x0000000000000000        0x0 build/default/production/_ext/1033058136/tcpip_commands.o
 .mdebug.abi32  0x0000000000000000        0x0 build/default/production/_ext/1033058136/tcpip_notify.o
 .mdebug.abi32  0x0000000000000000        0x0 build/default/production/_ext/1033058136/tcpip_helpers.o
 .mdebug.abi32  0x0000000000000000        0x0 build/default/production/_ext/1033058136/tcpip_packet.o
 .mdebug.abi32  0x0000000000000000        0x0 build/default/production/_ext/1033058136/oahash.o
 .mdebug.abi32  0x0000000000000000        0x0 build/default/production/_ext/1033058136/udp.o
 .mdebug.abi32  0x0000000000000000        0x0 build/default/production/_ext/1033058136/arp.o
 .mdebug.abi32  0x0000000000000000        0x0 build/default/production/_ext/1033058136/icmp.o
 .mdebug.abi32  0x0000000000000000        0x0 build/default/production/_ext/1033058136/tcpip_heap_internal.o
 .mdebug.abi32  0x0000000000000000        0x0 build/default/production/_ext/1033058136/hash_fnv.o
 .mdebug.abi32  0x0000000000000000        0x0 build/default/production/_ext/1033058136/dns.o
 .mdebug.abi32  0x0000000000000000        0x0 build/default/production/_ext/1033058136/tcpip_heap_alloc.o
 .mdebug.abi32  0x0000000000000000        0x0 build/default/production/_ext/1033058136/tcpip_manager.o
 .mdebug.abi32  0x0000000000000000        0x0 build/default/production/_ext/1529399856/osal_freertos.o
 .mdebug.abi32  0x0000000000000000        0x0 build/default/production/_ext/60165520/plib_clk.o
 .mdebug.abi32  0x0000000000000000        0x0 build/default/production/_ext/1249264884/plib_coretimer.o
 .mdebug.abi32  0x0000000000000000        0x0 build/default/production/_ext/1865200349/plib_evic.o
 .mdebug.abi32  0x0000000000000000        0x0 build/default/production/_ext/1865254177/plib_gpio.o
 .mdebug.abi32  0x0000000000000000        0x0 build/default/production/_ext/298189674/plib_spi2_master.o
 .mdebug.abi32  0x0000000000000000        0x0 build/default/production/_ext/1865657120/plib_uart2.o
 .mdebug.abi32  0x0000000000000000        0x0 build/default/production/_ext/1865657120/plib_uart1.o
 .mdebug.abi32  0x0000000000000000        0x0 build/default/production/_ext/163028504/xc32_monitor.o
 .mdebug.abi32  0x0000000000000000        0x0 build/default/production/_ext/1376093119/sys_command.o
 .mdebug.abi32  0x0000000000000000        0x0 build/default/production/_ext/1832805299/sys_console_uart.o
 .mdebug.abi32  0x0000000000000000        0x0 build/default/production/_ext/1832805299/sys_console.o
 .mdebug.abi32  0x0000000000000000        0x0 build/default/production/_ext/944882569/sys_debug.o
 .mdebug.abi32  0x0000000000000000        0x0 build/default/production/_ext/1881668453/sys_int.o
 .mdebug.abi32  0x0000000000000000        0x0 build/default/production/_ext/1000052432/sys_reset.o
 .mdebug.abi32  0x0000000000000000        0x0 build/default/production/_ext/101884895/sys_time.o
 .mdebug.abi32  0x0000000000000000        0x0 build/default/production/_ext/753841488/sys_time_h2_adapter.o
 .mdebug.abi32  0x0000000000000000        0x0 build/default/production/_ext/1171490990/initialization.o
 .mdebug.abi32  0x0000000000000000        0x0 build/default/production/_ext/1171490990/interrupts.o
 .mdebug.abi32  0x0000000000000000        0x0 build/default/production/_ext/1171490990/freertos_hooks.o
 .mdebug.abi32  0x0000000000000000        0x0 build/default/production/_ext/1171490990/exceptions.o
 .mdebug.abi32  0x0000000000000000        0x0 build/default/production/_ext/1171490990/tasks.o
 .mdebug.abi32  0x0000000000000000        0x0 build/default/production/_ext/1665200909/heap_4.o
 .mdebug.abi32  0x0000000000000000        0x0 build/default/production/_ext/951553248/port.o
 .mdebug.abi32  0x0000000000000000        0x0 build/default/production/_ext/404212886/FreeRTOS_tasks.o
 .mdebug.abi32  0x0000000000000000        0x0 build/default/production/_ext/404212886/event_groups.o
 .mdebug.abi32  0x0000000000000000        0x0 build/default/production/_ext/404212886/list.o
 .mdebug.abi32  0x0000000000000000        0x0 build/default/production/_ext/404212886/queue.o
 .mdebug.abi32  0x0000000000000000        0x0 build/default/production/_ext/404212886/stream_buffer.o
 .mdebug.abi32  0x0000000000000000        0x0 build/default/production/_ext/404212886/timers.o
 .mdebug.abi32  0x0000000000000000        0x0 build/default/production/_ext/404212886/croutine.o
 .mdebug.abi32  0x0000000000000000        0x0 build/default/production/_ext/1358156373/network.o
 .mdebug.abi32  0x0000000000000000        0x0 build/default/production/_ext/2146752828/cborencoder_float.o
 .mdebug.abi32  0x0000000000000000        0x0 build/default/production/_ext/2146752828/cborvalidation.o
 .mdebug.abi32  0x0000000000000000        0x0 build/default/production/_ext/2146752828/cborparser_float.o
 .mdebug.abi32  0x0000000000000000        0x0 build/default/production/_ext/2146752828/cborpretty_stdio.o
 .mdebug.abi32  0x0000000000000000        0x0 build/default/production/_ext/2146752828/cborencoder.o
 .mdebug.abi32  0x0000000000000000        0x0 build/default/production/_ext/2146752828/cborparser_dup_string.o
 .mdebug.abi32  0x0000000000000000        0x0 build/default/production/_ext/2146752828/cborpretty.o
 .mdebug.abi32  0x0000000000000000        0x0 build/default/production/_ext/2146752828/cborerrorstrings.o
 .mdebug.abi32  0x0000000000000000        0x0 build/default/production/_ext/2146752828/cborparser.o
 .mdebug.abi32  0x0000000000000000        0x0 build/default/production/_ext/2146752828/cborencoder_close_container_checked.o
 .mdebug.abi32  0x0000000000000000        0x0 build/default/production/_ext/2146752828/cbortojson.o
 .mdebug.abi32  0x0000000000000000        0x0 build/default/production/_ext/1360937237/main.o
 .mdebug.abi32  0x0000000000000000        0x0 build/default/production/_ext/1360937237/app.o
 .mdebug.abi32  0x0000000000000000        0x0 build/default/production/_ext/1360937237/ethernet.o
 .mdebug.abi32  0x0000000000000000        0x0 build/default/production/_ext/1360937237/coap.o
 .mdebug.abi32  0x0000000000000000        0x0 build/default/production/_ext/1360937237/cJSON.o
 .mdebug.abi32  0x0000000000000000        0x0 build/default/production/_ext/1360937237/jsoncbor.o
 .mdebug.abi32  0x0000000000000000        0x0 build/default/production/_ext/1360937237/cborjson.o
 .mdebug.abi32  0x0000000000000000        0x0 build/default/production/_ext/1360937237/resources.o
 .mdebug.abi32  0x0000000000000000        0x0 build/default/production/_ext/1360937237/storage.o
 .mdebug.abi32  0x0000000000000000        0x0 build/default/production/_ext/1360937237/eeprom.o
 .mdebug.abi32  0x0000000000000000        0x0 build/default/production/_ext/1360937237/commands.o
 .mdebug.abi32  0x0000000000000000        0x0 build/default/production/_ext/1360937237/flash.o
 .mdebug.abi32  0x0000000000000000        0x0 build/default/production/_ext/60176403/plib_nvm.o
 .mdebug.abi32  0x0000000000000000        0x0 build/default/production/_ext/1360937237/firmware_update.o
 .mdebug.abi32  0x0000000000000000        0x0 build/default/production/_ext/1360937237/spi_coordinator.o
 .mdebug.abi32  0x0000000000000000        0x0 /opt/microchip/xc32/v4.60/bin/bin/../../lib/gcc/pic32mx/8.3.1/libgcc.a(_fixdfdi.o)
 .mdebug.abi32  0x0000000000000000        0x0 /opt/microchip/xc32/v4.60/bin/bin/../../lib/gcc/pic32mx/8.3.1/libgcc.a(_fixunsdfdi.o)
 .mdebug.abi32  0x0000000000000000        0x0 /opt/microchip/xc32/v4.60/bin/bin/../../lib/gcc/pic32mx/8.3.1/libgcc.a(_floatdidf.o)
 .mdebug.abi32  0x0000000000000000        0x0 /opt/microchip/xc32/v4.60/bin/bin/../../lib/gcc/pic32mx/8.3.1/libgcc.a(_floatundidf.o)
 .mdebug.abi32  0x0000000000000000        0x0 /opt/microchip/xc32/v4.60/bin/bin/../../lib/gcc/pic32mx/8.3.1/libgcc.a(_udivdi3.o)
 .mdebug.abi32  0x0000000000000000        0x0 /opt/microchip/xc32/v4.60/bin/bin/../../lib/gcc/pic32mx/8.3.1/libgcc.a(floatunsidf.o)
 .mdebug.abi32  0x0000000000000000        0x0 /opt/microchip/xc32/v4.60/bin/bin/../../lib/gcc/pic32mx/8.3.1/../../../../pic32mx/lib/libpic32.a(default-on-reset.o)
 .mdebug.abi32  0x0000000000000000        0x0 /opt/microchip/xc32/v4.60/bin/bin/../../lib/gcc/pic32mx/8.3.1/../../../../pic32mx/lib/libpic32.a(default-on-bootstrap.o)
 .mdebug.abi32  0x0000000000000000        0x0 /opt/microchip/xc32/v4.60/bin/bin/../../lib/gcc/pic32mx/8.3.1/../../../../pic32mx/lib/libpic32.a(errno.o)
 .mdebug.abi32  0x0000000000000000        0x0 /opt/microchip/xc32/v4.60/bin/bin/../../lib/gcc/pic32mx/8.3.1/../../../../pic32mx/lib/libpic32.a(defaultinterrupt.o)
 .mdebug.abi32  0x0000000000000000        0x0 /opt/microchip/xc32/v4.60/bin/bin/../../lib/gcc/pic32mx/8.3.1/../../../../pic32mx/lib/libc-size-musl.a(memcmp.o)
 .mdebug.abi32  0x0000000000000000        0x0 /opt/microchip/xc32/v4.60/bin/bin/../../lib/gcc/pic32mx/8.3.1/../../../../pic32mx/lib/libc-size-musl.a(memcpy.o)
 .mdebug.abi32  0x0000000000000000        0x0 /opt/microchip/xc32/v4.60/bin/bin/../../lib/gcc/pic32mx/8.3.1/../../../../pic32mx/lib/libc-size-musl.a(memset.o)
 .mdebug.abi32  0x0000000000000000        0x0 /opt/microchip/xc32/v4.60/bin/bin/../../lib/gcc/pic32mx/8.3.1/../../../../pic32mx/lib/libc-size-musl.a(strlen.o)
 .mdebug.abi32  0x0000000000000000        0x0 /opt/microchip/xc32/v4.60/bin/bin/../../lib/gcc/pic32mx/8.3.1/../../../../pic32mx/lib/libc-size-musl.a(strchr.o)
 .mdebug.abi32  0x0000000000000000        0x0 /opt/microchip/xc32/v4.60/bin/bin/../../lib/gcc/pic32mx/8.3.1/../../../../pic32mx/lib/libc-size-musl.a(strchrnul.o)
 .mdebug.abi32  0x0000000000000000        0x0 /opt/microchip/xc32/v4.60/bin/bin/../../lib/gcc/pic32mx/8.3.1/../../../../pic32mx/lib/libc-size-musl.a(strcmp.o)
 .mdebug.abi32  0x0000000000000000        0x0 /opt/microchip/xc32/v4.60/bin/bin/../../lib/gcc/pic32mx/8.3.1/../../../../pic32mx/lib/libc-size-musl.a(strcpy.o)
 .mdebug.abi32  0x0000000000000000        0x0 /opt/microchip/xc32/v4.60/bin/bin/../../lib/gcc/pic32mx/8.3.1/../../../../pic32mx/lib/libc-size-musl.a(strncmp.o)
 .mdebug.abi32  0x0000000000000000        0x0 /opt/microchip/xc32/v4.60/bin/bin/../../lib/gcc/pic32mx/8.3.1/../../../../pic32mx/lib/libc-size-musl.a(strncpy.o)
 .mdebug.abi32  0x0000000000000000        0x0 /opt/microchip/xc32/v4.60/bin/bin/../../lib/gcc/pic32mx/8.3.1/../../../../pic32mx/lib/libc-size-musl.a(strrchr.o)
 .mdebug.abi32  0x0000000000000000        0x0 /opt/microchip/xc32/v4.60/bin/bin/../../lib/gcc/pic32mx/8.3.1/../../../../pic32mx/lib/libc-size-musl.a(strtok.o)
 .mdebug.abi32  0x0000000000000000        0x0 /opt/microchip/xc32/v4.60/bin/bin/../../lib/gcc/pic32mx/8.3.1/../../../../pic32mx/lib/libc-size-musl.a(memrchr.o)
 .mdebug.abi32  0x0000000000000000        0x0 /opt/microchip/xc32/v4.60/bin/bin/../../lib/gcc/pic32mx/8.3.1/../../../../pic32mx/lib/libc-size-musl.a(stpcpy.o)
 .mdebug.abi32  0x0000000000000000        0x0 /opt/microchip/xc32/v4.60/bin/bin/../../lib/gcc/pic32mx/8.3.1/../../../../pic32mx/lib/libc-size-musl.a(stpncpy.o)
 .mdebug.abi32  0x0000000000000000        0x0 /opt/microchip/xc32/v4.60/bin/bin/../../lib/gcc/pic32mx/8.3.1/../../../../pic32mx/lib/libc-size-musl.a(strcspn.o)
 .mdebug.abi32  0x0000000000000000        0x0 /opt/microchip/xc32/v4.60/bin/bin/../../lib/gcc/pic32mx/8.3.1/../../../../pic32mx/lib/libc-size-musl.a(strspn.o)
 .mdebug.abi32  0x0000000000000000        0x0 /opt/microchip/xc32/v4.60/bin/bin/../../lib/gcc/pic32mx/8.3.1/../../../../pic32mx/lib/liblmalloc-musl.a(lite_realloc.o)
 .mdebug.abi32  0x0000000000000000        0x0 /opt/microchip/xc32/v4.60/bin/bin/../../lib/gcc/pic32mx/8.3.1/../../../../pic32mx/lib/liblmalloc-musl.a(lite_free.o)
 .mdebug.abi32  0x0000000000000000        0x0 /opt/microchip/xc32/v4.60/bin/bin/../../lib/gcc/pic32mx/8.3.1/../../../../pic32mx/lib/liblmalloc-musl.a(lite_malloc.o)
 .mdebug.abi32  0x0000000000000000        0x0 /opt/microchip/xc32/v4.60/bin/bin/../../lib/gcc/pic32mx/8.3.1/../../../../pic32mx/lib/libc-musl.a(isalnum.o)
 .mdebug.abi32  0x0000000000000000        0x0 /opt/microchip/xc32/v4.60/bin/bin/../../lib/gcc/pic32mx/8.3.1/../../../../pic32mx/lib/libc-musl.a(isxdigit.o)
 .mdebug.abi32  0x0000000000000000        0x0 /opt/microchip/xc32/v4.60/bin/bin/../../lib/gcc/pic32mx/8.3.1/../../../../pic32mx/lib/libc-musl.a(tolower.o)
 .mdebug.abi32  0x0000000000000000        0x0 /opt/microchip/xc32/v4.60/bin/bin/../../lib/gcc/pic32mx/8.3.1/../../../../pic32mx/lib/libc-musl.a(toupper.o)
 .mdebug.abi32  0x0000000000000000        0x0 /opt/microchip/xc32/v4.60/bin/bin/../../lib/gcc/pic32mx/8.3.1/../../../../pic32mx/lib/libc-musl.a(assert.o)
 .mdebug.abi32  0x0000000000000000        0x0 /opt/microchip/xc32/v4.60/bin/bin/../../lib/gcc/pic32mx/8.3.1/../../../../pic32mx/lib/libc-musl.a(abort.o)
 .mdebug.abi32  0x0000000000000000        0x0 /opt/microchip/xc32/v4.60/bin/bin/../../lib/gcc/pic32mx/8.3.1/../../../../pic32mx/lib/libc-musl.a(expand_heap.o)
 .mdebug.abi32  0x0000000000000000        0x0 /opt/microchip/xc32/v4.60/bin/bin/../../lib/gcc/pic32mx/8.3.1/../../../../pic32mx/lib/libc-musl.a(rand.o)
 .mdebug.abi32  0x0000000000000000        0x0 /opt/microchip/xc32/v4.60/bin/bin/../../lib/gcc/pic32mx/8.3.1/../../../../pic32mx/lib/libc-musl.a(__sio_sscanf_deEfFgGn.o)
 .mdebug.abi32  0x0000000000000000        0x0 /opt/microchip/xc32/v4.60/bin/bin/../../lib/gcc/pic32mx/8.3.1/../../../../pic32mx/lib/libc-musl.a(fprintf.o)
 .mdebug.abi32  0x0000000000000000        0x0 /opt/microchip/xc32/v4.60/bin/bin/../../lib/gcc/pic32mx/8.3.1/../../../../pic32mx/lib/libc-musl.a(__scan_d.o)
 .mdebug.abi32  0x0000000000000000        0x0 /opt/microchip/xc32/v4.60/bin/bin/../../lib/gcc/pic32mx/8.3.1/../../../../pic32mx/lib/libc-musl.a(__scan_fp.o)
 .mdebug.abi32  0x0000000000000000        0x0 /opt/microchip/xc32/v4.60/bin/bin/../../lib/gcc/pic32mx/8.3.1/../../../../pic32mx/lib/libc-musl.a(__scan_i.o)
 .mdebug.abi32  0x0000000000000000        0x0 /opt/microchip/xc32/v4.60/bin/bin/../../lib/gcc/pic32mx/8.3.1/../../../../pic32mx/lib/libc-musl.a(__scanf_core.o)
 .mdebug.abi32  0x0000000000000000        0x0 /opt/microchip/xc32/v4.60/bin/bin/../../lib/gcc/pic32mx/8.3.1/../../../../pic32mx/lib/libc-musl.a(fclose.o)
 .mdebug.abi32  0x0000000000000000        0x0 /opt/microchip/xc32/v4.60/bin/bin/../../lib/gcc/pic32mx/8.3.1/../../../../pic32mx/lib/libc-musl.a(fflush.o)
 .mdebug.abi32  0x0000000000000000        0x0 /opt/microchip/xc32/v4.60/bin/bin/../../lib/gcc/pic32mx/8.3.1/../../../../pic32mx/lib/libc-musl.a(putc.o)
 .mdebug.abi32  0x0000000000000000        0x0 /opt/microchip/xc32/v4.60/bin/bin/../../lib/gcc/pic32mx/8.3.1/../../../../pic32mx/lib/libc-musl.a(vfprintf.o)
 .mdebug.abi32  0x0000000000000000        0x0 /opt/microchip/xc32/v4.60/bin/bin/../../lib/gcc/pic32mx/8.3.1/../../../../pic32mx/lib/libc-musl.a(vsnprintf.o)
 .mdebug.abi32  0x0000000000000000        0x0 /opt/microchip/xc32/v4.60/bin/bin/../../lib/gcc/pic32mx/8.3.1/../../../../pic32mx/lib/libc-musl.a(stderr.o)
 .mdebug.abi32  0x0000000000000000        0x0 /opt/microchip/xc32/v4.60/bin/bin/../../lib/gcc/pic32mx/8.3.1/../../../../pic32mx/lib/libc-musl.a(snprintf.o)
 .mdebug.abi32  0x0000000000000000        0x0 /opt/microchip/xc32/v4.60/bin/bin/../../lib/gcc/pic32mx/8.3.1/../../../../pic32mx/lib/libc-musl.a(sprintf.o)
 .mdebug.abi32  0x0000000000000000        0x0 /opt/microchip/xc32/v4.60/bin/bin/../../lib/gcc/pic32mx/8.3.1/../../../../pic32mx/lib/libc-musl.a(vsprintf.o)
 .mdebug.abi32  0x0000000000000000        0x0 /opt/microchip/xc32/v4.60/bin/bin/../../lib/gcc/pic32mx/8.3.1/../../../../pic32mx/lib/libc-musl.a(atoi.o)
 .mdebug.abi32  0x0000000000000000        0x0 /opt/microchip/xc32/v4.60/bin/bin/../../lib/gcc/pic32mx/8.3.1/../../../../pic32mx/lib/libc-musl.a(strtod.o)
 .mdebug.abi32  0x0000000000000000        0x0 /opt/microchip/xc32/v4.60/bin/bin/../../lib/gcc/pic32mx/8.3.1/../../../../pic32mx/lib/libc-musl.a(strtol.o)
 .mdebug.abi32  0x0000000000000000        0x0 /opt/microchip/xc32/v4.60/bin/bin/../../lib/gcc/pic32mx/8.3.1/../../../../pic32mx/lib/libc-musl.a(qsort.o)
 .mdebug.abi32  0x0000000000000000        0x0 /opt/microchip/xc32/v4.60/bin/bin/../../lib/gcc/pic32mx/8.3.1/../../../../pic32mx/lib/libc-musl.a(_Exit.o)
 .mdebug.abi32  0x0000000000000000        0x0 /opt/microchip/xc32/v4.60/bin/bin/../../lib/gcc/pic32mx/8.3.1/../../../../pic32mx/lib/libc-musl.a(floatscan.o)
 .mdebug.abi32  0x0000000000000000        0x0 /opt/microchip/xc32/v4.60/bin/bin/../../lib/gcc/pic32mx/8.3.1/../../../../pic32mx/lib/libc-musl.a(intscan.o)
 .mdebug.abi32  0x0000000000000000        0x0 /opt/microchip/xc32/v4.60/bin/bin/../../lib/gcc/pic32mx/8.3.1/../../../../pic32mx/lib/libc-musl.a(shgetc.o)
 .mdebug.abi32  0x0000000000000000        0x0 /opt/microchip/xc32/v4.60/bin/bin/../../lib/gcc/pic32mx/8.3.1/../../../../pic32mx/lib/libc-musl.a(__int_vsscanf.o)
 .mdebug.abi32  0x0000000000000000        0x0 /opt/microchip/xc32/v4.60/bin/bin/../../lib/gcc/pic32mx/8.3.1/../../../../pic32mx/lib/libc-musl.a(__string_read.o)
 .mdebug.abi32  0x0000000000000000        0x0 /opt/microchip/xc32/v4.60/bin/bin/../../lib/gcc/pic32mx/8.3.1/../../../../pic32mx/lib/libc-musl.a(__uflow.o)
 .mdebug.abi32  0x0000000000000000        0x0 /opt/microchip/xc32/v4.60/bin/bin/../../lib/gcc/pic32mx/8.3.1/../../../../pic32mx/lib/libc-musl.a(__fwrite.o)
 .mdebug.abi32  0x0000000000000000        0x0 /opt/microchip/xc32/v4.60/bin/bin/../../lib/gcc/pic32mx/8.3.1/../../../../pic32mx/lib/libc-musl.a(__io_fmt_needed.o)
 .mdebug.abi32  0x0000000000000000        0x0 /opt/microchip/xc32/v4.60/bin/bin/../../lib/gcc/pic32mx/8.3.1/../../../../pic32mx/lib/libc-musl.a(__io_init_needed.o)
 .mdebug.abi32  0x0000000000000000        0x0 /opt/microchip/xc32/v4.60/bin/bin/../../lib/gcc/pic32mx/8.3.1/../../../../pic32mx/lib/libc-musl.a(__io_rw_needed.o)
 .mdebug.abi32  0x0000000000000000        0x0 /opt/microchip/xc32/v4.60/bin/bin/../../lib/gcc/pic32mx/8.3.1/../../../../pic32mx/lib/libc-musl.a(__io_std_needed.o)
 .mdebug.abi32  0x0000000000000000        0x0 /opt/microchip/xc32/v4.60/bin/bin/../../lib/gcc/pic32mx/8.3.1/../../../../pic32mx/lib/libc-musl.a(__out.o)
 .mdebug.abi32  0x0000000000000000        0x0 /opt/microchip/xc32/v4.60/bin/bin/../../lib/gcc/pic32mx/8.3.1/../../../../pic32mx/lib/libc-musl.a(__pop_float.o)
 .mdebug.abi32  0x0000000000000000        0x0 /opt/microchip/xc32/v4.60/bin/bin/../../lib/gcc/pic32mx/8.3.1/../../../../pic32mx/lib/libc-musl.a(__pop_int.o)
 .mdebug.abi32  0x0000000000000000        0x0 /opt/microchip/xc32/v4.60/bin/bin/../../lib/gcc/pic32mx/8.3.1/../../../../pic32mx/lib/libc-musl.a(__pop_ptr.o)
 .mdebug.abi32  0x0000000000000000        0x0 /opt/microchip/xc32/v4.60/bin/bin/../../lib/gcc/pic32mx/8.3.1/../../../../pic32mx/lib/libc-musl.a(__printf_core.o)
 .mdebug.abi32  0x0000000000000000        0x0 /opt/microchip/xc32/v4.60/bin/bin/../../lib/gcc/pic32mx/8.3.1/../../../../pic32mx/lib/libc-musl.a(__push_float.o)
 .mdebug.abi32  0x0000000000000000        0x0 /opt/microchip/xc32/v4.60/bin/bin/../../lib/gcc/pic32mx/8.3.1/../../../../pic32mx/lib/libc-musl.a(__push_int.o)
 .mdebug.abi32  0x0000000000000000        0x0 /opt/microchip/xc32/v4.60/bin/bin/../../lib/gcc/pic32mx/8.3.1/../../../../pic32mx/lib/libc-musl.a(__read_int.o)
 .mdebug.abi32  0x0000000000000000        0x0 /opt/microchip/xc32/v4.60/bin/bin/../../lib/gcc/pic32mx/8.3.1/../../../../pic32mx/lib/libc-musl.a(__stderr.o)
 .mdebug.abi32  0x0000000000000000        0x0 /opt/microchip/xc32/v4.60/bin/bin/../../lib/gcc/pic32mx/8.3.1/../../../../pic32mx/lib/libc-musl.a(__stdio_close.o)
 .mdebug.abi32  0x0000000000000000        0x0 /opt/microchip/xc32/v4.60/bin/bin/../../lib/gcc/pic32mx/8.3.1/../../../../pic32mx/lib/libc-musl.a(__stdout.o)
 .mdebug.abi32  0x0000000000000000        0x0 /opt/microchip/xc32/v4.60/bin/bin/../../lib/gcc/pic32mx/8.3.1/../../../../pic32mx/lib/libc-musl.a(__towrite_rw.o)
 .mdebug.abi32  0x0000000000000000        0x0 /opt/microchip/xc32/v4.60/bin/bin/../../lib/gcc/pic32mx/8.3.1/../../../../pic32mx/lib/libc-musl.a(__int_vfscanf.o)
 .mdebug.abi32  0x0000000000000000        0x0 /opt/microchip/xc32/v4.60/bin/bin/../../lib/gcc/pic32mx/8.3.1/../../../../pic32mx/lib/libc-musl.a(__toread.o)
 .mdebug.abi32  0x0000000000000000        0x0 /opt/microchip/xc32/v4.60/bin/bin/../../lib/gcc/pic32mx/8.3.1/../../../../pic32mx/lib/libc-musl.a(__fmt_a.o)
 .mdebug.abi32  0x0000000000000000        0x0 /opt/microchip/xc32/v4.60/bin/bin/../../lib/gcc/pic32mx/8.3.1/../../../../pic32mx/lib/libc-musl.a(__fmt_d.o)
 .mdebug.abi32  0x0000000000000000        0x0 /opt/microchip/xc32/v4.60/bin/bin/../../lib/gcc/pic32mx/8.3.1/../../../../pic32mx/lib/libc-musl.a(__fmt_fp.o)
 .mdebug.abi32  0x0000000000000000        0x0 /opt/microchip/xc32/v4.60/bin/bin/../../lib/gcc/pic32mx/8.3.1/../../../../pic32mx/lib/libc-musl.a(__fmt_o.o)
 .mdebug.abi32  0x0000000000000000        0x0 /opt/microchip/xc32/v4.60/bin/bin/../../lib/gcc/pic32mx/8.3.1/../../../../pic32mx/lib/libc-musl.a(__fmt_s.o)
 .mdebug.abi32  0x0000000000000000        0x0 /opt/microchip/xc32/v4.60/bin/bin/../../lib/gcc/pic32mx/8.3.1/../../../../pic32mx/lib/libc-musl.a(__fmt_u.o)
 .mdebug.abi32  0x0000000000000000        0x0 /opt/microchip/xc32/v4.60/bin/bin/../../lib/gcc/pic32mx/8.3.1/../../../../pic32mx/lib/libc-musl.a(__fmt_x.o)
 .mdebug.abi32  0x0000000000000000        0x0 /opt/microchip/xc32/v4.60/bin/bin/../../lib/gcc/pic32mx/8.3.1/../../../../pic32mx/lib/libc-musl.a(__fopen.o)
 .mdebug.abi32  0x0000000000000000        0x0 /opt/microchip/xc32/v4.60/bin/bin/../../lib/gcc/pic32mx/8.3.1/../../../../pic32mx/lib/libc-musl.a(__fopen_rw.o)
 .mdebug.abi32  0x0000000000000000        0x0 /opt/microchip/xc32/v4.60/bin/bin/../../lib/gcc/pic32mx/8.3.1/../../../../pic32mx/lib/libc-musl.a(__ftello_rw.o)
 .mdebug.abi32  0x0000000000000000        0x0 /opt/microchip/xc32/v4.60/bin/bin/../../lib/gcc/pic32mx/8.3.1/../../../../pic32mx/lib/libc-musl.a(__init_stdio.o)
 .mdebug.abi32  0x0000000000000000        0x0 /opt/microchip/xc32/v4.60/bin/bin/../../lib/gcc/pic32mx/8.3.1/../../../../pic32mx/lib/libc-musl.a(__io_buf_needed.o)
 .mdebug.abi32  0x0000000000000000        0x0 /opt/microchip/xc32/v4.60/bin/bin/../../lib/gcc/pic32mx/8.3.1/../../../../pic32mx/lib/libc-musl.a(__io_file_needed.o)
 .mdebug.abi32  0x0000000000000000        0x0 /opt/microchip/xc32/v4.60/bin/bin/../../lib/gcc/pic32mx/8.3.1/../../../../pic32mx/lib/libc-musl.a(__putc.o)
 .mdebug.abi32  0x0000000000000000        0x0 /opt/microchip/xc32/v4.60/bin/bin/../../lib/gcc/pic32mx/8.3.1/../../../../pic32mx/lib/libc-musl.a(__stdio_exit.o)
 .mdebug.abi32  0x0000000000000000        0x0 /opt/microchip/xc32/v4.60/bin/bin/../../lib/gcc/pic32mx/8.3.1/../../../../pic32mx/lib/libc-musl.a(__stdio_read.o)
 .mdebug.abi32  0x0000000000000000        0x0 /opt/microchip/xc32/v4.60/bin/bin/../../lib/gcc/pic32mx/8.3.1/../../../../pic32mx/lib/libc-musl.a(readv.o)
 .mdebug.abi32  0x0000000000000000        0x0 /opt/microchip/xc32/v4.60/bin/bin/../../lib/gcc/pic32mx/8.3.1/../../../../pic32mx/lib/libc-musl.a(__overflow.o)
 .mdebug.abi32  0x0000000000000000        0x0 /opt/microchip/xc32/v4.60/bin/bin/../../lib/gcc/pic32mx/8.3.1/../../../../pic32mx/lib/libc-musl.a(__cvt_u.o)
 .mdebug.abi32  0x0000000000000000        0x0 /opt/microchip/xc32/v4.60/bin/bin/../../lib/gcc/pic32mx/8.3.1/../../../../pic32mx/lib/libc-musl.a(__fclose.o)
 .mdebug.abi32  0x0000000000000000        0x0 /opt/microchip/xc32/v4.60/bin/bin/../../lib/gcc/pic32mx/8.3.1/../../../../pic32mx/lib/libc-musl.a(__fseeko.o)
 .mdebug.abi32  0x0000000000000000        0x0 /opt/microchip/xc32/v4.60/bin/bin/../../lib/gcc/pic32mx/8.3.1/../../../../pic32mx/lib/libc-musl.a(__ftello.o)
 .mdebug.abi32  0x0000000000000000        0x0 /opt/microchip/xc32/v4.60/bin/bin/../../lib/gcc/pic32mx/8.3.1/../../../../pic32mx/lib/libc-musl.a(__towrite.o)
 .mdebug.abi32  0x0000000000000000        0x0 /opt/microchip/xc32/v4.60/bin/bin/../../lib/gcc/pic32mx/8.3.1/../../../../pic32mx/lib/libm.a(support.o)
 .mdebug.abi32  0x0000000000000000        0x0 /opt/microchip/xc32/v4.60/bin/bin/../../lib/gcc/pic32mx/8.3.1/../../../../pic32mx/lib/libm-musl.a(__fpclassify.o)
 .mdebug.abi32  0x0000000000000000        0x0 /opt/microchip/xc32/v4.60/bin/bin/../../lib/gcc/pic32mx/8.3.1/../../../../pic32mx/lib/libm-musl.a(fabsl.o)
 .mdebug.abi32  0x0000000000000000        0x0 /opt/microchip/xc32/v4.60/bin/bin/../../lib/gcc/pic32mx/8.3.1/../../../../pic32mx/lib/libm-musl.a(fma.o)
 .mdebug.abi32  0x0000000000000000        0x0 /opt/microchip/xc32/v4.60/bin/bin/../../lib/gcc/pic32mx/8.3.1/../../../../pic32mx/lib/libm-musl.a(scalbn.o)
 .mdebug.abi32  0x0000000000000000        0x0 /opt/microchip/xc32/v4.60/bin/bin/../../lib/gcc/pic32mx/8.3.1/../../../../pic32mx/lib/libm-musl.a(scalbnl.o)
 .mdebug.abi32  0x0000000000000000        0x0 /opt/microchip/xc32/v4.60/bin/bin/../../lib/gcc/pic32mx/8.3.1/../../../../pic32mx/lib/libm-musl.a(fabs.o)
 .mdebug.abi32  0x0000000000000000        0x0 /opt/microchip/xc32/v4.60/bin/bin/../../lib/gcc/pic32mx/8.3.1/../../../../pic32mx/lib/libpic32.a(sbrk.o)
 .mdebug.abi32  0x0000000000000000        0x0 /opt/microchip/xc32/v4.60/bin/bin/../../lib/gcc/pic32mx/8.3.1/../../../../pic32mx/lib/libpic32.a(_exit.o)
 .mdebug.abi32  0x0000000000000000        0x0 /opt/microchip/xc32/v4.60/bin/bin/../../lib/gcc/pic32mx/8.3.1/../../../../pic32mx/lib/libpic32.a(lseek.o)
 .mdebug.abi32  0x0000000000000000        0x0 /opt/microchip/xc32/v4.60/bin/bin/../../lib/gcc/pic32mx/8.3.1/../../../../pic32mx/lib/libpic32.a(close.o)
 .mdebug.abi32  0x0000000000000000        0x0 /opt/microchip/xc32/v4.60/bin/bin/../../lib/gcc/pic32mx/8.3.1/../../../../pic32mx/lib/libc-size-musl.a(memchr.o)
 .mdebug.abi32  0x0000000000000000        0x0 /opt/microchip/xc32/v4.60/bin/bin/../../lib/gcc/pic32mx/8.3.1/libgcc.a(_lshrdi3.o)
 .mdebug.abi32  0x0000000000000000        0x0 /opt/microchip/xc32/v4.60/bin/bin/../../lib/gcc/pic32mx/8.3.1/libgcc.a(_ashldi3.o)
 .mdebug.abi32  0x0000000000000000        0x0 /opt/microchip/xc32/v4.60/bin/bin/../../lib/gcc/pic32mx/8.3.1/libgcc.a(_divdi3.o)
 .mdebug.abi32  0x0000000000000000        0x0 /opt/microchip/xc32/v4.60/bin/bin/../../lib/gcc/pic32mx/8.3.1/libgcc.a(_moddi3.o)
 .mdebug.abi32  0x0000000000000000        0x0 /opt/microchip/xc32/v4.60/bin/bin/../../lib/gcc/pic32mx/8.3.1/libgcc.a(_umoddi3.o)

.mdebug.abiN32
 *(.mdebug.abiN32)

.mdebug.abi64
 *(.mdebug.abi64)

.mdebug.abiO64
 *(.mdebug.abiO64)

.mdebug.eabi32
 *(.mdebug.eabi32)

.mdebug.eabi64
 *(.mdebug.eabi64)

.gcc_compiled_long32
 *(.gcc_compiled_long32)

.gcc_compiled_long64
 *(.gcc_compiled_long64)

.stab
 *(.stab)

.stabstr
 *(.stabstr)

.stab.excl
 *(.stab.excl)

.stab.exclstr
 *(.stab.exclstr)

.stab.index
 *(.stab.index)

.stab.indexstr
 *(.stab.indexstr)

.comment        0x0000000000000000       0x76
 *(.comment)
 .comment       0x0000000000000000       0x2b build/default/production/_ext/732082881/drv_eth_pic32_lib.o
                                         0x2c (size before relaxing)
 .comment       0x000000000000002b       0x2c build/default/production/_ext/732082881/drv_ethmac.o
 .comment       0x000000000000002b       0x2c build/default/production/_ext/732082881/drv_ethmac_lib.o
 .comment       0x000000000000002b       0x2c build/default/production/_ext/444070925/drv_ethphy.o
 .comment       0x000000000000002b       0x2c build/default/production/_ext/444070925/drv_extphy_lan8720.o
 .comment       0x000000000000002b       0x2c build/default/production/_ext/438849557/drv_miim_pic32m.o
 .comment       0x000000000000002b       0x2c build/default/production/_ext/438849557/drv_miim.o
 .comment       0x000000000000002b       0x2c build/default/production/_ext/538277063/drv_sst26_spi_interface.o
 .comment       0x000000000000002b       0x2c build/default/production/_ext/538277063/drv_sst26.o
 .comment       0x000000000000002b       0x2c build/default/production/_ext/1033058136/helpers.o
 .comment       0x000000000000002b       0x2c build/default/production/_ext/1033058136/dhcp.o
 .comment       0x000000000000002b       0x2c build/default/production/_ext/1033058136/ipv4.o
 .comment       0x000000000000002b       0x2c build/default/production/_ext/1033058136/tcpip_commands.o
 .comment       0x000000000000002b       0x2c build/default/production/_ext/1033058136/tcpip_notify.o
 .comment       0x000000000000002b       0x2c build/default/production/_ext/1033058136/tcpip_helpers.o
 .comment       0x000000000000002b       0x2c build/default/production/_ext/1033058136/tcpip_packet.o
 .comment       0x000000000000002b       0x2c build/default/production/_ext/1033058136/oahash.o
 .comment       0x000000000000002b       0x2c build/default/production/_ext/1033058136/udp.o
 .comment       0x000000000000002b       0x2c build/default/production/_ext/1033058136/arp.o
 .comment       0x000000000000002b       0x2c build/default/production/_ext/1033058136/icmp.o
 .comment       0x000000000000002b       0x2c build/default/production/_ext/1033058136/tcpip_heap_internal.o
 .comment       0x000000000000002b       0x2c build/default/production/_ext/1033058136/hash_fnv.o
 .comment       0x000000000000002b       0x2c build/default/production/_ext/1033058136/dns.o
 .comment       0x000000000000002b       0x2c build/default/production/_ext/1033058136/tcpip_heap_alloc.o
 .comment       0x000000000000002b       0x2c build/default/production/_ext/1033058136/tcpip_manager.o
 .comment       0x000000000000002b       0x2c build/default/production/_ext/1529399856/osal_freertos.o
 .comment       0x000000000000002b       0x2c build/default/production/_ext/60165520/plib_clk.o
 .comment       0x000000000000002b       0x2c build/default/production/_ext/1249264884/plib_coretimer.o
 .comment       0x000000000000002b       0x2c build/default/production/_ext/1865200349/plib_evic.o
 .comment       0x000000000000002b       0x2c build/default/production/_ext/1865254177/plib_gpio.o
 .comment       0x000000000000002b       0x2c build/default/production/_ext/298189674/plib_spi2_master.o
 .comment       0x000000000000002b       0x2c build/default/production/_ext/1865657120/plib_uart2.o
 .comment       0x000000000000002b       0x2c build/default/production/_ext/1865657120/plib_uart1.o
 .comment       0x000000000000002b       0x2c build/default/production/_ext/163028504/xc32_monitor.o
 .comment       0x000000000000002b       0x2c build/default/production/_ext/1376093119/sys_command.o
 .comment       0x000000000000002b       0x2c build/default/production/_ext/1832805299/sys_console_uart.o
 .comment       0x000000000000002b       0x2c build/default/production/_ext/1832805299/sys_console.o
 .comment       0x000000000000002b       0x2c build/default/production/_ext/944882569/sys_debug.o
 .comment       0x000000000000002b       0x2c build/default/production/_ext/1881668453/sys_int.o
 .comment       0x000000000000002b       0x2c build/default/production/_ext/1000052432/sys_reset.o
 .comment       0x000000000000002b       0x2c build/default/production/_ext/101884895/sys_time.o
 .comment       0x000000000000002b       0x2c build/default/production/_ext/753841488/sys_time_h2_adapter.o
 .comment       0x000000000000002b       0x2c build/default/production/_ext/1171490990/initialization.o
 .comment       0x000000000000002b       0x2c build/default/production/_ext/1171490990/interrupts.o
 .comment       0x000000000000002b       0x2c build/default/production/_ext/1171490990/freertos_hooks.o
 .comment       0x000000000000002b       0x2c build/default/production/_ext/1171490990/exceptions.o
 .comment       0x000000000000002b       0x2c build/default/production/_ext/1171490990/tasks.o
 .comment       0x000000000000002b       0x2c build/default/production/_ext/1665200909/heap_4.o
 .comment       0x000000000000002b       0x2c build/default/production/_ext/951553248/port.o
 .comment       0x000000000000002b       0x2c build/default/production/_ext/404212886/FreeRTOS_tasks.o
 .comment       0x000000000000002b       0x2c build/default/production/_ext/404212886/event_groups.o
 .comment       0x000000000000002b       0x2c build/default/production/_ext/404212886/list.o
 .comment       0x000000000000002b       0x2c build/default/production/_ext/404212886/queue.o
 .comment       0x000000000000002b       0x2c build/default/production/_ext/404212886/stream_buffer.o
 .comment       0x000000000000002b       0x2c build/default/production/_ext/404212886/timers.o
 .comment       0x000000000000002b       0x2c build/default/production/_ext/404212886/croutine.o
 .comment       0x000000000000002b       0x2c build/default/production/_ext/1358156373/network.o
 .comment       0x000000000000002b       0x2c build/default/production/_ext/2146752828/cborencoder_float.o
 .comment       0x000000000000002b       0x2c build/default/production/_ext/2146752828/cborvalidation.o
 .comment       0x000000000000002b       0x2c build/default/production/_ext/2146752828/cborparser_float.o
 .comment       0x000000000000002b       0x2c build/default/production/_ext/2146752828/cborpretty_stdio.o
 .comment       0x000000000000002b       0x2c build/default/production/_ext/2146752828/cborencoder.o
 .comment       0x000000000000002b       0x2c build/default/production/_ext/2146752828/cborparser_dup_string.o
 .comment       0x000000000000002b       0x2c build/default/production/_ext/2146752828/cborpretty.o
 .comment       0x000000000000002b       0x2c build/default/production/_ext/2146752828/cborerrorstrings.o
 .comment       0x000000000000002b       0x2c build/default/production/_ext/2146752828/cborparser.o
 .comment       0x000000000000002b       0x2c build/default/production/_ext/2146752828/cborencoder_close_container_checked.o
 .comment       0x000000000000002b       0x2c build/default/production/_ext/2146752828/cbortojson.o
 .comment       0x000000000000002b       0x2c build/default/production/_ext/1360937237/main.o
 .comment       0x000000000000002b       0x2c build/default/production/_ext/1360937237/app.o
 .comment       0x000000000000002b       0x2c build/default/production/_ext/1360937237/ethernet.o
 .comment       0x000000000000002b       0x2c build/default/production/_ext/1360937237/coap.o
 .comment       0x000000000000002b       0x2c build/default/production/_ext/1360937237/cJSON.o
 .comment       0x000000000000002b       0x2c build/default/production/_ext/1360937237/jsoncbor.o
 .comment       0x000000000000002b       0x2c build/default/production/_ext/1360937237/cborjson.o
 .comment       0x000000000000002b       0x2c build/default/production/_ext/1360937237/resources.o
 .comment       0x000000000000002b       0x2c build/default/production/_ext/1360937237/storage.o
 .comment       0x000000000000002b       0x2c build/default/production/_ext/1360937237/eeprom.o
 .comment       0x000000000000002b       0x2c build/default/production/_ext/1360937237/commands.o
 .comment       0x000000000000002b       0x2c build/default/production/_ext/1360937237/flash.o
 .comment       0x000000000000002b       0x2c build/default/production/_ext/60176403/plib_nvm.o
 .comment       0x000000000000002b       0x2c build/default/production/_ext/1360937237/firmware_update.o
 .comment       0x000000000000002b       0x2c build/default/production/_ext/1360937237/spi_coordinator.o
 .comment       0x000000000000002b       0x2c /opt/microchip/xc32/v4.60/bin/bin/../../lib/gcc/pic32mx/8.3.1/libgcc.a(_fixdfdi.o)
 .comment       0x000000000000002b       0x2c /opt/microchip/xc32/v4.60/bin/bin/../../lib/gcc/pic32mx/8.3.1/libgcc.a(_fixunsdfdi.o)
 .comment       0x000000000000002b       0x2c /opt/microchip/xc32/v4.60/bin/bin/../../lib/gcc/pic32mx/8.3.1/libgcc.a(_floatdidf.o)
 .comment       0x000000000000002b       0x2c /opt/microchip/xc32/v4.60/bin/bin/../../lib/gcc/pic32mx/8.3.1/libgcc.a(_floatundidf.o)
 .comment       0x000000000000002b       0x2c /opt/microchip/xc32/v4.60/bin/bin/../../lib/gcc/pic32mx/8.3.1/libgcc.a(_udivdi3.o)
 .comment       0x000000000000002b       0x2c /opt/microchip/xc32/v4.60/bin/bin/../../lib/gcc/pic32mx/8.3.1/libgcc.a(floatunsidf.o)
 .comment       0x000000000000002b       0x2c /opt/microchip/xc32/v4.60/bin/bin/../../lib/gcc/pic32mx/8.3.1/../../../../pic32mx/lib/libpic32.a(default-on-reset.o)
 .comment       0x000000000000002b       0x2c /opt/microchip/xc32/v4.60/bin/bin/../../lib/gcc/pic32mx/8.3.1/../../../../pic32mx/lib/libpic32.a(default-on-bootstrap.o)
 .comment       0x000000000000002b       0x2c /opt/microchip/xc32/v4.60/bin/bin/../../lib/gcc/pic32mx/8.3.1/../../../../pic32mx/lib/libpic32.a(errno.o)
 .comment       0x000000000000002b       0x2c /opt/microchip/xc32/v4.60/bin/bin/../../lib/gcc/pic32mx/8.3.1/../../../../pic32mx/lib/libpic32.a(defaultinterrupt.o)
 .comment       0x000000000000002b       0x2c /opt/microchip/xc32/v4.60/bin/bin/../../lib/gcc/pic32mx/8.3.1/../../../../pic32mx/lib/libc-size-musl.a(memcmp.o)
 .comment       0x000000000000002b       0x2c /opt/microchip/xc32/v4.60/bin/bin/../../lib/gcc/pic32mx/8.3.1/../../../../pic32mx/lib/libc-size-musl.a(memcpy.o)
 .comment       0x000000000000002b       0x2c /opt/microchip/xc32/v4.60/bin/bin/../../lib/gcc/pic32mx/8.3.1/../../../../pic32mx/lib/libc-size-musl.a(memset.o)
 .comment       0x000000000000002b       0x2c /opt/microchip/xc32/v4.60/bin/bin/../../lib/gcc/pic32mx/8.3.1/../../../../pic32mx/lib/libc-size-musl.a(strlen.o)
 .comment       0x000000000000002b       0x2c /opt/microchip/xc32/v4.60/bin/bin/../../lib/gcc/pic32mx/8.3.1/../../../../pic32mx/lib/libc-size-musl.a(strchr.o)
 .comment       0x000000000000002b       0x2c /opt/microchip/xc32/v4.60/bin/bin/../../lib/gcc/pic32mx/8.3.1/../../../../pic32mx/lib/libc-size-musl.a(strchrnul.o)
 .comment       0x000000000000002b       0x2c /opt/microchip/xc32/v4.60/bin/bin/../../lib/gcc/pic32mx/8.3.1/../../../../pic32mx/lib/libc-size-musl.a(strcmp.o)
 .comment       0x000000000000002b       0x2c /opt/microchip/xc32/v4.60/bin/bin/../../lib/gcc/pic32mx/8.3.1/../../../../pic32mx/lib/libc-size-musl.a(strcpy.o)
 .comment       0x000000000000002b       0x2c /opt/microchip/xc32/v4.60/bin/bin/../../lib/gcc/pic32mx/8.3.1/../../../../pic32mx/lib/libc-size-musl.a(strncmp.o)
 .comment       0x000000000000002b       0x2c /opt/microchip/xc32/v4.60/bin/bin/../../lib/gcc/pic32mx/8.3.1/../../../../pic32mx/lib/libc-size-musl.a(strncpy.o)
 .comment       0x000000000000002b       0x2c /opt/microchip/xc32/v4.60/bin/bin/../../lib/gcc/pic32mx/8.3.1/../../../../pic32mx/lib/libc-size-musl.a(strrchr.o)
 .comment       0x000000000000002b       0x2c /opt/microchip/xc32/v4.60/bin/bin/../../lib/gcc/pic32mx/8.3.1/../../../../pic32mx/lib/libc-size-musl.a(strtok.o)
 .comment       0x000000000000002b       0x2c /opt/microchip/xc32/v4.60/bin/bin/../../lib/gcc/pic32mx/8.3.1/../../../../pic32mx/lib/libc-size-musl.a(memrchr.o)
 .comment       0x000000000000002b       0x2c /opt/microchip/xc32/v4.60/bin/bin/../../lib/gcc/pic32mx/8.3.1/../../../../pic32mx/lib/libc-size-musl.a(stpcpy.o)
 .comment       0x000000000000002b       0x2c /opt/microchip/xc32/v4.60/bin/bin/../../lib/gcc/pic32mx/8.3.1/../../../../pic32mx/lib/libc-size-musl.a(stpncpy.o)
 .comment       0x000000000000002b       0x2c /opt/microchip/xc32/v4.60/bin/bin/../../lib/gcc/pic32mx/8.3.1/../../../../pic32mx/lib/libc-size-musl.a(strcspn.o)
 .comment       0x000000000000002b       0x2c /opt/microchip/xc32/v4.60/bin/bin/../../lib/gcc/pic32mx/8.3.1/../../../../pic32mx/lib/libc-size-musl.a(strspn.o)
 .comment       0x000000000000002b       0x2c /opt/microchip/xc32/v4.60/bin/bin/../../lib/gcc/pic32mx/8.3.1/../../../../pic32mx/lib/liblmalloc-musl.a(lite_realloc.o)
 .comment       0x000000000000002b       0x2c /opt/microchip/xc32/v4.60/bin/bin/../../lib/gcc/pic32mx/8.3.1/../../../../pic32mx/lib/liblmalloc-musl.a(lite_free.o)
 .comment       0x000000000000002b       0x2c /opt/microchip/xc32/v4.60/bin/bin/../../lib/gcc/pic32mx/8.3.1/../../../../pic32mx/lib/liblmalloc-musl.a(lite_malloc.o)
 .comment       0x000000000000002b       0x2c /opt/microchip/xc32/v4.60/bin/bin/../../lib/gcc/pic32mx/8.3.1/../../../../pic32mx/lib/libc-musl.a(isalnum.o)
 .comment       0x000000000000002b       0x2c /opt/microchip/xc32/v4.60/bin/bin/../../lib/gcc/pic32mx/8.3.1/../../../../pic32mx/lib/libc-musl.a(isxdigit.o)
 .comment       0x000000000000002b       0x2c /opt/microchip/xc32/v4.60/bin/bin/../../lib/gcc/pic32mx/8.3.1/../../../../pic32mx/lib/libc-musl.a(tolower.o)
 .comment       0x000000000000002b       0x2c /opt/microchip/xc32/v4.60/bin/bin/../../lib/gcc/pic32mx/8.3.1/../../../../pic32mx/lib/libc-musl.a(toupper.o)
 .comment       0x000000000000002b       0x2c /opt/microchip/xc32/v4.60/bin/bin/../../lib/gcc/pic32mx/8.3.1/../../../../pic32mx/lib/libc-musl.a(assert.o)
 .comment       0x000000000000002b       0x2c /opt/microchip/xc32/v4.60/bin/bin/../../lib/gcc/pic32mx/8.3.1/../../../../pic32mx/lib/libc-musl.a(abort.o)
 .comment       0x000000000000002b       0x2c /opt/microchip/xc32/v4.60/bin/bin/../../lib/gcc/pic32mx/8.3.1/../../../../pic32mx/lib/libc-musl.a(expand_heap.o)
 .comment       0x000000000000002b       0x2c /opt/microchip/xc32/v4.60/bin/bin/../../lib/gcc/pic32mx/8.3.1/../../../../pic32mx/lib/libc-musl.a(rand.o)
 .comment       0x000000000000002b       0x2c /opt/microchip/xc32/v4.60/bin/bin/../../lib/gcc/pic32mx/8.3.1/../../../../pic32mx/lib/libc-musl.a(__sio_sscanf_deEfFgGn.o)
 .comment       0x000000000000002b       0x2c /opt/microchip/xc32/v4.60/bin/bin/../../lib/gcc/pic32mx/8.3.1/../../../../pic32mx/lib/libc-musl.a(fprintf.o)
 .comment       0x000000000000002b       0x2c /opt/microchip/xc32/v4.60/bin/bin/../../lib/gcc/pic32mx/8.3.1/../../../../pic32mx/lib/libc-musl.a(__scan_d.o)
 .comment       0x000000000000002b       0x2c /opt/microchip/xc32/v4.60/bin/bin/../../lib/gcc/pic32mx/8.3.1/../../../../pic32mx/lib/libc-musl.a(__scan_fp.o)
 .comment       0x000000000000002b       0x2c /opt/microchip/xc32/v4.60/bin/bin/../../lib/gcc/pic32mx/8.3.1/../../../../pic32mx/lib/libc-musl.a(__scan_i.o)
 .comment       0x000000000000002b       0x2c /opt/microchip/xc32/v4.60/bin/bin/../../lib/gcc/pic32mx/8.3.1/../../../../pic32mx/lib/libc-musl.a(__scanf_core.o)
 .comment       0x000000000000002b       0x2c /opt/microchip/xc32/v4.60/bin/bin/../../lib/gcc/pic32mx/8.3.1/../../../../pic32mx/lib/libc-musl.a(fclose.o)
 .comment       0x000000000000002b       0x2c /opt/microchip/xc32/v4.60/bin/bin/../../lib/gcc/pic32mx/8.3.1/../../../../pic32mx/lib/libc-musl.a(fflush.o)
 .comment       0x000000000000002b       0x2c /opt/microchip/xc32/v4.60/bin/bin/../../lib/gcc/pic32mx/8.3.1/../../../../pic32mx/lib/libc-musl.a(putc.o)
 .comment       0x000000000000002b       0x2c /opt/microchip/xc32/v4.60/bin/bin/../../lib/gcc/pic32mx/8.3.1/../../../../pic32mx/lib/libc-musl.a(vfprintf.o)
 .comment       0x000000000000002b       0x2c /opt/microchip/xc32/v4.60/bin/bin/../../lib/gcc/pic32mx/8.3.1/../../../../pic32mx/lib/libc-musl.a(vsnprintf.o)
 .comment       0x000000000000002b       0x2c /opt/microchip/xc32/v4.60/bin/bin/../../lib/gcc/pic32mx/8.3.1/../../../../pic32mx/lib/libc-musl.a(stderr.o)
 .comment       0x000000000000002b       0x2c /opt/microchip/xc32/v4.60/bin/bin/../../lib/gcc/pic32mx/8.3.1/../../../../pic32mx/lib/libc-musl.a(snprintf.o)
 .comment       0x000000000000002b       0x2c /opt/microchip/xc32/v4.60/bin/bin/../../lib/gcc/pic32mx/8.3.1/../../../../pic32mx/lib/libc-musl.a(sprintf.o)
 .comment       0x000000000000002b       0x2c /opt/microchip/xc32/v4.60/bin/bin/../../lib/gcc/pic32mx/8.3.1/../../../../pic32mx/lib/libc-musl.a(vsprintf.o)
 .comment       0x000000000000002b       0x2c /opt/microchip/xc32/v4.60/bin/bin/../../lib/gcc/pic32mx/8.3.1/../../../../pic32mx/lib/libc-musl.a(atoi.o)
 .comment       0x000000000000002b       0x2c /opt/microchip/xc32/v4.60/bin/bin/../../lib/gcc/pic32mx/8.3.1/../../../../pic32mx/lib/libc-musl.a(strtod.o)
 .comment       0x000000000000002b       0x2c /opt/microchip/xc32/v4.60/bin/bin/../../lib/gcc/pic32mx/8.3.1/../../../../pic32mx/lib/libc-musl.a(strtol.o)
 .comment       0x000000000000002b       0x2c /opt/microchip/xc32/v4.60/bin/bin/../../lib/gcc/pic32mx/8.3.1/../../../../pic32mx/lib/libc-musl.a(qsort.o)
 .comment       0x000000000000002b       0x2c /opt/microchip/xc32/v4.60/bin/bin/../../lib/gcc/pic32mx/8.3.1/../../../../pic32mx/lib/libc-musl.a(_Exit.o)
 .comment       0x000000000000002b       0x2c /opt/microchip/xc32/v4.60/bin/bin/../../lib/gcc/pic32mx/8.3.1/../../../../pic32mx/lib/libc-musl.a(floatscan.o)
 .comment       0x000000000000002b       0x2c /opt/microchip/xc32/v4.60/bin/bin/../../lib/gcc/pic32mx/8.3.1/../../../../pic32mx/lib/libc-musl.a(intscan.o)
 .comment       0x000000000000002b       0x2c /opt/microchip/xc32/v4.60/bin/bin/../../lib/gcc/pic32mx/8.3.1/../../../../pic32mx/lib/libc-musl.a(shgetc.o)
 .comment       0x000000000000002b       0x2c /opt/microchip/xc32/v4.60/bin/bin/../../lib/gcc/pic32mx/8.3.1/../../../../pic32mx/lib/libc-musl.a(__int_vsscanf.o)
 .comment       0x000000000000002b       0x2c /opt/microchip/xc32/v4.60/bin/bin/../../lib/gcc/pic32mx/8.3.1/../../../../pic32mx/lib/libc-musl.a(__string_read.o)
 .comment       0x000000000000002b       0x2c /opt/microchip/xc32/v4.60/bin/bin/../../lib/gcc/pic32mx/8.3.1/../../../../pic32mx/lib/libc-musl.a(__uflow.o)
 .comment       0x000000000000002b       0x2c /opt/microchip/xc32/v4.60/bin/bin/../../lib/gcc/pic32mx/8.3.1/../../../../pic32mx/lib/libc-musl.a(__fwrite.o)
 .comment       0x000000000000002b       0x2c /opt/microchip/xc32/v4.60/bin/bin/../../lib/gcc/pic32mx/8.3.1/../../../../pic32mx/lib/libc-musl.a(__io_fmt_needed.o)
 .comment       0x000000000000002b       0x2c /opt/microchip/xc32/v4.60/bin/bin/../../lib/gcc/pic32mx/8.3.1/../../../../pic32mx/lib/libc-musl.a(__io_init_needed.o)
 .comment       0x000000000000002b       0x2c /opt/microchip/xc32/v4.60/bin/bin/../../lib/gcc/pic32mx/8.3.1/../../../../pic32mx/lib/libc-musl.a(__io_rw_needed.o)
 .comment       0x000000000000002b       0x2c /opt/microchip/xc32/v4.60/bin/bin/../../lib/gcc/pic32mx/8.3.1/../../../../pic32mx/lib/libc-musl.a(__io_std_needed.o)
 .comment       0x000000000000002b       0x2c /opt/microchip/xc32/v4.60/bin/bin/../../lib/gcc/pic32mx/8.3.1/../../../../pic32mx/lib/libc-musl.a(__out.o)
 .comment       0x000000000000002b       0x2c /opt/microchip/xc32/v4.60/bin/bin/../../lib/gcc/pic32mx/8.3.1/../../../../pic32mx/lib/libc-musl.a(__pop_float.o)
 .comment       0x000000000000002b       0x2c /opt/microchip/xc32/v4.60/bin/bin/../../lib/gcc/pic32mx/8.3.1/../../../../pic32mx/lib/libc-musl.a(__pop_int.o)
 .comment       0x000000000000002b       0x2c /opt/microchip/xc32/v4.60/bin/bin/../../lib/gcc/pic32mx/8.3.1/../../../../pic32mx/lib/libc-musl.a(__pop_ptr.o)
 .comment       0x000000000000002b       0x2c /opt/microchip/xc32/v4.60/bin/bin/../../lib/gcc/pic32mx/8.3.1/../../../../pic32mx/lib/libc-musl.a(__printf_core.o)
 .comment       0x000000000000002b       0x2c /opt/microchip/xc32/v4.60/bin/bin/../../lib/gcc/pic32mx/8.3.1/../../../../pic32mx/lib/libc-musl.a(__push_float.o)
 .comment       0x000000000000002b       0x2c /opt/microchip/xc32/v4.60/bin/bin/../../lib/gcc/pic32mx/8.3.1/../../../../pic32mx/lib/libc-musl.a(__push_int.o)
 .comment       0x000000000000002b       0x2c /opt/microchip/xc32/v4.60/bin/bin/../../lib/gcc/pic32mx/8.3.1/../../../../pic32mx/lib/libc-musl.a(__read_int.o)
 .comment       0x000000000000002b       0x2c /opt/microchip/xc32/v4.60/bin/bin/../../lib/gcc/pic32mx/8.3.1/../../../../pic32mx/lib/libc-musl.a(__stderr.o)
 .comment       0x000000000000002b       0x2c /opt/microchip/xc32/v4.60/bin/bin/../../lib/gcc/pic32mx/8.3.1/../../../../pic32mx/lib/libc-musl.a(__stdio_close.o)
 .comment       0x000000000000002b       0x2c /opt/microchip/xc32/v4.60/bin/bin/../../lib/gcc/pic32mx/8.3.1/../../../../pic32mx/lib/libc-musl.a(__stdout.o)
 .comment       0x000000000000002b       0x2c /opt/microchip/xc32/v4.60/bin/bin/../../lib/gcc/pic32mx/8.3.1/../../../../pic32mx/lib/libc-musl.a(__towrite_rw.o)
 .comment       0x000000000000002b       0x2c /opt/microchip/xc32/v4.60/bin/bin/../../lib/gcc/pic32mx/8.3.1/../../../../pic32mx/lib/libc-musl.a(__int_vfscanf.o)
 .comment       0x000000000000002b       0x2c /opt/microchip/xc32/v4.60/bin/bin/../../lib/gcc/pic32mx/8.3.1/../../../../pic32mx/lib/libc-musl.a(__toread.o)