
Optional file libmchp_peripheral.a not found

Optional file libmchp_peripheral_32MX795F512H.a not found
Archive member included to satisfy reference by file (symbol)

/opt/microchip/xc32/v4.60/bin/bin/../../lib/gcc/pic32mx/8.3.1/libgcc.a(_fixdfdi.o)
                              build/default/production/_ext/1360937237/jsoncbor.o (__fixdfdi)
/opt/microchip/xc32/v4.60/bin/bin/../../lib/gcc/pic32mx/8.3.1/libgcc.a(_fixunsdfdi.o)
                              build/default/production/_ext/2146752828/cborpretty.o (__fixunsdfdi)
/opt/microchip/xc32/v4.60/bin/bin/../../lib/gcc/pic32mx/8.3.1/libgcc.a(_floatdidf.o)
                              build/default/production/_ext/1360937237/jsoncbor.o (__floatdidf)
/opt/microchip/xc32/v4.60/bin/bin/../../lib/gcc/pic32mx/8.3.1/libgcc.a(_floatundidf.o)
                              build/default/production/_ext/2146752828/cborpretty.o (__floatundidf)
/opt/microchip/xc32/v4.60/bin/bin/../../lib/gcc/pic32mx/8.3.1/libgcc.a(_udivdi3.o)
                              build/default/production/_ext/1033058136/tcpip_manager.o (__udivdi3)
/opt/microchip/xc32/v4.60/bin/bin/../../lib/gcc/pic32mx/8.3.1/libgcc.a(floatunsidf.o)
                              build/default/production/_ext/2146752828/cbortojson.o (__floatunsidf)
/opt/microchip/xc32/v4.60/bin/bin/../../lib/gcc/pic32mx/8.3.1/../../../../pic32mx/lib/libpic32.a(default-on-reset.o)
                              /tmp/cc8i5YFJ.o (_on_reset)
/opt/microchip/xc32/v4.60/bin/bin/../../lib/gcc/pic32mx/8.3.1/../../../../pic32mx/lib/libpic32.a(default-on-bootstrap.o)
                              /tmp/cc8i5YFJ.o (_on_bootstrap)
/opt/microchip/xc32/v4.60/bin/bin/../../lib/gcc/pic32mx/8.3.1/../../../../pic32mx/lib/libpic32.a(default-nmi-handler.o)
                              /tmp/cc8i5YFJ.o (_nmi_handler)
/opt/microchip/xc32/v4.60/bin/bin/../../lib/gcc/pic32mx/8.3.1/../../../../pic32mx/lib/libpic32.a(errno.o)
                              build/default/production/_ext/1033058136/tcpip_helpers.o (errno)
/opt/microchip/xc32/v4.60/bin/bin/../../lib/gcc/pic32mx/8.3.1/../../../../pic32mx/lib/libpic32.a(pic32_data_init_core.o)
                              /tmp/cc8i5YFJ.o (__pic32_data_init)
/opt/microchip/xc32/v4.60/bin/bin/../../lib/gcc/pic32mx/8.3.1/../../../../pic32mx/lib/libpic32.a(general-exception.o)
                              /tmp/cc8i5YFJ.o (_general_exception_context)
/opt/microchip/xc32/v4.60/bin/bin/../../lib/gcc/pic32mx/8.3.1/../../../../pic32mx/lib/libpic32.a(vector2.o)
                              /tmp/ccVIqdHQ.o (__vector_dispatch_2)
/opt/microchip/xc32/v4.60/bin/bin/../../lib/gcc/pic32mx/8.3.1/../../../../pic32mx/lib/libpic32.a(vector3.o)
                              /tmp/ccVIqdHQ.o (__vector_dispatch_3)
/opt/microchip/xc32/v4.60/bin/bin/../../lib/gcc/pic32mx/8.3.1/../../../../pic32mx/lib/libpic32.a(vector5.o)
                              /tmp/ccVIqdHQ.o (__vector_dispatch_5)
/opt/microchip/xc32/v4.60/bin/bin/../../lib/gcc/pic32mx/8.3.1/../../../../pic32mx/lib/libpic32.a(vector6.o)
                              /tmp/ccVIqdHQ.o (__vector_dispatch_6)
/opt/microchip/xc32/v4.60/bin/bin/../../lib/gcc/pic32mx/8.3.1/../../../../pic32mx/lib/libpic32.a(vector7.o)
                              /tmp/ccVIqdHQ.o (__vector_dispatch_7)
/opt/microchip/xc32/v4.60/bin/bin/../../lib/gcc/pic32mx/8.3.1/../../../../pic32mx/lib/libpic32.a(vector8.o)
                              /tmp/ccVIqdHQ.o (__vector_dispatch_8)
/opt/microchip/xc32/v4.60/bin/bin/../../lib/gcc/pic32mx/8.3.1/../../../../pic32mx/lib/libpic32.a(vector9.o)
                              /tmp/ccVIqdHQ.o (__vector_dispatch_9)
/opt/microchip/xc32/v4.60/bin/bin/../../lib/gcc/pic32mx/8.3.1/../../../../pic32mx/lib/libpic32.a(vector10.o)
                              /tmp/ccVIqdHQ.o (__vector_dispatch_10)
/opt/microchip/xc32/v4.60/bin/bin/../../lib/gcc/pic32mx/8.3.1/../../../../pic32mx/lib/libpic32.a(vector11.o)
                              /tmp/ccVIqdHQ.o (__vector_dispatch_11)
/opt/microchip/xc32/v4.60/bin/bin/../../lib/gcc/pic32mx/8.3.1/../../../../pic32mx/lib/libpic32.a(vector12.o)
                              /tmp/ccVIqdHQ.o (__vector_dispatch_12)
/opt/microchip/xc32/v4.60/bin/bin/../../lib/gcc/pic32mx/8.3.1/../../../../pic32mx/lib/libpic32.a(vector13.o)
                              /tmp/ccVIqdHQ.o (__vector_dispatch_13)
/opt/microchip/xc32/v4.60/bin/bin/../../lib/gcc/pic32mx/8.3.1/../../../../pic32mx/lib/libpic32.a(vector14.o)
                              /tmp/ccVIqdHQ.o (__vector_dispatch_14)
/opt/microchip/xc32/v4.60/bin/bin/../../lib/gcc/pic32mx/8.3.1/../../../../pic32mx/lib/libpic32.a(vector15.o)
                              /tmp/ccVIqdHQ.o (__vector_dispatch_15)
/opt/microchip/xc32/v4.60/bin/bin/../../lib/gcc/pic32mx/8.3.1/../../../../pic32mx/lib/libpic32.a(vector16.o)
                              /tmp/ccVIqdHQ.o (__vector_dispatch_16)
/opt/microchip/xc32/v4.60/bin/bin/../../lib/gcc/pic32mx/8.3.1/../../../../pic32mx/lib/libpic32.a(vector17.o)
[...]
Memory Configuration

Name             Origin             Length             Attributes
kseg0_program_mem 0x000000009d010000 0x0000000000070000 xr
kseg1_data_mem   0x00000000a0000000 0x0000000000020000 w !x
sfrs             0x00000000bf800000 0x0000000000100000
*default*        0x0000000000000000 0xffffffffffffffff

Linker script and memory map

LOAD /opt/microchip/xc32/v4.60/bin/bin/../../lib/gcc/pic32mx/8.3.1/../../../../pic32mx/lib/debug-exception-return.o
LOAD build/default/production/_ext/732082881/drv_eth_pic32_lib.o
LOAD build/default/production/_ext/732082881/drv_ethmac.o
LOAD build/default/production/_ext/732082881/drv_ethmac_lib.o
LOAD build/default/production/_ext/444070925/drv_ethphy.o
LOAD build/default/production/_ext/444070925/drv_extphy_lan8720.o
LOAD build/default/production/_ext/438849557/drv_miim_pic32m.o
LOAD build/default/production/_ext/438849557/drv_miim.o
LOAD build/default/production/_ext/1033058136/helpers.o
LOAD build/default/production/_ext/1033058136/dhcp.o
LOAD build/default/production/_ext/1033058136/ipv4.o
LOAD build/default/production/_ext/1033058136/tcpip_commands.o
LOAD build/default/production/_ext/1033058136/tcpip_notify.o
LOAD build/default/production/_ext/1033058136/tcpip_helpers.o
LOAD build/default/production/_ext/1033058136/tcpip_packet.o
LOAD build/default/production/_ext/1033058136/oahash.o
LOAD build/default/production/_ext/1033058136/udp.o
LOAD build/default/production/_ext/1033058136/arp.o
LOAD build/default/production/_ext/1033058136/icmp.o
LOAD build/default/production/_ext/1033058136/tcpip_heap_internal.o
LOAD build/default/production/_ext/1033058136/hash_fnv.o
LOAD build/default/production/_ext/1033058136/dns.o
LOAD build/default/production/_ext/1033058136/tcpip_helper_c32.o
LOAD build/default/production/_ext/1033058136/tcpip_heap_alloc.o
LOAD build/default/production/_ext/1033058136/tcpip_manager.o
LOAD build/default/production/_ext/1529399856/osal_freertos.o
LOAD build/default/production/_ext/60165520/plib_clk.o
LOAD build/default/production/_ext/1249264884/plib_coretimer.o
LOAD build/default/production/_ext/1865200349/plib_evic.o
LOAD build/default/production/_ext/1865254177/plib_gpio.o
LOAD build/default/production/_ext/298189674/plib_spi2_master.o
LOAD build/default/production/_ext/1865657120/plib_uart2.o
LOAD build/default/production/_ext/1865657120/plib_uart1.o
LOAD build/default/production/_ext/163028504/xc32_monitor.o
LOAD build/default/production/_ext/1376093119/sys_command.o
LOAD build/default/production/_ext/1832805299/sys_console_uart.o
LOAD build/default/production/_ext/1832805299/sys_console.o
LOAD build/default/production/_ext/944882569/sys_debug.o
LOAD build/default/production/_ext/1881668453/sys_int.o
LOAD build/default/production/_ext/1000052432/sys_reset.o
LOAD build/default/production/_ext/101884895/sys_time.o
LOAD build/default/production/_ext/753841488/sys_time_h2_adapter.o
LOAD build/default/production/_ext/1171490990/initialization.o
LOAD build/default/production/_ext/1171490990/interrupts.o
LOAD build/default/production/_ext/1171490990/freertos_hooks.o
LOAD build/default/production/_ext/1171490990/interrupts_a.o
LOAD build/default/production/_ext/1171490990/exceptions.o
LOAD build/default/production/_ext/1171490990/tasks.o
LOAD build/default/production/_ext/1665200909/heap_4.o
LOAD build/default/production/_ext/951553248/port_asm.o
LOAD build/default/production/_ext/951553248/port.o
LOAD build/default/production/_ext/404212886/FreeRTOS_tasks.o
LOAD build/default/production/_ext/404212886/event_groups.o
LOAD build/default/production/_ext/404212886/list.o
LOAD build/default/production/_ext/404212886/queue.o
LOAD build/default/production/_ext/404212886/stream_buffer.o
LOAD build/default/production/_ext/404212886/timers.o
LOAD build/default/production/_ext/404212886/croutine.o
LOAD build/default/production/_ext/1358156373/network.o
LOAD build/default/production/_ext/2146752828/cborencoder_float.o
LOAD build/default/production/_ext/2146752828/cborvalidation.o
LOAD build/default/production/_ext/2146752828/cborparser_float.o
LOAD build/default/production/_ext/2146752828/cborpretty_stdio.o
LOAD build/default/production/_ext/2146752828/cborencoder.o
LOAD build/default/production/_ext/2146752828/cborparser_dup_string.o
LOAD build/default/production/_ext/2146752828/cborpretty.o
LOAD build/default/production/_ext/2146752828/cborerrorstrings.o
LOAD build/default/production/_ext/2146752828/cborparser.o
LOAD build/default/production/_ext/2146752828/cborencoder_close_container_checked.o
LOAD build/default/production/_ext/2146752828/cbortojson.o
LOAD build/default/production/_ext/1360937237/main.o
LOAD build/default/production/_ext/1360937237/app.o
LOAD build/default/production/_ext/1360937237/ethernet.o
LOAD build/default/production/_ext/1360937237/coap.o
LOAD build/default/production/_ext/1360937237/cJSON.o
LOAD build/default/production/_ext/1360937237/jsoncbor.o
LOAD build/default/production/_ext/1360937237/cborjson.o
LOAD build/default/production/_ext/1360937237/resources.o
LOAD build/default/production/_ext/1360937237/storage.o
LOAD build/default/production/_ext/1360937237/eeprom.o
                0x0000000000000001                __MPLAB_BUILD = 0x1
                0x0000000000000400                PROVIDE (_min_stack_size = 0x400)
START GROUP
LOAD libmchp_peripheral.a
END GROUP
START GROUP
LOAD libmchp_peripheral_32MX795F512H.a
END GROUP
                0x0000000000000001                PROVIDE (_vector_spacing = 0x1)
                0x000000009d010000                PROVIDE (_ebase_address = 0x9d010000)
                0x000000009d010000                _RESET_ADDR = 0x9d010000
                0x000000009d010000                _BEV_EXCPT_ADDR = 0x9d010000
                0x000000009d010000                _DBG_EXCPT_ADDR = 0x9d010000
                0x00000000bfc02000                _DBG_CODE_ADDR = 0xbfc02000
                0x0000000000000ff0                _DBG_CODE_SIZE = 0xff0
                0x000000009d010000                _GEN_EXCPT_ADDR = 0x9d010000

.text           0x000000009d010000        0x0
 *(.stub .gnu.linkonce.t.*)
 *(.text.*personality*)
 *(.mips16.fn.*)
 *(.mips16.call.*)
 *(.gnu.warning)
                0x000000009d010000                . = ALIGN (0x4)

.init           0x000000009d010000        0x0
 *crti.o(.init)
 *crtbegin.o(.init)
 *(EXCLUDE_FILE(*crtn.o *crtend?.o *crtend.o) .init)
 *crtend.o(.init)
 *crtn.o(.init)
                0x000000009d010000                . = ALIGN (0x4)

.fini           0x000000009d010000        0x0
 *(.fini)
                0x000000009d010000                . = ALIGN (0x4)

.preinit_array  0x000000009d010000        0x0
                [!provide]                        PROVIDE (__preinit_array_start = .)
 *(.preinit_array)
                [!provide]                        PROVIDE (__preinit_array_end = .)
                0x000000009d010000                . = ALIGN (0x4)

.init_array     0x000000009d010000        0x0
                [!provide]                        PROVIDE (__init_array_start = .)
 *(SORT_BY_NAME(.init_array.*))
 *(.init_array)
                [!provide]                        PROVIDE (__init_array_end = .)
                0x000000009d010000                . = ALIGN (0x4)

.fini_array     0x000000009d010000        0x0
                [!provide]                        PROVIDE (__fini_array_start = .)
 *(SORT_BY_NAME(.fini_array.*))
 *(.fini_array)
                [!provide]                        PROVIDE (__fini_array_end = .)
                0x000000009d010000                . = ALIGN (0x4)

.ctors          0x000000009d010000        0x0
 *crtbegin.o(.ctors)
 *crtbegin?.o(.ctors)
 *(EXCLUDE_FILE(*crtend?.o *crtend.o) .ctors)
 *(SORT_BY_NAME(.ctors.*))
 *(.ctors)
                0x000000009d010000                . = ALIGN (0x4)

.dtors          0x000000009d010000        0x0
 *crtbegin.o(.dtors)
 *crtbegin?.o(.dtors)
 *(EXCLUDE_FILE(*crtend?.o *crtend.o) .dtors)
 *(SORT_BY_NAME(.dtors.*))
 *(.dtors)
                0x000000009d010000                . = ALIGN (0x4)

.rodata         0x000000009d010000        0x0
 *(.gnu.linkonce.r.*)
 *(.rodata1)
                0x000000009d010000                . = ALIGN (0x4)

.sdata2         0x000000009d010000        0x0
 *(.sdata2 .sdata2.* .gnu.linkonce.s2.*)
                0x000000009d010000                . = ALIGN (0x4)

.sbss2          0x000000009d010000        0x0
 *(.sbss2 .sbss2.* .gnu.linkonce.sb2.*)
                0x000000009d010000                . = ALIGN (0x4)

.eh_frame_hdr
 *(.eh_frame_hdr)
                0x000000009d010000                . = ALIGN (0x4)

.eh_frame
 *(.eh_frame)
                0x000000009d010000                . = ALIGN (0x4)

.gcc_except_table
 *(.gcc_except_table .gcc_except_table.*)
                0x000000009d010000                . = ALIGN (0x4)

.dbg_data       0x00000000a0000000        0x0
                0x00000000a0000000                . = (. + DEFINED (_DEBUGGER)?0x200:0x0)

.jcr            0x00000000a0000000        0x0
 *(.jcr)
                0x00000000a0000000                . = ALIGN (0x4)

.eh_frame
 *(.eh_frame)
                0x00000000a0000000                . = ALIGN (0x4)

.gcc_except_table
 *(.gcc_except_table .gcc_except_table.*)
                0x00000000a0000000                . = ALIGN (0x4)

.persist        0x00000000a0000000        0x0
                0x00000000a0000000                _persist_begin = .
 *(.persist .persist.*)
                0x00000000a0000000                . = ALIGN (0x4)
                0x00000000a0000000                _persist_end = .

.data           0x00000000a0000000        0x0
 *(.gnu.linkonce.d.*)
 *(.data1)
                0x00000000a0000000                . = ALIGN (0x4)
                0x00000000a0000000                . = .
                0x00000000a0007ff0                _gp = (ALIGN (0x10) + 0x7ff0)

.got            0x00000000a0000000        0x0
 *(.got.plt)
 *(.got)
                0x00000000a0000000                . = ALIGN (0x4)

.sdata          0x00000000a0000000       0x20
                0x00000000a0000000                _sdata_begin = .
 *(.sdata .sdata.* .gnu.linkonce.s.*)
 .sdata         0x00000000a0000000        0x6 build/default/production/_ext/1033058136/arp.o
 *fill*         0x00000000a0000006        0x2 
 .sdata         0x00000000a0000008        0x4 build/default/production/_ext/1033058136/tcpip_manager.o
 .sdata         0x00000000a000000c        0x2 build/default/production/_ext/101884895/sys_time.o
 *fill*         0x00000000a000000e        0x2 
 .sdata         0x00000000a0000010        0x4 build/default/production/_ext/951553248/port.o
                0x00000000a0000010                uxInterruptNesting
 .sdata         0x00000000a0000014        0x8 build/default/production/_ext/1358156373/network.o
                0x00000000a0000014                network_json_str
                0x00000000a0000018                network_ns
 .sdata         0x00000000a000001c        0x1 build/default/production/_ext/1360937237/app.o
                0x00000000a000001c                led_stat_period
                0x00000000a0000020                . = ALIGN (0x4)
 *fill*         0x00000000a000001d        0x3 
                0x00000000a0000020                _sdata_end = .

.lit8
 *(.lit8)

.lit4
 *(.lit4)
                0x00000000a0000020                . = ALIGN (0x4)
                0x00000000a0000020                _data_end = .
                0x00000000a0000020                _bss_begin = .

.sbss           0x00000000a0000020      0x1a4
                0x00000000a0000020                _sbss_begin = .
 *(.dynsbss)
 *(.sbss .sbss.* .gnu.linkonce.sb.*)
 .sbss          0x00000000a0000020        0x4 build/default/production/_ext/732082881/drv_ethmac.o
 .sbss          0x00000000a0000024        0x8 build/default/production/_ext/444070925/drv_ethphy.o
 .sbss          0x00000000a000002c        0x8 build/default/production/_ext/438849557/drv_miim.o
 .sbss          0x00000000a0000034       0x1c build/default/production/_ext/1033058136/dhcp.o
 .sbss          0x00000000a0000050       0x22 build/default/production/_ext/1033058136/ipv4.o
 *fill*         0x00000000a0000072        0x2 
 .sbss          0x00000000a0000074        0xc build/default/production/_ext/1033058136/tcpip_commands.o
 .sbss          0x00000000a0000080        0x4 build/default/production/_ext/1033058136/tcpip_packet.o
 .sbss          0x00000000a0000084       0x1c build/default/production/_ext/1033058136/udp.o
 .sbss          0x00000000a00000a0        0x8 build/default/production/_ext/1033058136/icmp.o
 .sbss          0x00000000a00000a8       0x38 build/default/production/_ext/1033058136/tcpip_manager.o
 .sbss          0x00000000a00000e0        0x8 build/default/production/_ext/1249264884/plib_coretimer.o
 .sbss          0x00000000a00000e8       0x18 build/default/production/_ext/1376093119/sys_command.o
 .sbss          0x00000000a0000100        0x5 build/default/production/_ext/1832805299/sys_console.o
 *fill*         0x00000000a0000105        0x3 
 .sbss          0x00000000a0000108        0xc build/default/production/_ext/944882569/sys_debug.o
                0x00000000a0000108                gblErrLvl
 .sbss          0x00000000a0000114        0x8 build/default/production/_ext/753841488/sys_time_h2_adapter.o
 .sbss          0x00000000a000011c        0x4 build/default/production/_ext/1171490990/exceptions.o
 .sbss          0x00000000a0000120        0x8 build/default/production/_ext/1171490990/tasks.o
                0x00000000a0000120                xSYS_CMD_Tasks
                0x00000000a0000124                xAPP_Tasks
 .sbss          0x00000000a0000128       0x1c build/default/production/_ext/1665200909/heap_4.o
 .sbss          0x00000000a0000144        0x4 build/default/production/_ext/951553248/port.o
                0x00000000a0000144                uxSavedTaskStackPointer
 .sbss          0x00000000a0000148       0x3c build/default/production/_ext/404212886/FreeRTOS_tasks.o
                0x00000000a0000180                pxCurrentTCB
 .sbss          0x00000000a0000184        0x8 build/default/production/_ext/1360937237/app.o
                0x00000000a0000184                led_stat_counter
                0x00000000a0000188                appData
 .sbss          0x00000000a000018c       0x28 build/default/production/_ext/1360937237/ethernet.o
                0x00000000a000018c                ethernet_services_initialized
                0x00000000a0000190                broadcast_address
                0x00000000a0000194                gateway
                0x00000000a0000198                subnet_mask
                0x00000000a000019c                ip_address
                0x00000000a00001a0                mac_addr
                0x00000000a00001a6                link_up
                0x00000000a00001a7                is_ready
                0x00000000a00001a8                has_ip
                0x00000000a00001a9                is_stack_ready
                0x00000000a00001ac                packetHandlerHandle
                0x00000000a00001b0                netH
 .sbss          0x00000000a00001b4        0x2 build/default/production/_ext/1360937237/coap.o
 *fill*         0x00000000a00001b6        0x2 
 .sbss          0x00000000a00001b8        0x8 build/default/production/_ext/1360937237/cJSON.o
 .sbss          0x00000000a00001c0        0x1 build/default/production/_ext/1360937237/eeprom.o
 *(.scommon)
                0x00000000a00001c1                _sbss_end = .
                0x00000000a00001c4                . = ALIGN (0x4)
 *fill*         0x00000000a00001c1        0x3 

.bss            0x00000000a00001c4        0x0
 *(.dynbss)
 *(COMMON)
                0x00000000a00001c4                . = ALIGN ((. != 0x0)?0x4:0x1)
                0x00000000a00001c4                . = ALIGN (0x4)
                0x00000000a00001c4                _end = .
                0x00000000a00001c4                _bss_end = .
                0x0000000000020000                _bmxdudba_address = LENGTH (kseg1_data_mem)
                0x0000000000020000                _bmxdupba_address = LENGTH (kseg1_data_mem)

/DISCARD/
 *(.pdr)
 *(.rel.dyn)
 *(.note.GNU-stack)
 *(.note.GNU-stack)
 *(.gnu_debuglink)
 *(.gnu.lto_*)
 *(.discard)

.gptab.sdata
 *(.gptab.data)
 *(.gptab.sdata)

.gptab.sbss
 *(.gptab.bss)
 *(.gptab.sbss)

.mdebug.abi32   0x0000000000000000        0x0
 *(.mdebug.abi32)
 .mdebug.abi32  0x0000000000000000        0x0 build/default/production/_ext/732082881/drv_eth_pic32_lib.o
 .mdebug.abi32  0x0000000000000000        0x0 build/default/production/_ext/732082881/drv_ethmac.o
 .mdebug.abi32  0x0000000000000000        0x0 build/default/production/_ext/732082881/drv_ethmac_lib.o
 .mdebug.abi32  0x0000000000000000        0x0 build/default/production/_ext/444070925/drv_ethphy.o
 .mdebug.abi32  0x0000000000000000        0x0 build/default/production/_ext/444070925/drv_extphy_lan8720.o
 .mdebug.abi32  0x0000000000000000        0x0 build/default/production/_ext/438849557/drv_miim_pic32m.o
 .mdebug.abi32  0x0000000000000000        0x0 build/default/production/_ext/438849557/drv_miim.o
 .mdebug.abi32  0x0000000000000000        0x0 build/default/production/_ext/1033058136/helpers.o
 .mdebug.abi32  0x0000000000000000        0x0 build/default/production/_ext/1033058136/dhcp.o
 .mdebug.abi32  0x0000000000000000        0x0 build/default/production/_ext/1033058136/ipv4.o
 .mdebug.abi32  0x0000000000000000        0x0 build/default/production/_ext/1033058136/tcpip_commands.o
 .mdebug.abi32  0x0000000000000000        0x0 build/default/production/_ext/1033058136/tcpip_notify.o
 .mdebug.abi32  0x0000000000000000        0x0 build/default/production/_ext/1033058136/tcpip_helpers.o
 .mdebug.abi32  0x0000000000000000        0x0 build/default/production/_ext/1033058136/tcpip_packet.o
 .mdebug.abi32  0x0000000000000000        0x0 build/default/production/_ext/1033058136/oahash.o
 .mdebug.abi32  0x0000000000000000        0x0 build/default/production/_ext/1033058136/udp.o
 .mdebug.abi32  0x0000000000000000        0x0 build/default/production/_ext/1033058136/arp.o
 .mdebug.abi32  0x0000000000000000        0x0 build/default/production/_ext/1033058136/icmp.o
 .mdebug.abi32  0x0000000000000000        0x0 build/default/production/_ext/1033058136/tcpip_heap_internal.o
 .mdebug.abi32  0x0000000000000000        0x0 build/default/production/_ext/1033058136/hash_fnv.o
 .mdebug.abi32  0x0000000000000000        0x0 build/default/production/_ext/1033058136/dns.o
 .mdebug.abi32  0x0000000000000000        0x0 build/default/production/_ext/1033058136/tcpip_heap_alloc.o
 .mdebug.abi32  0x0000000000000000        0x0 build/default/production/_ext/1033058136/tcpip_manager.o
 .mdebug.abi32  0x0000000000000000        0x0 build/default/production/_ext/1529399856/osal_freertos.o
 .mdebug.abi32  0x0000000000000000        0x0 build/default/production/_ext/60165520/plib_clk.o
 .mdebug.abi32  0x0000000000000000        0x0 build/default/production/_ext/1249264884/plib_coretimer.o
 .mdebug.abi32  0x0000000000000000        0x0 build/default/production/_ext/1865200349/plib_evic.o
 .mdebug.abi32  0x0000000000000000        0x0 build/default/production/_ext/1865254177/plib_gpio.o
 .mdebug.abi32  0x0000000000000000        0x0 build/default/production/_ext/298189674/plib_spi2_master.o
 .mdebug.abi32  0x0000000000000000        0x0 build/default/production/_ext/1865657120/plib_uart2.o
 .mdebug.abi32  0x0000000000000000        0x0 build/default/production/_ext/1865657120/plib_uart1.o
 .mdebug.abi32  0x0000000000000000        0x0 build/default/production/_ext/163028504/xc32_monitor.o
 .mdebug.abi32  0x0000000000000000        0x0 build/default/production/_ext/1376093119/sys_command.o
 .mdebug.abi32  0x0000000000000000        0x0 build/default/production/_ext/1832805299/sys_console_uart.o
 .mdebug.abi32  0x0000000000000000        0x0 build/default/production/_ext/1832805299/sys_console.o
 .mdebug.abi32  0x0000000000000000        0x0 build/default/production/_ext/944882569/sys_debug.o
 .mdebug.abi32  0x0000000000000000        0x0 build/default/production/_ext/1881668453/sys_int.o
 .mdebug.abi32  0x0000000000000000        0x0 build/default/production/_ext/1000052432/sys_reset.o
 .mdebug.abi32  0x0000000000000000        0x0 build/default/production/_ext/101884895/sys_time.o
 .mdebug.abi32  0x0000000000000000        0x0 build/default/production/_ext/753841488/sys_time_h2_adapter.o
 .mdebug.abi32  0x0000000000000000        0x0 build/default/production/_ext/1171490990/initialization.o
 .mdebug.abi32  0x0000000000000000        0x0 build/default/production/_ext/1171490990/interrupts.o
 .mdebug.abi32  0x0000000000000000        0x0 build/default/production/_ext/1171490990/freertos_hooks.o
 .mdebug.abi32  0x0000000000000000        0x0 build/default/production/_ext/1171490990/exceptions.o
 .mdebug.abi32  0x0000000000000000        0x0 build/default/production/_ext/1171490990/tasks.o
 .mdebug.abi32  0x0000000000000000        0x0 build/default/production/_ext/1665200909/heap_4.o
 .mdebug.abi32  0x0000000000000000        0x0 build/default/production/_ext/951553248/port.o
 .mdebug.abi32  0x0000000000000000        0x0 build/default/production/_ext/404212886/FreeRTOS_tasks.o
 .mdebug.abi32  0x0000000000000000        0x0 build/default/production/_ext/404212886/event_groups.o
 .mdebug.abi32  0x0000000000000000        0x0 build/default/production/_ext/404212886/list.o
 .mdebug.abi32  0x0000000000000000        0x0 build/default/production/_ext/404212886/queue.o
 .mdebug.abi32  0x0000000000000000        0x0 build/default/production/_ext/404212886/stream_buffer.o
 .mdebug.abi32  0x0000000000000000        0x0 build/default/production/_ext/404212886/timers.o
 .mdebug.abi32  0x0000000000000000        0x0 build/default/production/_ext/404212886/croutine.o
 .mdebug.abi32  0x0000000000000000        0x0 build/default/production/_ext/1358156373/network.o
 .mdebug.abi32  0x0000000000000000        0x0 build/default/production/_ext/2146752828/cborencoder_float.o
 .mdebug.abi32  0x0000000000000000        0x0 build/default/production/_ext/2146752828/cborvalidation.o
 .mdebug.abi32  0x0000000000000000        0x0 build/default/production/_ext/2146752828/cborparser_float.o
 .mdebug.abi32  0x0000000000000000        0x0 build/default/production/_ext/2146752828/cborpretty_stdio.o
 .mdebug.abi32  0x0000000000000000        0x0 build/default/production/_ext/2146752828/cborencoder.o
 .mdebug.abi32  0x0000000000000000        0x0 build/default/production/_ext/2146752828/cborparser_dup_string.o
 .mdebug.abi32  0x0000000000000000        0x0 build/default/production/_ext/2146752828/cborpretty.o
 .mdebug.abi32  0x0000000000000000        0x0 build/default/production/_ext/2146752828/cborerrorstrings.o
 .mdebug.abi32  0x0000000000000000        0x0 build/default/production/_ext/2146752828/cborparser.o
 .mdebug.abi32  0x0000000000000000        0x0 build/default/production/_ext/2146752828/cborencoder_close_container_checked.o
 .mdebug.abi32  0x0000000000000000        0x0 build/default/production/_ext/2146752828/cbortojson.o
 .mdebug.abi32  0x0000000000000000        0x0 build/default/production/_ext/1360937237/main.o
 .mdebug.abi32  0x0000000000000000        0x0 build/default/production/_ext/1360937237/app.o
 .mdebug.abi32  0x0000000000000000        0x0 build/default/production/_ext/1360937237/ethernet.o
 .mdebug.abi32  0x0000000000000000        0x0 build/default/production/_ext/1360937237/coap.o
 .mdebug.abi32  0x0000000000000000        0x0 build/default/production/_ext/1360937237/cJSON.o
 .mdebug.abi32  0x0000000000000000        0x0 build/default/production/_ext/1360937237/jsoncbor.o
 .mdebug.abi32  0x0000000000000000        0x0 build/default/production/_ext/1360937237/cborjson.o
 .mdebug.abi32  0x0000000000000000        0x0 build/default/production/_ext/1360937237/resources.o
 .mdebug.abi32  0x0000000000000000        0x0 build/default/production/_ext/1360937237/storage.o
 .mdebug.abi32  0x0000000000000000        0x0 build/default/production/_ext/1360937237/eeprom.o
 .mdebug.abi32  0x0000000000000000        0x0 /opt/microchip/xc32/v4.60/bin/bin/../../lib/gcc/pic32mx/8.3.1/libgcc.a(_fixdfdi.o)
 .mdebug.abi32  0x0000000000000000        0x0 /opt/microchip/xc32/v4.60/bin/bin/../../lib/gcc/pic32mx/8.3.1/libgcc.a(_fixunsdfdi.o)
 .mdebug.abi32  0x0000000000000000        0x0 /opt/microchip/xc32/v4.60/bin/bin/../../lib/gcc/pic32mx/8.3.1/libgcc.a(_floatdidf.o)
 .mdebug.abi32  0x0000000000000000        0x0 /opt/microchip/xc32/v4.60/bin/bin/../../lib/gcc/pic32mx/8.3.1/libgcc.a(_floatundidf.o)
 .mdebug.abi32  0x0000000000000000        0x0 /opt/microchip/xc32/v4.60/bin/bin/../../lib/gcc/pic32mx/8.3.1/libgcc.a(_udivdi3.o)
 .mdebug.abi32  0x0000000000000000        0x0 /opt/microchip/xc32/v4.60/bin/bin/../../lib/gcc/pic32mx/8.3.1/libgcc.a(floatunsidf.o)
 .mdebug.abi32  0x0000000000000000        0x0 /opt/microchip/xc32/v4.60/bin/bin/../../lib/gcc/pic32mx/8.3.1/../../../../pic32mx/lib/libpic32.a(default-on-reset.o)
 .mdebug.abi32  0x0000000000000000        0x0 /opt/microchip/xc32/v4.60/bin/bin/../../lib/gcc/pic32mx/8.3.1/../../../../pic32mx/lib/libpic32.a(default-on-bootstrap.o)
 .mdebug.abi32  0x0000000000000000        0x0 /opt/microchip/xc32/v4.60/bin/bin/../../lib/gcc/pic32mx/8.3.1/../../../../pic32mx/lib/libpic32.a(errno.o)
 .mdebug.abi32  0x0000000000000000        0x0 /opt/microchip/xc32/v4.60/bin/bin/../../lib/gcc/pic32mx/8.3.1/../../../../pic32mx/lib/libpic32.a(defaultinterrupt.o)
 .mdebug.abi32  0x0000000000000000        0x0 /opt/microchip/xc32/v4.60/bin/bin/../../lib/gcc/pic32mx/8.3.1/../../../../pic32mx/lib/libc-size-musl.a(memcmp.o)
 .mdebug.abi32  0x0000000000000000        0x0 /opt/microchip/xc32/v4.60/bin/bin/../../lib/gcc/pic32mx/8.3.1/../../../../pic32mx/lib/libc-size-musl.a(memcpy.o)
 .mdebug.abi32  0x0000000000000000        0x0 /opt/microchip/xc32/v4.60/bin/bin/../../lib/gcc/pic32mx/8.3.1/../../../../pic32mx/lib/libc-size-musl.a(memset.o)
 .mdebug.abi32  0x0000000000000000        0x0 /opt/microchip/xc32/v4.60/bin/bin/../../lib/gcc/pic32mx/8.3.1/../../../../pic32mx/lib/libc-size-musl.a(strlen.o)
 .mdebug.abi32  0x0000000000000000        0x0 /opt/microchip/xc32/v4.60/bin/bin/../../lib/gcc/pic32mx/8.3.1/../../../../pic32mx/lib/libc-size-musl.a(strchr.o)
 .mdebug.abi32  0x0000000000000000        0x0 /opt/microchip/xc32/v4.60/bin/bin/../../lib/gcc/pic32mx/8.3.1/../../../../pic32mx/lib/libc-size-musl.a(strchrnul.o)
 .mdebug.abi32  0x0000000000000000        0x0 /opt/microchip/xc32/v4.60/bin/bin/../../lib/gcc/pic32mx/8.3.1/../../../../pic32mx/lib/libc-size-musl.a(strcmp.o)
 .mdebug.abi32  0x0000000000000000        0x0 /opt/microchip/xc32/v4.60/bin/bin/../../lib/gcc/pic32mx/8.3.1/../../../../pic32mx/lib/libc-size-musl.a(strcpy.o)
 .mdebug.abi32  0x0000000000000000        0x0 /opt/microchip/xc32/v4.60/bin/bin/../../lib/gcc/pic32mx/8.3.1/../../../../pic32mx/lib/libc-size-musl.a(strncmp.o)
 .mdebug.abi32  0x0000000000000000        0x0 /opt/microchip/xc32/v4.60/bin/bin/../../lib/gcc/pic32mx/8.3.1/../../../../pic32mx/lib/libc-size-musl.a(strncpy.o)
 .mdebug.abi32  0x0000000000000000        0x0 /opt/microchip/xc32/v4.60/bin/bin/../../lib/gcc/pic32mx/8.3.1/../../../../pic32mx/lib/libc-size-musl.a(strrchr.o)
 .mdebug.abi32  0x0000000000000000        0x0 /opt/microchip/xc32/v4.60/bin/bin/../../lib/gcc/pic32mx/8.3.1/../../../../pic32mx/lib/libc-size-musl.a(strtok.o)
 .mdebug.abi32  0x0000000000000000        0x0 /opt/microchip/xc32/v4.60/bin/bin/../../lib/gcc/pic32mx/8.3.1/../../../../pic32mx/lib/libc-size-musl.a(memrchr.o)
 .mdebug.abi32  0x0000000000000000        0x0 /opt/microchip/xc32/v4.60/bin/bin/../../lib/gcc/pic32mx/8.3.1/../../../../pic32mx/lib/libc-size-musl.a(stpcpy.o)
 .mdebug.abi32  0x0000000000000000        0x0 /opt/microchip/xc32/v4.60/bin/bin/../../lib/gcc/pic32mx/8.3.1/../../../../pic32mx/lib/libc-size-musl.a(stpncpy.o)
 .mdebug.abi32  0x0000000000000000        0x0 /opt/microchip/xc32/v4.60/bin/bin/../../lib/gcc/pic32mx/8.3.1/../../../../pic32mx/lib/libc-size-musl.a(strcspn.o)
 .mdebug.abi32  0x0000000000000000        0x0 /opt/microchip/xc32/v4.60/bin/bin/../../lib/gcc/pic32mx/8.3.1/../../../../pic32mx/lib/libc-size-musl.a(strspn.o)
 .mdebug.abi32  0x0000000000000000        0x0 /opt/microchip/xc32/v4.60/bin/bin/../../lib/gcc/pic32mx/8.3.1/../../../../pic32mx/lib/liblmalloc-musl.a(lite_realloc.o)
 .mdebug.abi32  0x0000000000000000        0x0 /opt/microchip/xc32/v4.60/bin/bin/../../lib/gcc/pic32mx/8.3.1/../../../../pic32mx/lib/liblmalloc-musl.a(lite_free.o)
 .mdebug.abi32  0x0000000000000000        0x0 /opt/microchip/xc32/v4.60/bin/bin/../../lib/gcc/pic32mx/8.3.1/../../../../pic32mx/lib/liblmalloc-musl.a(lite_malloc.o)
 .mdebug.abi32  0x0000000000000000        0x0 /opt/microchip/xc32/v4.60/bin/bin/../../lib/gcc/pic32mx/8.3.1/../../../../pic32mx/lib/libc-musl.a(isalnum.o)
 .mdebug.abi32  0x0000000000000000        0x0 /opt/microchip/xc32/v4.60/bin/bin/../../lib/gcc/pic32mx/8.3.1/../../../../pic32mx/lib/libc-musl.a(isxdigit.o)
 .mdebug.abi32  0x0000000000000000        0x0 /opt/microchip/xc32/v4.60/bin/bin/../../lib/gcc/pic32mx/8.3.1/../../../../pic32mx/lib/libc-musl.a(tolower.o)
 .mdebug.abi32  0x0000000000000000        0x0 /opt/microchip/xc32/v4.60/bin/bin/../../lib/gcc/pic32mx/8.3.1/../../../../pic32mx/lib/libc-musl.a(toupper.o)
 .mdebug.abi32  0x0000000000000000        0x0 /opt/microchip/xc32/v4.60/bin/bin/../../lib/gcc/pic32mx/8.3.1/../../../../pic32mx/lib/libc-musl.a(assert.o)
 .mdebug.abi32  0x0000000000000000        0x0 /opt/microchip/xc32/v4.60/bin/bin/../../lib/gcc/pic32mx/8.3.1/../../../../pic32mx/lib/libc-musl.a(abort.o)
 .mdebug.abi32  0x0000000000000000        0x0 /opt/microchip/xc32/v4.60/bin/bin/../../lib/gcc/pic32mx/8.3.1/../../../../pic32mx/lib/libc-musl.a(expand_heap.o)
 .mdebug.abi32  0x0000000000000000        0x0 /opt/microchip/xc32/v4.60/bin/bin/../../lib/gcc/pic32mx/8.3.1/../../../../pic32mx/lib/libc-musl.a(rand.o)
 .mdebug.abi32  0x0000000000000000        0x0 /opt/microchip/xc32/v4.60/bin/bin/../../lib/gcc/pic32mx/8.3.1/../../../../pic32mx/lib/libc-musl.a(__sio_sscanf_eEfFgGn.o)
 .mdebug.abi32  0x0000000000000000        0x0 /opt/microchip/xc32/v4.60/bin/bin/../../lib/gcc/pic32mx/8.3.1/../../../../pic32mx/lib/libc-musl.a(fprintf.o)
 .mdebug.abi32  0x0000000000000000        0x0 /opt/microchip/xc32/v4.60/bin/bin/../../lib/gcc/pic32mx/8.3.1/../../../../pic32mx/lib/libc-musl.a(__scan_fp.o)
 .mdebug.abi32  0x0000000000000000        0x0 /opt/microchip/xc32/v4.60/bin/bin/../../lib/gcc/pic32mx/8.3.1/../../../../pic32mx/lib/libc-musl.a(__scanf_core.o)
 .mdebug.abi32  0x0000000000000000        0x0 /opt/microchip/xc32/v4.60/bin/bin/../../lib/gcc/pic32mx/8.3.1/../../../../pic32mx/lib/libc-musl.a(fclose.o)
 .mdebug.abi32  0x0000000000000000        0x0 /opt/microchip/xc32/v4.60/bin/bin/../../lib/gcc/pic32mx/8.3.1/../../../../pic32mx/lib/libc-musl.a(fflush.o)
 .mdebug.abi32  0x0000000000000000        0x0 /opt/microchip/xc32/v4.60/bin/bin/../../lib/gcc/pic32mx/8.3.1/../../../../pic32mx/lib/libc-musl.a(putc.o)
 .mdebug.abi32  0x0000000000000000        0x0 /opt/microchip/xc32/v4.60/bin/bin/../../lib/gcc/pic32mx/8.3.1/../../../../pic32mx/lib/libc-musl.a(vfprintf.o)
 .mdebug.abi32  0x0000000000000000        0x0 /opt/microchip/xc32/v4.60/bin/bin/../../lib/gcc/pic32mx/8.3.1/../../../../pic32mx/lib/libc-musl.a(vsnprintf.o)
 .mdebug.abi32  0x0000000000000000        0x0 /opt/microchip/xc32/v4.60/bin/bin/../../lib/gcc/pic32mx/8.3.1/../../../../pic32mx/lib/libc-musl.a(stderr.o)
 .mdebug.abi32  0x0000000000000000        0x0 /opt/microchip/xc32/v4.60/bin/bin/../../lib/gcc/pic32mx/8.3.1/../../../../pic32mx/lib/libc-musl.a(snprintf.o)
 .mdebug.abi32  0x0000000000000000        0x0 /opt/microchip/xc32/v4.60/bin/bin/../../lib/gcc/pic32mx/8.3.1/../../../../pic32mx/lib/libc-musl.a(sprintf.o)
 .mdebug.abi32  0x0000000000000000        0x0 /opt/microchip/xc32/v4.60/bin/bin/../../lib/gcc/pic32mx/8.3.1/../../../../pic32mx/lib/libc-musl.a(vsprintf.o)
 .mdebug.abi32  0x0000000000000000        0x0 /opt/microchip/xc32/v4.60/bin/bin/../../lib/gcc/pic32mx/8.3.1/../../../../pic32mx/lib/libc-musl.a(atoi.o)
 .mdebug.abi32  0x0000000000000000        0x0 /opt/microchip/xc32/v4.60/bin/bin/../../lib/gcc/pic32mx/8.3.1/../../../../pic32mx/lib/libc-musl.a(strtod.o)
 .mdebug.abi32  0x0000000000000000        0x0 /opt/microchip/xc32/v4.60/bin/bin/../../lib/gcc/pic32mx/8.3.1/../../../../pic32mx/lib/libc-musl.a(strtol.o)
 .mdebug.abi32  0x0000000000000000        0x0 /opt/microchip/xc32/v4.60/bin/bin/../../lib/gcc/pic32mx/8.3.1/../../../../pic32mx/lib/libc-musl.a(qsort.o)
 .mdebug.abi32  0x0000000000000000        0x0 /opt/microchip/xc32/v4.60/bin/bin/../../lib/gcc/pic32mx/8.3.1/../../../../pic32mx/lib/libc-musl.a(_Exit.o)
 .mdebug.abi32  0x0000000000000000        0x0 /opt/microchip/xc32/v4.60/bin/bin/../../lib/gcc/pic32mx/8.3.1/../../../../pic32mx/lib/libc-musl.a(floatscan.o)
 .mdebug.abi32  0x0000000000000000        0x0 /opt/microchip/xc32/v4.60/bin/bin/../../lib/gcc/pic32mx/8.3.1/../../../../pic32mx/lib/libc-musl.a(intscan.o)
 .mdebug.abi32  0x0000000000000000        0x0 /opt/microchip/xc32/v4.60/bin/bin/../../lib/gcc/pic32mx/8.3.1/../../../../pic32mx/lib/libc-musl.a(shgetc.o)
 .mdebug.abi32  0x0000000000000000        0x0 /opt/microchip/xc32/v4.60/bin/bin/../../lib/gcc/pic32mx/8.3.1/../../../../pic32mx/lib/libc-musl.a(__int_vsscanf.o)
 .mdebug.abi32  0x0000000000000000        0x0 /opt/microchip/xc32/v4.60/bin/bin/../../lib/gcc/pic32mx/8.3.1/../../../../pic32mx/lib/libc-musl.a(__string_read.o)
 .mdebug.abi32  0x0000000000000000        0x0 /opt/microchip/xc32/v4.60/bin/bin/../../lib/gcc/pic32mx/8.3.1/../../../../pic32mx/lib/libc-musl.a(__uflow.o)
 .mdebug.abi32  0x0000000000000000        0x0 /opt/microchip/xc32/v4.60/bin/bin/../../lib/gcc/pic32mx/8.3.1/../../../../pic32mx/lib/libc-musl.a(__fwrite.o)
 .mdebug.abi32  0x0000000000000000        0x0 /opt/microchip/xc32/v4.60/bin/bin/../../lib/gcc/pic32mx/8.3.1/../../../../pic32mx/lib/libc-musl.a(__io_fmt_needed.o)
 .mdebug.abi32  0x0000000000000000        0x0 /opt/microchip/xc32/v4.60/bin/bin/../../lib/gcc/pic32mx/8.3.1/../../../../pic32mx/lib/libc-musl.a(__io_init_needed.o)
 .mdebug.abi32  0x0000000000000000        0x0 /opt/microchip/xc32/v4.60/bin/bin/../../lib/gcc/pic32mx/8.3.1/../../../../pic32mx/lib/libc-musl.a(__io_rw_needed.o)
 .mdebug.abi32  0x0000000000000000        0x0 /opt/microchip/xc32/v4.60/bin/bin/../../lib/gcc/pic32mx/8.3.1/../../../../pic32mx/lib/libc-musl.a(__io_std_needed.o)
 .mdebug.abi32  0x0000000000000000        0x0 /opt/microchip/xc32/v4.60/bin/bin/../../lib/gcc/pic32mx/8.3.1/../../../../pic32mx/lib/libc-musl.a(__out.o)
 .mdebug.abi32  0x0000000000000000        0x0 /opt/microchip/xc32/v4.60/bin/bin/../../lib/gcc/pic32mx/8.3.1/../../../../pic32mx/lib/libc-musl.a(__pop_float.o)
 .mdebug.abi32  0x0000000000000000        0x0 /opt/microchip/xc32/v4.60/bin/bin/../../lib/gcc/pic32mx/8.3.1/../../../../pic32mx/lib/libc-musl.a(__pop_int.o)
 .mdebug.abi32  0x0000000000000000        0x0 /opt/microchip/xc32/v4.60/bin/bin/../../lib/gcc/pic32mx/8.3.1/../../../../pic32mx/lib/libc-musl.a(__pop_ptr.o)
 .mdebug.abi32  0x0000000000000000        0x0 /opt/microchip/xc32/v4.60/bin/bin/../../lib/gcc/pic32mx/8.3.1/../../../../pic32mx/lib/libc-musl.a(__printf_core.o)
 .mdebug.abi32  0x0000000000000000        0x0 /opt/microchip/xc32/v4.60/bin/bin/../../lib/gcc/pic32mx/8.3.1/../../../../pic32mx/lib/libc-musl.a(__push_float.o)
 .mdebug.abi32  0x0000000000000000        0x0 /opt/microchip/xc32/v4.60/bin/bin/../../lib/gcc/pic32mx/8.3.1/../../../../pic32mx/lib/libc-musl.a(__push_int.o)
 .mdebug.abi32  0x0000000000000000        0x0 /opt/microchip/xc32/v4.60/bin/bin/../../lib/gcc/pic32mx/8.3.1/../../../../pic32mx/lib/libc-musl.a(__stderr.o)
 .mdebug.abi32  0x0000000000000000        0x0 /opt/microchip/xc32/v4.60/bin/bin/../../lib/gcc/pic32mx/8.3.1/../../../../pic32mx/lib/libc-musl.a(__stdio_close.o)
 .mdebug.abi32  0x0000000000000000        0x0 /opt/microchip/xc32/v4.60/bin/bin/../../lib/gcc/pic32mx/8.3.1/../../../../pic32mx/lib/libc-musl.a(__stdout.o)
 .mdebug.abi32  0x0000000000000000        0x0 /opt/microchip/xc32/v4.60/bin/bin/../../lib/gcc/pic32mx/8.3.1/../../../../pic32mx/lib/libc-musl.a(__towrite_rw.o)
 .mdebug.abi32  0x0000000000000000        0x0 /opt/microchip/xc32/v4.60/bin/bin/../../lib/gcc/pic32mx/8.3.1/../../../../pic32mx/lib/libc-musl.a(__int_vfscanf.o)
 .mdebug.abi32  0x0000000000000000        0x0 /opt/microchip/xc32/v4.60/bin/bin/../../lib/gcc/pic32mx/8.3.1/../../../../pic32mx/lib/libc-musl.a(__toread.o)
 .mdebug.abi32  0x0000000000000000        0x0 /opt/microchip/xc32/v4.60/bin/bin/../../lib/gcc/pic32mx/8.3.1/../../../../pic32mx/lib/libc-musl.a(__fmt_a.o)
 .mdebug.abi32  0x0000000000000000        0x0 /opt/microchip/xc32/v4.60/bin/bin/../../lib/gcc/pic32mx/8.3.1/../../../../pic32mx/lib/libc-musl.a(__fmt_d.o)
 .mdebug.abi32  0x0000000000000000        0x0 /opt/microchip/xc32/v4.60/bin/bin/../../lib/gcc/pic32mx/8.3.1/../../../../pic32mx/lib/libc-musl.a(__fmt_fp.o)
 .mdebug.abi32  0x0000000000000000        0x0 /opt/microchip/xc32/v4.60/bin/bin/../../lib/gcc/pic32mx/8.3.1/../../../../pic32mx/lib/libc-musl.a(__fmt_o.o)
 .mdebug.abi32  0x0000000000000000        0x0 /opt/microchip/xc32/v4.60/bin/bin/../../lib/gcc/pic32mx/8.3.1/../../../../pic32mx/lib/libc-musl.a(__fmt_s.o)
 .mdebug.abi32  0x0000000000000000        0x0 /opt/microchip/xc32/v4.60/bin/bin/../../lib/gcc/pic32mx/8.3.1/../../../../pic32mx/lib/libc-musl.a(__fmt_u.o)
 .mdebug.abi32  0x0000000000000000        0x0 /opt/microchip/xc32/v4.60/bin/bin/../../lib/gcc/pic32mx/8.3.1/../../../../pic32mx/lib/libc-musl.a(__fmt_x.o)
 .mdebug.abi32  0x0000000000000000        0x0 /opt/microchip/xc32/v4.60/bin/bin/../../lib/gcc/pic32mx/8.3.1/../../../../pic32mx/lib/libc-musl.a(__fopen.o)
 .mdebug.abi32  0x0000000000000000        0x0 /opt/microchip/xc32/v4.60/bin/bin/../../lib/gcc/pic32mx/8.3.1/../../../../pic32mx/lib/libc-musl.a(__fopen_rw.o)
 .mdebug.abi32  0x0000000000000000        0x0 /opt/microchip/xc32/v4.60/bin/bin/../../lib/gcc/pic32mx/8.3.1/../../../../pic32mx/lib/libc-musl.a(__ftello_rw.o)
 .mdebug.abi32  0x0000000000000000        0x0 /opt/microchip/xc32/v4.60/bin/bin/../../lib/gcc/pic32mx/8.3.1/../../../../pic32mx/lib/libc-musl.a(__init_stdio.o)
 .mdebug.abi32  0x0000000000000000        0x0 /opt/microchip/xc32/v4.60/bin/bin/../../lib/gcc/pic32mx/8.3.1/../../../../pic32mx/lib/libc-musl.a(__io_buf_needed.o)
 .mdebug.abi32  0x0000000000000000        0x0 /opt/microchip/xc32/v4.60/bin/bin/../../lib/gcc/pic32mx/8.3.1/../../../../pic32mx/lib/libc-musl.a(__io_file_needed.o)
 .mdebug.abi32  0x0000000000000000        0x0 /opt/microchip/xc32/v4.60/bin/bin/../../lib/gcc/pic32mx/8.3.1/../../../../pic32mx/lib/libc-musl.a(__putc.o)
 .mdebug.abi32  0x0000000000000000        0x0 /opt/microchip/xc32/v4.60/bin/bin/../../lib/gcc/pic32mx/8.3.1/../../../../pic32mx/lib/libc-musl.a(__stdio_exit.o)
 .mdebug.abi32  0x0000000000000000        0x0 /opt/microchip/xc32/v4.60/bin/bin/../../lib/gcc/pic32mx/8.3.1/../../../../pic32mx/lib/libc-musl.a(__stdio_read.o)
 .mdebug.abi32  0x0000000000000000        0x0 /opt/microchip/xc32/v4.60/bin/bin/../../lib/gcc/pic32mx/8.3.1/../../../../pic32mx/lib/libc-musl.a(readv.o)
 .mdebug.abi32  0x0000000000000000        0x0 /opt/microchip/xc32/v4.60/bin/bin/../../lib/gcc/pic32mx/8.3.1/../../../../pic32mx/lib/libc-musl.a(__overflow.o)
 .mdebug.abi32  0x0000000000000000        0x0 /opt/microchip/xc32/v4.60/bin/bin/../../lib/gcc/pic32mx/8.3.1/../../../../pic32mx/lib/libc-musl.a(__cvt_u.o)
 .mdebug.abi32  0x0000000000000000        0x0 /opt/microchip/xc32/v4.60/bin/bin/../../lib/gcc/pic32mx/8.3.1/../../../../pic32mx/lib/libc-musl.a(__fclose.o)
 .mdebug.abi32  0x0000000000000000        0x0 /opt/microchip/xc32/v4.60/bin/bin/../../lib/gcc/pic32mx/8.3.1/../../../../pic32mx/lib/libc-musl.a(__fseeko.o)
 .mdebug.abi32  0x0000000000000000        0x0 /opt/microchip/xc32/v4.60/bin/bin/../../lib/gcc/pic32mx/8.3.1/../../../../pic32mx/lib/libc-musl.a(__ftello.o)
 .mdebug.abi32  0x0000000000000000        0x0 /opt/microchip/xc32/v4.60/bin/bin/../../lib/gcc/pic32mx/8.3.1/../../../../pic32mx/lib/libc-musl.a(__towrite.o)
 .mdebug.abi32  0x0000000000000000        0x0 /opt/microchip/xc32/v4.60/bin/bin/../../lib/gcc/pic32mx/8.3.1/../../../../pic32mx/lib/libm.a(support.o)
 .mdebug.abi32  0x0000000000000000        0x0 /opt/microchip/xc32/v4.60/bin/bin/../../lib/gcc/pic32mx/8.3.1/../../../../pic32mx/lib/libm-musl.a(__fpclassify.o)
 .mdebug.abi32  0x0000000000000000        0x0 /opt/microchip/xc32/v4.60/bin/bin/../../lib/gcc/pic32mx/8.3.1/../../../../pic32mx/lib/libm-musl.a(fabsl.o)
 .mdebug.abi32  0x0000000000000000        0x0 /opt/microchip/xc32/v4.60/bin/bin/../../lib/gcc/pic32mx/8.3.1/../../../../pic32mx/lib/libm-musl.a(fma.o)
 .mdebug.abi32  0x0000000000000000        0x0 /opt/microchip/xc32/v4.60/bin/bin/../../lib/gcc/pic32mx/8.3.1/../../../../pic32mx/lib/libm-musl.a(scalbn.o)
 .mdebug.abi32  0x0000000000000000        0x0 /opt/microchip/xc32/v4.60/bin/bin/../../lib/gcc/pic32mx/8.3.1/../../../../pic32mx/lib/libm-musl.a(scalbnl.o)
 .mdebug.abi32  0x0000000000000000        0x0 /opt/microchip/xc32/v4.60/bin/bin/../../lib/gcc/pic32mx/8.3.1/../../../../pic32mx/lib/libm-musl.a(fabs.o)
 .mdebug.abi32  0x0000000000000000        0x0 /opt/microchip/xc32/v4.60/bin/bin/../../lib/gcc/pic32mx/8.3.1/../../../../pic32mx/lib/libpic32.a(sbrk.o)
 .mdebug.abi32  0x0000000000000000        0x0 /opt/microchip/xc32/v4.60/bin/bin/../../lib/gcc/pic32mx/8.3.1/../../../../pic32mx/lib/libpic32.a(_exit.o)
 .mdebug.abi32  0x0000000000000000        0x0 /opt/microchip/xc32/v4.60/bin/bin/../../lib/gcc/pic32mx/8.3.1/../../../../pic32mx/lib/libpic32.a(lseek.o)
 .mdebug.abi32  0x0000000000000000        0x0 /opt/microchip/xc32/v4.60/bin/bin/../../lib/gcc/pic32mx/8.3.1/../../../../pic32mx/lib/libpic32.a(close.o)
 .mdebug.abi32  0x0000000000000000        0x0 /opt/microchip/xc32/v4.60/bin/bin/../../lib/gcc/pic32mx/8.3.1/../../../../pic32mx/lib/libc-size-musl.a(memchr.o)
 .mdebug.abi32  0x0000000000000000        0x0 /opt/microchip/xc32/v4.60/bin/bin/../../lib/gcc/pic32mx/8.3.1/libgcc.a(_lshrdi3.o)
 .mdebug.abi32  0x0000000000000000        0x0 /opt/microchip/xc32/v4.60/bin/bin/../../lib/gcc/pic32mx/8.3.1/libgcc.a(_ashldi3.o)
 .mdebug.abi32  0x0000000000000000        0x0 /opt/microchip/xc32/v4.60/bin/bin/../../lib/gcc/pic32mx/8.3.1/libgcc.a(_divdi3.o)
 .mdebug.abi32  0x0000000000000000        0x0 /opt/microchip/xc32/v4.60/bin/bin/../../lib/gcc/pic32mx/8.3.1/libgcc.a(_moddi3.o)
 .mdebug.abi32  0x0000000000000000        0x0 /opt/microchip/xc32/v4.60/bin/bin/../../lib/gcc/pic32mx/8.3.1/libgcc.a(_umoddi3.o)

.mdebug.abiN32
 *(.mdebug.abiN32)

.mdebug.abi64
 *(.mdebug.abi64)

.mdebug.abiO64
 *(.mdebug.abiO64)

.mdebug.eabi32
 *(.mdebug.eabi32)

.mdebug.eabi64
 *(.mdebug.eabi64)

.gcc_compiled_long32
 *(.gcc_compiled_long32)

.gcc_compiled_long64
 *(.gcc_compiled_long64)

.stab
 *(.stab)

.stabstr
 *(.stabstr)

.stab.excl
 *(.stab.excl)

.stab.exclstr
 *(.stab.exclstr)

.stab.index
 *(.stab.index)

.stab.indexstr
 *(.stab.indexstr)

.comment        0x0000000000000000       0x76
 *(.comment)
 .comment       0x0000000000000000       0x2b build/default/production/_ext/732082881/drv_eth_pic32_lib.o
                                         0x2c (size before relaxing)
 .comment       0x000000000000002b       0x2c build/default/production/_ext/732082881/drv_ethmac.o
 .comment       0x000000000000002b       0x2c build/default/production/_ext/732082881/drv_ethmac_lib.o
 .comment       0x000000000000002b       0x2c build/default/production/_ext/444070925/drv_ethphy.o
 .comment       0x000000000000002b       0x2c build/default/production/_ext/444070925/drv_extphy_lan8720.o
 .comment       0x000000000000002b       0x2c build/default/production/_ext/438849557/drv_miim_pic32m.o
 .comment       0x000000000000002b       0x2c build/default/production/_ext/438849557/drv_miim.o
 .comment       0x000000000000002b       0x2c build/default/production/_ext/1033058136/helpers.o
 .comment       0x000000000000002b       0x2c build/default/production/_ext/1033058136/dhcp.o
 .comment       0x000000000000002b       0x2c build/default/production/_ext/1033058136/ipv4.o
 .comment       0x000000000000002b       0x2c build/default/production/_ext/1033058136/tcpip_commands.o
 .comment       0x000000000000002b       0x2c build/default/production/_ext/1033058136/tcpip_notify.o
 .comment       0x000000000000002b       0x2c build/default/production/_ext/1033058136/tcpip_helpers.o
 .comment       0x000000000000002b       0x2c build/default/production/_ext/1033058136/tcpip_packet.o
 .comment       0x000000000000002b       0x2c build/default/production/_ext/1033058136/oahash.o
 .comment       0x000000000000002b       0x2c build/default/production/_ext/1033058136/udp.o
 .comment       0x000000000000002b       0x2c build/default/production/_ext/1033058136/arp.o
 .comment       0x000000000000002b       0x2c build/default/production/_ext/1033058136/icmp.o
 .comment       0x000000000000002b       0x2c build/default/production/_ext/1033058136/tcpip_heap_internal.o
 .comment       0x000000000000002b       0x2c build/default/production/_ext/1033058136/hash_fnv.o
 .comment       0x000000000000002b       0x2c build/default/production/_ext/1033058136/dns.o
 .comment       0x000000000000002b       0x2c build/default/production/_ext/1033058136/tcpip_heap_alloc.o
 .comment       0x000000000000002b       0x2c build/default/production/_ext/1033058136/tcpip_manager.o
 .comment       0x000000000000002b       0x2c build/default/production/_ext/1529399856/osal_freertos.o
 .comment       0x000000000000002b       0x2c build/default/production/_ext/60165520/plib_clk.o
 .comment       0x000000000000002b       0x2c build/default/production/_ext/1249264884/plib_coretimer.o
 .comment       0x000000000000002b       0x2c build/default/production/_ext/1865200349/plib_evic.o
 .comment       0x000000000000002b       0x2c build/default/production/_ext/1865254177/plib_gpio.o
 .comment       0x000000000000002b       0x2c build/default/production/_ext/298189674/plib_spi2_master.o
 .comment       0x000000000000002b       0x2c build/default/production/_ext/1865657120/plib_uart2.o
 .comment       0x000000000000002b       0x2c build/default/production/_ext/1865657120/plib_uart1.o
 .comment       0x000000000000002b       0x2c build/default/production/_ext/163028504/xc32_monitor.o
 .comment       0x000000000000002b       0x2c build/default/production/_ext/1376093119/sys_command.o
 .comment       0x000000000000002b       0x2c build/default/production/_ext/1832805299/sys_console_uart.o
 .comment       0x000000000000002b       0x2c build/default/production/_ext/1832805299/sys_console.o
 .comment       0x000000000000002b       0x2c build/default/production/_ext/944882569/sys_debug.o
 .comment       0x000000000000002b       0x2c build/default/production/_ext/1881668453/sys_int.o
 .comment       0x000000000000002b       0x2c build/default/production/_ext/1000052432/sys_reset.o
 .comment       0x000000000000002b       0x2c build/default/production/_ext/101884895/sys_time.o
 .comment       0x000000000000002b       0x2c build/default/production/_ext/753841488/sys_time_h2_adapter.o
 .comment       0x000000000000002b       0x2c build/default/production/_ext/1171490990/initialization.o
 .comment       0x000000000000002b       0x2c build/default/production/_ext/1171490990/interrupts.o
 .comment       0x000000000000002b       0x2c build/default/production/_ext/1171490990/freertos_hooks.o
 .comment       0x000000000000002b       0x2c build/default/production/_ext/1171490990/exceptions.o
 .comment       0x000000000000002b       0x2c build/default/production/_ext/1171490990/tasks.o
 .comment       0x000000000000002b       0x2c build/default/production/_ext/1665200909/heap_4.o
 .comment       0x000000000000002b       0x2c build/default/production/_ext/951553248/port.o
 .comment       0x000000000000002b       0x2c build/default/production/_ext/404212886/FreeRTOS_tasks.o
 .comment       0x000000000000002b       0x2c build/default/production/_ext/404212886/event_groups.o
 .comment       0x000000000000002b       0x2c build/default/production/_ext/404212886/list.o
 .comment       0x000000000000002b       0x2c build/default/production/_ext/404212886/queue.o
 .comment       0x000000000000002b       0x2c build/default/production/_ext/404212886/stream_buffer.o
 .comment       0x000000000000002b       0x2c build/default/production/_ext/404212886/timers.o
 .comment       0x000000000000002b       0x2c build/default/production/_ext/404212886/croutine.o
 .comment       0x000000000000002b       0x2c build/default/production/_ext/1358156373/network.o
 .comment       0x000000000000002b       0x2c build/default/production/_ext/2146752828/cborencoder_float.o
 .comment       0x000000000000002b       0x2c build/default/production/_ext/2146752828/cborvalidation.o
 .comment       0x000000000000002b       0x2c build/default/production/_ext/2146752828/cborparser_float.o
 .comment       0x000000000000002b       0x2c build/default/production/_ext/2146752828/cborpretty_stdio.o
 .comment       0x000000000000002b       0x2c build/default/production/_ext/2146752828/cborencoder.o
 .comment       0x000000000000002b       0x2c build/default/production/_ext/2146752828/cborparser_dup_string.o
 .comment       0x000000000000002b       0x2c build/default/production/_ext/2146752828/cborpretty.o
 .comment       0x000000000000002b       0x2c build/default/production/_ext/2146752828/cborerrorstrings.o
 .comment       0x000000000000002b       0x2c build/default/production/_ext/2146752828/cborparser.o
 .comment       0x000000000000002b       0x2c build/default/production/_ext/2146752828/cborencoder_close_container_checked.o
 .comment       0x000000000000002b       0x2c build/default/production/_ext/2146752828/cbortojson.o
 .comment       0x000000000000002b       0x2c build/default/production/_ext/1360937237/main.o
 .comment       0x000000000000002b       0x2c build/default/production/_ext/1360937237/app.o
 .comment       0x000000000000002b       0x2c build/default/production/_ext/1360937237/ethernet.o
 .comment       0x000000000000002b       0x2c build/default/production/_ext/1360937237/coap.o
 .comment       0x000000000000002b       0x2c build/default/production/_ext/1360937237/cJSON.o
 .comment       0x000000000000002b       0x2c build/default/production/_ext/1360937237/jsoncbor.o
 .comment       0x000000000000002b       0x2c build/default/production/_ext/1360937237/cborjson.o
 .comment       0x000000000000002b       0x2c build/default/production/_ext/1360937237/resources.o
 .comment       0x000000000000002b       0x2c build/default/production/_ext/1360937237/storage.o
 .comment       0x000000000000002b       0x2c build/default/production/_ext/1360937237/eeprom.o
 .comment       0x000000000000002b       0x2c /opt/microchip/xc32/v4.60/bin/bin/../../lib/gcc/pic32mx/8.3.1/libgcc.a(_fixdfdi.o)
 .comment       0x000000000000002b       0x2c /opt/microchip/xc32/v4.60/bin/bin/../../lib/gcc/pic32mx/8.3.1/libgcc.a(_fixunsdfdi.o)
 .comment       0x000000000000002b       0x2c /opt/microchip/xc32/v4.60/bin/bin/../../lib/gcc/pic32mx/8.3.1/libgcc.a(_floatdidf.o)
 .comment       0x000000000000002b       0x2c /opt/microchip/xc32/v4.60/bin/bin/../../lib/gcc/pic32mx/8.3.1/libgcc.a(_floatundidf.o)
 .comment       0x000000000000002b       0x2c /opt/microchip/xc32/v4.60/bin/bin/../../lib/gcc/pic32mx/8.3.1/libgcc.a(_udivdi3.o)
 .comment       0x000000000000002b       0x2c /opt/microchip/xc32/v4.60/bin/bin/../../lib/gcc/pic32mx/8.3.1/libgcc.a(floatunsidf.o)
 .comment       0x000000000000002b       0x2c /opt/microchip/xc32/v4.60/bin/bin/../../lib/gcc/pic32mx/8.3.1/../../../../pic32mx/lib/libpic32.a(default-on-reset.o)
 .comment       0x000000000000002b       0x2c /opt/microchip/xc32/v4.60/bin/bin/../../lib/gcc/pic32mx/8.3.1/../../../../pic32mx/lib/libpic32.a(default-on-bootstrap.o)
 .comment       0x000000000000002b       0x2c /opt/microchip/xc32/v4.60/bin/bin/../../lib/gcc/pic32mx/8.3.1/../../../../pic32mx/lib/libpic32.a(errno.o)
 .comment       0x000000000000002b       0x2c /opt/microchip/xc32/v4.60/bin/bin/../../lib/gcc/pic32mx/8.3.1/../../../../pic32mx/lib/libpic32.a(defaultinterrupt.o)
 .comment       0x000000000000002b       0x2c /opt/microchip/xc32/v4.60/bin/bin/../../lib/gcc/pic32mx/8.3.1/../../../../pic32mx/lib/libc-size-musl.a(memcmp.o)
 .comment       0x000000000000002b       0x2c /opt/microchip/xc32/v4.60/bin/bin/../../lib/gcc/pic32mx/8.3.1/../../../../pic32mx/lib/libc-size-musl.a(memcpy.o)
 .comment       0x000000000000002b       0x2c /opt/microchip/xc32/v4.60/bin/bin/../../lib/gcc/pic32mx/8.3.1/../../../../pic32mx/lib/libc-size-musl.a(memset.o)
 .comment       0x000000000000002b       0x2c /opt/microchip/xc32/v4.60/bin/bin/../../lib/gcc/pic32mx/8.3.1/../../../../pic32mx/lib/libc-size-musl.a(strlen.o)
 .comment       0x000000000000002b       0x2c /opt/microchip/xc32/v4.60/bin/bin/../../lib/gcc/pic32mx/8.3.1/../../../../pic32mx/lib/libc-size-musl.a(strchr.o)
 .comment       0x000000000000002b       0x2c /opt/microchip/xc32/v4.60/bin/bin/../../lib/gcc/pic32mx/8.3.1/../../../../pic32mx/lib/libc-size-musl.a(strchrnul.o)
 .comment       0x000000000000002b       0x2c /opt/microchip/xc32/v4.60/bin/bin/../../lib/gcc/pic32mx/8.3.1/../../../../pic32mx/lib/libc-size-musl.a(strcmp.o)
 .comment       0x000000000000002b       0x2c /opt/microchip/xc32/v4.60/bin/bin/../../lib/gcc/pic32mx/8.3.1/../../../../pic32mx/lib/libc-size-musl.a(strcpy.o)
 .comment       0x000000000000002b       0x2c /opt/microchip/xc32/v4.60/bin/bin/../../lib/gcc/pic32mx/8.3.1/../../../../pic32mx/lib/libc-size-musl.a(strncmp.o)
 .comment       0x000000000000002b       0x2c /opt/microchip/xc32/v4.60/bin/bin/../../lib/gcc/pic32mx/8.3.1/../../../../pic32mx/lib/libc-size-musl.a(strncpy.o)
 .comment       0x000000000000002b       0x2c /opt/microchip/xc32/v4.60/bin/bin/../../lib/gcc/pic32mx/8.3.1/../../../../pic32mx/lib/libc-size-musl.a(strrchr.o)
 .comment       0x000000000000002b       0x2c /opt/microchip/xc32/v4.60/bin/bin/../../lib/gcc/pic32mx/8.3.1/../../../../pic32mx/lib/libc-size-musl.a(strtok.o)
 .comment       0x000000000000002b       0x2c /opt/microchip/xc32/v4.60/bin/bin/../../lib/gcc/pic32mx/8.3.1/../../../../pic32mx/lib/libc-size-musl.a(memrchr.o)
 .comment       0x000000000000002b       0x2c /opt/microchip/xc32/v4.60/bin/bin/../../lib/gcc/pic32mx/8.3.1/../../../../pic32mx/lib/libc-size-musl.a(stpcpy.o)
 .comment       0x000000000000002b       0x2c /opt/microchip/xc32/v4.60/bin/bin/../../lib/gcc/pic32mx/8.3.1/../../../../pic32mx/lib/libc-size-musl.a(stpncpy.o)
 .comment       0x000000000000002b       0x2c /opt/microchip/xc32/v4.60/bin/bin/../../lib/gcc/pic32mx/8.3.1/../../../../pic32mx/lib/libc-size-musl.a(strcspn.o)
 .comment       0x000000000000002b       0x2c /opt/microchip/xc32/v4.60/bin/bin/../../lib/gcc/pic32mx/8.3.1/../../../../pic32mx/lib/libc-size-musl.a(strspn.o)
 .comment       0x000000000000002b       0x2c /opt/microchip/xc32/v4.60/bin/bin/../../lib/gcc/pic32mx/8.3.1/../../../../pic32mx/lib/liblmalloc-musl.a(lite_realloc.o)
 .comment       0x000000000000002b       0x2c /opt/microchip/xc32/v4.60/bin/bin/../../lib/gcc/pic32mx/8.3.1/../../../../pic32mx/lib/liblmalloc-musl.a(lite_free.o)
 .comment       0x000000000000002b       0x2c /opt/microchip/xc32/v4.60/bin/bin/../../lib/gcc/pic32mx/8.3.1/../../../../pic32mx/lib/liblmalloc-musl.a(lite_malloc.o)
 .comment       0x000000000000002b       0x2c /opt/microchip/xc32/v4.60/bin/bin/../../lib/gcc/pic32mx/8.3.1/../../../../pic32mx/lib/libc-musl.a(isalnum.o)
 .comment       0x000000000000002b       0x2c /opt/microchip/xc32/v4.60/bin/bin/../../lib/gcc/pic32mx/8.3.1/../../../../pic32mx/lib/libc-musl.a(isxdigit.o)
 .comment       0x000000000000002b       0x2c /opt/microchip/xc32/v4.60/bin/bin/../../lib/gcc/pic32mx/8.3.1/../../../../pic32mx/lib/libc-musl.a(tolower.o)
 .comment       0x000000000000002b       0x2c /opt/microchip/xc32/v4.60/bin/bin/../../lib/gcc/pic32mx/8.3.1/../../../../pic32mx/lib/libc-musl.a(toupper.o)
 .comment       0x000000000000002b       0x2c /opt/microchip/xc32/v4.60/bin/bin/../../lib/gcc/pic32mx/8.3.1/../../../../pic32mx/lib/libc-musl.a(assert.o)
 .comment       0x000000000000002b       0x2c /opt/microchip/xc32/v4.60/bin/bin/../../lib/gcc/pic32mx/8.3.1/../../../../pic32mx/lib/libc-musl.a(abort.o)
 .comment       0x000000000000002b       0x2c /opt/microchip/xc32/v4.60/bin/bin/../../lib/gcc/pic32mx/8.3.1/../../../../pic32mx/lib/libc-musl.a(expand_heap.o)
 .comment       0x000000000000002b       0x2c /opt/microchip/xc32/v4.60/bin/bin/../../lib/gcc/pic32mx/8.3.1/../../../../pic32mx/lib/libc-musl.a(rand.o)
 .comment       0x000000000000002b       0x2c /opt/microchip/xc32/v4.60/bin/bin/../../lib/gcc/pic32mx/8.3.1/../../../../pic32mx/lib/libc-musl.a(__sio_sscanf_eEfFgGn.o)
 .comment       0x000000000000002b       0x2c /opt/microchip/xc32/v4.60/bin/bin/../../lib/gcc/pic32mx/8.3.1/../../../../pic32mx/lib/libc-musl.a(fprintf.o)
 .comment       0x000000000000002b       0x2c /opt/microchip/xc32/v4.60/bin/bin/../../lib/gcc/pic32mx/8.3.1/../../../../pic32mx/lib/libc-musl.a(__scan_fp.o)
 .comment       0x000000000000002b       0x2c /opt/microchip/xc32/v4.60/bin/bin/../../lib/gcc/pic32mx/8.3.1/../../../../pic32mx/lib/libc-musl.a(__scanf_core.o)
 .comment       0x000000000000002b       0x2c /opt/microchip/xc32/v4.60/bin/bin/../../lib/gcc/pic32mx/8.3.1/../../../../pic32mx/lib/libc-musl.a(fclose.o)
 .comment       0x000000000000002b       0x2c /opt/microchip/xc32/v4.60/bin/bin/../../lib/gcc/pic32mx/8.3.1/../../../../pic32mx/lib/libc-musl.a(fflush.o)
 .comment       0x000000000000002b       0x2c /opt/microchip/xc32/v4.60/bin/bin/../../lib/gcc/pic32mx/8.3.1/../../../../pic32mx/lib/libc-musl.a(putc.o)
 .comment       0x000000000000002b       0x2c /opt/microchip/xc32/v4.60/bin/bin/../../lib/gcc/pic32mx/8.3.1/../../../../pic32mx/lib/libc-musl.a(vfprintf.o)
 .comment       0x000000000000002b       0x2c /opt/microchip/xc32/v4.60/bin/bin/../../lib/gcc/pic32mx/8.3.1/../../../../pic32mx/lib/libc-musl.a(vsnprintf.o)
 .comment       0x000000000000002b       0x2c /opt/microchip/xc32/v4.60/bin/bin/../../lib/gcc/pic32mx/8.3.1/../../../../pic32mx/lib/libc-musl.a(stderr.o)
 .comment       0x000000000000002b       0x2c /opt/microchip/xc32/v4.60/bin/bin/../../lib/gcc/pic32mx/8.3.1/../../../../pic32mx/lib/libc-musl.a(snprintf.o)
 .comment       0x000000000000002b       0x2c /opt/microchip/xc32/v4.60/bin/bin/../../lib/gcc/pic32mx/8.3.1/../../../../pic32mx/lib/libc-musl.a(sprintf.o)
 .comment       0x000000000000002b       0x2c /opt/microchip/xc32/v4.60/bin/bin/../../lib/gcc/pic32mx/8.3.1/../../../../pic32mx/lib/libc-musl.a(vsprintf.o)
 .comment       0x000000000000002b       0x2c /opt/microchip/xc32/v4.60/bin/bin/../../lib/gcc/pic32mx/8.3.1/../../../../pic32mx/lib/libc-musl.a(atoi.o)
 .comment       0x000000000000002b       0x2c /opt/microchip/xc32/v4.60/bin/bin/../../lib/gcc/pic32mx/8.3.1/../../../../pic32mx/lib/libc-musl.a(strtod.o)
 .comment       0x000000000000002b       0x2c /opt/microchip/xc32/v4.60/bin/bin/../../lib/gcc/pic32mx/8.3.1/../../../../pic32mx/lib/libc-musl.a(strtol.o)
 .comment       0x000000000000002b       0x2c /opt/microchip/xc32/v4.60/bin/bin/../../lib/gcc/pic32mx/8.3.1/../../../../pic32mx/lib/libc-musl.a(qsort.o)
 .comment       0x000000000000002b       0x2c /opt/microchip/xc32/v4.60/bin/bin/../../lib/gcc/pic32mx/8.3.1/../../../../pic32mx/lib/libc-musl.a(_Exit.o)
 .comment       0x000000000000002b       0x2c /opt/microchip/xc32/v4.60/bin/bin/../../lib/gcc/pic32mx/8.3.1/../../../../pic32mx/lib/libc-musl.a(floatscan.o)
 .comment       0x000000000000002b       0x2c /opt/microchip/xc32/v4.60/bin/bin/../../lib/gcc/pic32mx/8.3.1/../../../../pic32mx/lib/libc-musl.a(intscan.o)
 .comment       0x000000000000002b       0x2c /opt/microchip/xc32/v4.60/bin/bin/../../lib/gcc/pic32mx/8.3.1/../../../../pic32mx/lib/libc-musl.a(shgetc.o)
 .comment       0x000000000000002b       0x2c /opt/microchip/xc32/v4.60/bin/bin/../../lib/gcc/pic32mx/8.3.1/../../../../pic32mx/lib/libc-musl.a(__int_vsscanf.o)
 .comment       0x000000000000002b       0x2c /opt/microchip/xc32/v4.60/bin/bin/../../lib/gcc/pic32mx/8.3.1/../../../../pic32mx/lib/libc-musl.a(__string_read.o)
 .comment       0x000000000000002b       0x2c /opt/microchip/xc32/v4.60/bin/bin/../../lib/gcc/pic32mx/8.3.1/../../../../pic32mx/lib/libc-musl.a(__uflow.o)
 .comment       0x000000000000002b       0x2c /opt/microchip/xc32/v4.60/bin/bin/../../lib/gcc/pic32mx/8.3.1/../../../../pic32mx/lib/libc-musl.a(__fwrite.o)
 .comment       0x000000000000002b       0x2c /opt/microchip/xc32/v4.60/bin/bin/../../lib/gcc/pic32mx/8.3.1/../../../../pic32mx/lib/libc-musl.a(__io_fmt_needed.o)
 .comment       0x000000000000002b       0x2c /opt/microchip/xc32/v4.60/bin/bin/../../lib/gcc/pic32mx/8.3.1/../../../../pic32mx/lib/libc-musl.a(__io_init_needed.o)
 .comment       0x000000000000002b       0x2c /opt/microchip/xc32/v4.60/bin/bin/../../lib/gcc/pic32mx/8.3.1/../../../../pic32mx/lib/libc-musl.a(__io_rw_needed.o)
 .comment       0x000000000000002b       0x2c /opt/microchip/xc32/v4.60/bin/bin/../../lib/gcc/pic32mx/8.3.1/../../../../pic32mx/lib/libc-musl.a(__io_std_needed.o)
 .comment       0x000000000000002b       0x2c /opt/microchip/xc32/v4.60/bin/bin/../../lib/gcc/pic32mx/8.3.1/../../../../pic32mx/lib/libc-musl.a(__out.o)
 .comment       0x000000000000002b       0x2c /opt/microchip/xc32/v4.60/bin/bin/../../lib/gcc/pic32mx/8.3.1/../../../../pic32mx/lib/libc-musl.a(__pop_float.o)
 .comment       0x000000000000002b       0x2c /opt/microchip/xc32/v4.60/bin/bin/../../lib/gcc/pic32mx/8.3.1/../../../../pic32mx/lib/libc-musl.a(__pop_int.o)
 .comment       0x000000000000002b       0x2c /opt/microchip/xc32/v4.60/bin/bin/../../lib/gcc/pic32mx/8.3.1/../../../../pic32mx/lib/libc-musl.a(__pop_ptr.o)
 .comment       0x000000000000002b       0x2c /opt/microchip/xc32/v4.60/bin/bin/../../lib/gcc/pic32mx/8.3.1/../../../../pic32mx/lib/libc-musl.a(__printf_core.o)
 .comment       0x000000000000002b       0x2c /opt/microchip/xc32/v4.60/bin/bin/../../lib/gcc/pic32mx/8.3.1/../../../../pic32mx/lib/libc-musl.a(__push_float.o)
 .comment       0x000000000000002b       0x2c /opt/microchip/xc32/v4.60/bin/bin/../../lib/gcc/pic32mx/8.3.1/../../../../pic32mx/lib/libc-musl.a(__push_int.o)
 .comment       0x000000000000002b       0x2c /opt/microchip/xc32/v4.60/bin/bin/../../lib/gcc/pic32mx/8.3.1/../../../../pic32mx/lib/libc-musl.a(__stderr.o)
 .comment       0x000000000000002b       0x2c /opt/microchip/xc32/v4.60/bin/bin/../../lib/gcc/pic32mx/8.3.1/../../../../pic32mx/lib/libc-musl.a(__stdio_close.o)
 .comment       0x000000000000002b       0x2c /opt/microchip/xc32/v4.60/bin/bin/../../lib/gcc/pic32mx/8.3.1/../../../../pic32mx/lib/libc-musl.a(__stdout.o)
 .comment       0x000000000000002b       0x2c /opt/microchip/xc32/v4.60/bin/bin/../../lib/gcc/pic32mx/8.3.1/../../../../pic32mx/lib/libc-musl.a(__towrite_rw.o)
 .comment       0x000000000000002b       0x2c /opt/microchip/xc32/v4.60/bin/bin/../../lib/gcc/pic32mx/8.3.1/../../../../pic32mx/lib/libc-musl.a(__int_vfscanf.o)
 .comment       0x000000000000002b       0x2c /opt/microchip/xc32/v4.60/bin/bin/../../lib/gcc/pic32mx/8.3.1/../../../../pic32mx/lib/libc-musl.a(__toread.o)
 .comment       0x000000000000002b       0x2c /opt/microchip/xc32/v4.60/bin/bin/../../lib/gcc/pic32mx/8.3.1/../../../../pic32mx/lib/libc-musl.a(__fmt_a.o)
 .comment       0x000000000000002b       0x2c /opt/microchip/xc32/v4.60/bin/bin/../../lib/gcc/pic32mx/8.3.1/../../../../pic32mx/lib/libc-musl.a(__fmt_d.o)
 .comment       0x000000000000002b       0x2c /opt/microchip/xc32/v4.60/bin/bin/../../lib/gcc/pic32mx/8.3.1/../../../../pic32mx/lib/libc-musl.a(__fmt_fp.o)
 .comment       0x000000000000002b       0x2c /opt/microchip/xc32/v4.60/bin/bin/../../lib/gcc/pic32mx/8.3.1/../../../../pic32mx/lib/libc-musl.a(__fmt_o.o)
 .comment       0x000000000000002b       0x2c /opt/microchip/xc32/v4.60/bin/bin/../../lib/gcc/pic32mx/8.3.1/../../../../pic32mx/lib/libc-musl.a(__fmt_s.o)
 .comment       0x000000000000002b       0x2c /opt/microchip/xc32/v4.60/bin/bin/../../lib/gcc/pic32mx/8.3.1/../../../../pic32mx/lib/libc-musl.a(__fmt_u.o)
 .comment       0x000000000000002b       0x2c /opt/microchip/xc32/v4.60/bin/bin/../../lib/gcc/pic32mx/8.3.1/../../../../pic32mx/lib/libc-musl.a(__fmt_x.o)
 .comment       0x000000000000002b       0x2c /opt/microchip/xc32/v4.60/bin/bin/../../lib/gcc/pic32mx/8.3.1/../../../../pic32mx/lib/libc-musl.a(__fopen.o)
 .comment       0x000000000000002b       0x2c /opt/microchip/xc32/v4.60/bin/bin/../../lib/gcc/pic32mx/8.3.1/../../../../pic32mx/lib/libc-musl.a(__fopen_rw.o)
 .comment       0x000000000000002b       0x2c /opt/microchip/xc32/v4.60/bin/bin/../../lib/gcc/pic32mx/8.3.1/../../../../pic32mx/lib/libc-musl.a(__ftello_rw.o)
 .comment       0x000000000000002b       0x2c /opt/microchip/xc32/v4.60/bin/bin/../../lib/gcc/pic32mx/8.3.1/../../../../pic32mx/lib/libc-musl.a(__init_stdio.o)
 .comment       0x000000000000002b       0x2c /opt/microchip/xc32/v4.60/bin/bin/../../lib/gcc/pic32mx/8.3.1/../../../../pic32mx/lib/libc-musl.a(__io_buf_needed.o)
 .comment       0x000000000000002b       0x2c /opt/microchip/xc32/v4.60/bin/bin/../../lib/gcc/pic32mx/8.3.1/../../../../pic32mx/lib/libc-musl.a(__io_file_needed.o)
 .comment       0x000000000000002b       0x2c /opt/microchip/xc32/v4.60/bin/bin/../../lib/gcc/pic32mx/8.3.1/../../../../pic32mx/lib/libc-musl.a(__putc.o)
 .comment       0x000000000000002b       0x2c /opt/microchip/xc32/v4.60/bin/bin/../../lib/gcc/pic32mx/8.3.1/../../../../pic32mx/lib/libc-musl.a(__stdio_exit.o)
 .comment       0x000000000000002b       0x2c /opt/microchip/xc32/v4.60/bin/bin/../../lib/gcc/pic32mx/8.3.1/../../../../pic32mx/lib/libc-musl.a(__stdio_read.o)
 .comment       0x000000000000002b       0x2c /opt/microchip/xc32/v4.60/bin/bin/../../lib/gcc/pic32mx/8.3.1/../../../../pic32mx/lib/libc-musl.a(readv.o)
 .comment       0x000000000000002b       0x2c /opt/microchip/xc32/v4.60/bin/bin/../../lib/gcc/pic32mx/8.3.1/../../../../pic32mx/lib/libc-musl.a(__overflow.o)
 .comment       0x000000000000002b       0x2c /opt/microchip/xc32/v4.60/bin/bin/../../lib/gcc/pic32mx/8.3.1/../../../../pic32mx/lib/libc-musl.a(__cvt_u.o)
 .comment       0x000000000000002b       0x2c /opt/microchip/xc32/v4.60/bin/bin/../../lib/gcc/pic32mx/8.3.1/../../../../pic32mx/lib/libc-musl.a(__fclose.o)
 .comment       0x000000000000002b       0x2c /opt/microchip/xc32/v4.60/bin/bin/../../lib/gcc/pic32mx/8.3.1/../../../../pic32mx/lib/libc-musl.a(__fseeko.o)
 .comment       0x000000000000002b       0x2c /opt/microchip/xc32/v4.60/bin/bin/../../lib/gcc/pic32mx/8.3.1/../../../../pic32mx/lib/libc-musl.a(__ftello.o)
 .comment       0x000000000000002b       0x2c /opt/microchip/xc32/v4.60/bin/bin/../../lib/gcc/pic32mx/8.3.1/../../../../pic32mx/lib/libc-musl.a(__towrite.o)
 .comment       0x000000000000002b       0x2c /opt/microchip/xc32/v4.60/bin/bin/../../lib/gcc/pic32mx/8.3.1/../../../../pic32mx/lib/libm.a(support.o)
 .comment       0x000000000000002b       0x2c /opt/microchip/xc32/v4.60/bin/bin/../../lib/gcc/pic32mx/8.3.1/../../../../pic32mx/lib/libm-musl.a(__fpclassify.o)
 .comment       0x000000000000002b       0x2c /opt/microchip/xc32/v4.60/bin/bin/../../lib/gcc/pic32mx/8.3.1/../../../../pic32mx/lib/libm-musl.a(fabsl.o)
 .comment       0x000000000000002b       0x2c /opt/microchip/xc32/v4.60/bin/bin/../../lib/gcc/pic32mx/8.3.1/../../../../pic32mx/lib/libm-musl.a(fma.o)
 .comment       0x000000000000002b       0x2c /opt/microchip/xc32/v4.60/bin/bin/../../lib/gcc/pic32mx/8.3.1/../../../../pic32mx/lib/libm-musl.a(scalbn.o)
 .comment       0x000000000000002b       0x2c /opt/microchip/xc32/v4.60/bin/bin/../../lib/gcc/pic32mx/8.3.1/../../../../pic32mx/lib/libm-musl.a(scalbnl.o)
 .comment       0x000000000000002b       0x2c /opt/microchip/xc32/v4.60/bin/bin/../../lib/gcc/pic32mx/8.3.1/../../../../pic32mx/lib/libm-musl.a(fabs.o)
 .comment       0x000000000000002b       0x4b /opt/microchip/xc32/v4.60/bin/bin/../../lib/gcc/pic32mx/8.3.1/../../../../pic32mx/lib/libpic32.a(sbrk.o)
                                         0x77 (size before relaxing)
 .comment       0x0000000000000076       0x2c /opt/microchip/xc32/v4.60/bin/bin/../../lib/gcc/pic32mx/8.3.1/../../../../pic32mx/lib/libpic32.a(_exit.o)
 .comment       0x0000000000000076       0x2c /opt/microchip/xc32/v4.60/bin/bin/../../lib/gcc/pic32mx/8.3.1/../../../../pic32mx/lib/libpic32.a(lseek.o)
 .comment       0x0000000000000076       0x2c /opt/microchip/xc32/v4.60/bin/bin/../../lib/gcc/pic32mx/8.3.1/../../../../pic32mx/lib/libpic32.a(close.o)
 .comment       0x0000000000000076       0x2c /opt/microchip/xc32/v4.60/bin/bin/../../lib/gcc/pic32mx/8.3.1/../../../../pic32mx/lib/libc-size-musl.a(memchr.o)
 .comment       0x0000000000000076       0x2c /opt/microchip/xc32/v4.60/bin/bin/../../lib/gcc/pic32mx/8.3.1/libgcc.a(_lshrdi3.o)
 .comment       0x0000000000000076       0x2c /opt/microchip/xc32/v4.60/bin/bin/../../lib/gcc/pic32mx/8.3.1/libgcc.a(_ashldi3.o)
 .comment       0x0000000000000076       0x2c /opt/microchip/xc32/v4.60/bin/bin/../../lib/gcc/pic32mx/8.3.1/libgcc.a(_divdi3.o)
 .comment       0x0000000000000076       0x2c /opt/microchip/xc32/v4.60/bin/bin/../../lib/gcc/pic32mx/8.3.1/libgcc.a(_moddi3.o)
 .comment       0x0000000000000076       0x2c /opt/microchip/xc32/v4.60/bin/bin/../../lib/gcc/pic32mx/8.3.1/libgcc.a(_umoddi3.o)

.debug
 *.elf(.debug)
 *(.debug)

.line
 *.elf(.line)
 *(.line)

.debug_srcinfo
 *.elf(.debug_srcinfo)
 *(.debug_srcinfo)

.debug_sfnames
 *.elf(.debug_sfnames)
 *(.debug_sfnames)

.debug_aranges  0x0000000000000000     0x1b60
 *.elf(.debug_aranges)
 *(.debug_aranges)
 .debug_aranges
                0x0000000000000000       0x20 build/default/production/_ext/732082881/drv_eth_pic32_lib.o
 .debug_aranges
                0x0000000000000020       0x20 build/default/production/_ext/732082881/drv_ethmac.o
 .debug_aranges
                0x0000000000000040       0x20 build/default/production/_ext/732082881/drv_ethmac_lib.o
 .debug_aranges
                0x0000000000000060       0x20 build/default/production/_ext/444070925/drv_ethphy.o
 .debug_aranges
                0x0000000000000080       0x20 build/default/production/_ext/444070925/drv_extphy_lan8720.o
 .debug_aranges
                0x00000000000000a0       0x20 build/default/production/_ext/438849557/drv_miim_pic32m.o
 .debug_aranges
                0x00000000000000c0       0x20 build/default/production/_ext/438849557/drv_miim.o
 .debug_aranges
                0x00000000000000e0       0x20 build/default/production/_ext/1033058136/helpers.o
 .debug_aranges
                0x0000000000000100       0x20 build/default/production/_ext/1033058136/dhcp.o
 .debug_aranges
                0x0000000000000120       0x20 build/default/production/_ext/1033058136/ipv4.o
 .debug_aranges
                0x0000000000000140       0x20 build/default/production/_ext/1033058136/tcpip_commands.o
 .debug_aranges
                0x0000000000000160       0x20 build/default/production/_ext/1033058136/tcpip_notify.o
 .debug_aranges
                0x0000000000000180       0x20 build/default/production/_ext/1033058136/tcpip_helpers.o
 .debug_aranges
                0x00000000000001a0       0x20 build/default/production/_ext/1033058136/tcpip_packet.o
 .debug_aranges
                0x00000000000001c0       0x20 build/default/production/_ext/1033058136/oahash.o
 .debug_aranges
                0x00000000000001e0       0x20 build/default/production/_ext/1033058136/udp.o
 .debug_aranges
                0x0000000000000200       0x20 build/default/production/_ext/1033058136/arp.o
 .debug_aranges
                0x0000000000000220       0x20 build/default/production/_ext/1033058136/icmp.o
 .debug_aranges
                0x0000000000000240       0x20 build/default/production/_ext/1033058136/tcpip_heap_internal.o
 .debug_aranges
                0x0000000000000260       0x20 build/default/production/_ext/1033058136/hash_fnv.o
 .debug_aranges
                0x0000000000000280       0x20 build/default/production/_ext/1033058136/dns.o
 .debug_aranges
                0x00000000000002a0       0x20 build/default/production/_ext/1033058136/tcpip_helper_c32.o
 .debug_aranges
                0x00000000000002c0       0x20 build/default/production/_ext/1033058136/tcpip_heap_alloc.o
 .debug_aranges
                0x00000000000002e0       0x20 build/default/production/_ext/1033058136/tcpip_manager.o
 .debug_aranges
                0x0000000000000300       0x20 build/default/production/_ext/1529399856/osal_freertos.o
 .debug_aranges
                0x0000000000000320       0x20 build/default/production/_ext/60165520/plib_clk.o
 .debug_aranges
                0x0000000000000340       0x20 build/default/production/_ext/1249264884/plib_coretimer.o
 .debug_aranges
                0x0000000000000360       0x20 build/default/production/_ext/1865200349/plib_evic.o
 .debug_aranges
                0x0000000000000380       0x20 build/default/production/_ext/1865254177/plib_gpio.o
 .debug_aranges
                0x00000000000003a0       0x20 build/default/production/_ext/298189674/plib_spi2_master.o
 .debug_aranges
                0x00000000000003c0       0x20 build/default/production/_ext/1865657120/plib_uart2.o
 .debug_aranges
                0x00000000000003e0       0x20 build/default/production/_ext/1865657120/plib_uart1.o
 .debug_aranges
                0x0000000000000400       0x20 build/default/production/_ext/163028504/xc32_monitor.o
 .debug_aranges
                0x0000000000000420       0x20 build/default/production/_ext/1376093119/sys_command.o
 .debug_aranges
                0x0000000000000440       0x20 build/default/production/_ext/1832805299/sys_console_uart.o
 .debug_aranges
                0x0000000000000460       0x20 build/default/production/_ext/1832805299/sys_console.o
 .debug_aranges
                0x0000000000000480       0x20 build/default/production/_ext/944882569/sys_debug.o
 .debug_aranges
                0x00000000000004a0       0x20 build/default/production/_ext/1881668453/sys_int.o
 .debug_aranges
                0x00000000000004c0       0x20 build/default/production/_ext/1000052432/sys_reset.o
 .debug_aranges
                0x00000000000004e0       0x20 build/default/production/_ext/101884895/sys_time.o
 .debug_aranges
                0x0000000000000500       0x20 build/default/production/_ext/753841488/sys_time_h2_adapter.o
 .debug_aranges
                0x0000000000000520       0x20 build/default/production/_ext/1171490990/initialization.o
 .debug_aranges
                0x0000000000000540       0x20 build/default/production/_ext/1171490990/interrupts.o
 .debug_aranges
                0x0000000000000560       0x20 build/default/production/_ext/1171490990/freertos_hooks.o
 .debug_aranges
                0x0000000000000580       0x48 build/default/production/_ext/1171490990/interrupts_a.o
 .debug_aranges
                0x00000000000005c8       0x20 build/default/production/_ext/1171490990/exceptions.o
 .debug_aranges
                0x00000000000005e8       0x20 build/default/production/_ext/1171490990/tasks.o
 .debug_aranges
                0x0000000000000608       0x20 build/default/production/_ext/1665200909/heap_4.o
 .debug_aranges
                0x0000000000000628       0x20 build/default/production/_ext/951553248/port_asm.o
 .debug_aranges
                0x0000000000000648       0x20 build/default/production/_ext/951553248/port.o
 .debug_aranges
                0x0000000000000668       0x20 build/default/production/_ext/404212886/FreeRTOS_tasks.o
 .debug_aranges
                0x0000000000000688       0x20 build/default/production/_ext/404212886/event_groups.o
 .debug_aranges
                0x00000000000006a8       0x20 build/default/production/_ext/404212886/list.o
 .debug_aranges
                0x00000000000006c8       0x20 build/default/production/_ext/404212886/queue.o
 .debug_aranges
                0x00000000000006e8       0x20 build/default/production/_ext/404212886/stream_buffer.o
 .debug_aranges
                0x0000000000000708       0x18 build/default/production/_ext/404212886/timers.o
 .debug_aranges
                0x0000000000000720       0x18 build/default/production/_ext/404212886/croutine.o
 .debug_aranges
                0x0000000000000738       0x20 build/default/production/_ext/1358156373/network.o
 .debug_aranges
                0x0000000000000758       0x20 build/default/production/_ext/2146752828/cborencoder_float.o
 .debug_aranges
                0x0000000000000778       0x20 build/default/production/_ext/2146752828/cborvalidation.o
 .debug_aranges
                0x0000000000000798       0x20 build/default/production/_ext/2146752828/cborparser_float.o
 .debug_aranges
                0x00000000000007b8       0x20 build/default/production/_ext/2146752828/cborpretty_stdio.o
 .debug_aranges
                0x00000000000007d8       0x20 build/default/production/_ext/2146752828/cborencoder.o
 .debug_aranges
                0x00000000000007f8       0x20 build/default/production/_ext/2146752828/cborparser_dup_string.o
 .debug_aranges
                0x0000000000000818       0x20 build/default/production/_ext/2146752828/cborpretty.o
 .debug_aranges
                0x0000000000000838       0x20 build/default/production/_ext/2146752828/cborerrorstrings.o
 .debug_aranges
                0x0000000000000858       0x20 build/default/production/_ext/2146752828/cborparser.o
 .debug_aranges
                0x0000000000000878       0x20 build/default/production/_ext/2146752828/cborencoder_close_container_checked.o
 .debug_aranges
                0x0000000000000898       0x20 build/default/production/_ext/2146752828/cbortojson.o
 .debug_aranges
                0x00000000000008b8       0x20 build/default/production/_ext/1360937237/main.o
 .debug_aranges
                0x00000000000008d8       0x20 build/default/production/_ext/1360937237/app.o
 .debug_aranges
                0x00000000000008f8       0x20 build/default/production/_ext/1360937237/ethernet.o
 .debug_aranges
                0x0000000000000918       0x20 build/default/production/_ext/1360937237/coap.o
 .debug_aranges
                0x0000000000000938       0x20 build/default/production/_ext/1360937237/cJSON.o
 .debug_aranges
                0x0000000000000958       0x20 build/default/production/_ext/1360937237/jsoncbor.o
 .debug_aranges
                0x0000000000000978       0x20 build/default/production/_ext/1360937237/cborjson.o
 .debug_aranges
                0x0000000000000998       0x20 build/default/production/_ext/1360937237/resources.o
 .debug_aranges
                0x00000000000009b8       0x20 build/default/production/_ext/1360937237/storage.o
 .debug_aranges
                0x00000000000009d8       0x20 build/default/production/_ext/1360937237/eeprom.o
 .debug_aranges
                0x00000000000009f8       0x20 /opt/microchip/xc32/v4.60/bin/bin/../../lib/gcc/pic32mx/8.3.1/libgcc.a(_fixdfdi.o)
 .debug_aranges
                0x0000000000000a18       0x20 /opt/microchip/xc32/v4.60/bin/bin/../../lib/gcc/pic32mx/8.3.1/libgcc.a(_fixunsdfdi.o)
 .debug_aranges
                0x0000000000000a38       0x20 /opt/microchip/xc32/v4.60/bin/bin/../../lib/gcc/pic32mx/8.3.1/libgcc.a(_floatdidf.o)
 .debug_aranges
                0x0000000000000a58       0x20 /opt/microchip/xc32/v4.60/bin/bin/../../lib/gcc/pic32mx/8.3.1/libgcc.a(_floatundidf.o)
 .debug_aranges
                0x0000000000000a78       0x20 /opt/microchip/xc32/v4.60/bin/bin/../../lib/gcc/pic32mx/8.3.1/libgcc.a(_udivdi3.o)
 .debug_aranges
                0x0000000000000a98       0x20 /opt/microchip/xc32/v4.60/bin/bin/../../lib/gcc/pic32mx/8.3.1/libgcc.a(floatunsidf.o)
 .debug_aranges
                0x0000000000000ab8       0x20 /opt/microchip/xc32/v4.60/bin/bin/../../lib/gcc/pic32mx/8.3.1/../../../../pic32mx/lib/libpic32.a(default-on-reset.o)
 .debug_aranges
                0x0000000000000ad8       0x20 /opt/microchip/xc32/v4.60/bin/bin/../../lib/gcc/pic32mx/8.3.1/../../../../pic32mx/lib/libpic32.a(default-on-bootstrap.o)
 .debug_aranges
                0x0000000000000af8       0x20 /opt/microchip/xc32/v4.60/bin/bin/../../lib/gcc/pic32mx/8.3.1/../../../../pic32mx/lib/libpic32.a(defaultinterrupt.o)
 .debug_aranges
                0x0000000000000b18       0x20 /opt/microchip/xc32/v4.60/bin/bin/../../lib/gcc/pic32mx/8.3.1/../../../../pic32mx/lib/libc-size-musl.a(memcmp.o)
 .debug_aranges
                0x0000000000000b38       0x20 /opt/microchip/xc32/v4.60/bin/bin/../../lib/gcc/pic32mx/8.3.1/../../../../pic32mx/lib/libc-size-musl.a(memcpy.o)
 .debug_aranges
                0x0000000000000b58       0x20 /opt/microchip/xc32/v4.60/bin/bin/../../lib/gcc/pic32mx/8.3.1/../../../../pic32mx/lib/libc-size-musl.a(memset.o)
 .debug_aranges
                0x0000000000000b78       0x20 /opt/microchip/xc32/v4.60/bin/bin/../../lib/gcc/pic32mx/8.3.1/../../../../pic32mx/lib/libc-size-musl.a(strlen.o)
 .debug_aranges
                0x0000000000000b98       0x20 /opt/microchip/xc32/v4.60/bin/bin/../../lib/gcc/pic32mx/8.3.1/../../../../pic32mx/lib/libc-size-musl.a(strchr.o)
 .debug_aranges
                0x0000000000000bb8       0x20 /opt/microchip/xc32/v4.60/bin/bin/../../lib/gcc/pic32mx/8.3.1/../../../../pic32mx/lib/libc-size-musl.a(strchrnul.o)
 .debug_aranges
                0x0000000000000bd8       0x20 /opt/microchip/xc32/v4.60/bin/bin/../../lib/gcc/pic32mx/8.3.1/../../../../pic32mx/lib/libc-size-musl.a(strcmp.o)
 .debug_aranges
                0x0000000000000bf8       0x20 /opt/microchip/xc32/v4.60/bin/bin/../../lib/gcc/pic32mx/8.3.1/../../../../pic32mx/lib/libc-size-musl.a(strcpy.o)
 .debug_aranges
                0x0000000000000c18       0x20 /opt/microchip/xc32/v4.60/bin/bin/../../lib/gcc/pic32mx/8.3.1/../../../../pic32mx/lib/libc-size-musl.a(strncmp.o)
 .debug_aranges
                0x0000000000000c38       0x20 /opt/microchip/xc32/v4.60/bin/bin/../../lib/gcc/pic32mx/8.3.1/../../../../pic32mx/lib/libc-size-musl.a(strncpy.o)
 .debug_aranges
                0x0000000000000c58       0x20 /opt/microchip/xc32/v4.60/bin/bin/../../lib/gcc/pic32mx/8.3.1/../../../../pic32mx/lib/libc-size-musl.a(strrchr.o)
 .debug_aranges
                0x0000000000000c78       0x20 /opt/microchip/xc32/v4.60/bin/bin/../../lib/gcc/pic32mx/8.3.1/../../../../pic32mx/lib/libc-size-musl.a(strtok.o)
 .debug_aranges
                0x0000000000000c98       0x20 /opt/microchip/xc32/v4.60/bin/bin/../../lib/gcc/pic32mx/8.3.1/../../../../pic32mx/lib/libc-size-musl.a(memrchr.o)
 .debug_aranges
                0x0000000000000cb8       0x20 /opt/microchip/xc32/v4.60/bin/bin/../../lib/gcc/pic32mx/8.3.1/../../../../pic32mx/lib/libc-size-musl.a(stpcpy.o)
 .debug_aranges
                0x0000000000000cd8       0x20 /opt/microchip/xc32/v4.60/bin/bin/../../lib/gcc/pic32mx/8.3.1/../../../../pic32mx/lib/libc-size-musl.a(stpncpy.o)
 .debug_aranges
                0x0000000000000cf8       0x20 /opt/microchip/xc32/v4.60/bin/bin/../../lib/gcc/pic32mx/8.3.1/../../../../pic32mx/lib/libc-size-musl.a(strcspn.o)
 .debug_aranges
                0x0000000000000d18       0x20 /opt/microchip/xc32/v4.60/bin/bin/../../lib/gcc/pic32mx/8.3.1/../../../../pic32mx/lib/libc-size-musl.a(strspn.o)
 .debug_aranges
                0x0000000000000d38       0x20 /opt/microchip/xc32/v4.60/bin/bin/../../lib/gcc/pic32mx/8.3.1/../../../../pic32mx/lib/liblmalloc-musl.a(lite_realloc.o)
 .debug_aranges
                0x0000000000000d58       0x30 /opt/microchip/xc32/v4.60/bin/bin/../../lib/gcc/pic32mx/8.3.1/../../../../pic32mx/lib/liblmalloc-musl.a(lite_free.o)
 .debug_aranges
                0x0000000000000d88       0x20 /opt/microchip/xc32/v4.60/bin/bin/../../lib/gcc/pic32mx/8.3.1/../../../../pic32mx/lib/liblmalloc-musl.a(lite_malloc.o)
 .debug_aranges
                0x0000000000000da8       0x28 /opt/microchip/xc32/v4.60/bin/bin/../../lib/gcc/pic32mx/8.3.1/../../../../pic32mx/lib/libc-musl.a(isalnum.o)
 .debug_aranges
                0x0000000000000dd0       0x28 /opt/microchip/xc32/v4.60/bin/bin/../../lib/gcc/pic32mx/8.3.1/../../../../pic32mx/lib/libc-musl.a(isxdigit.o)
 .debug_aranges
                0x0000000000000df8       0x28 /opt/microchip/xc32/v4.60/bin/bin/../../lib/gcc/pic32mx/8.3.1/../../../../pic32mx/lib/libc-musl.a(tolower.o)
 .debug_aranges
                0x0000000000000e20       0x28 /opt/microchip/xc32/v4.60/bin/bin/../../lib/gcc/pic32mx/8.3.1/../../../../pic32mx/lib/libc-musl.a(toupper.o)
 .debug_aranges
                0x0000000000000e48       0x20 /opt/microchip/xc32/v4.60/bin/bin/../../lib/gcc/pic32mx/8.3.1/../../../../pic32mx/lib/libc-musl.a(assert.o)
 .debug_aranges
                0x0000000000000e68       0x20 /opt/microchip/xc32/v4.60/bin/bin/../../lib/gcc/pic32mx/8.3.1/../../../../pic32mx/lib/libc-musl.a(abort.o)
 .debug_aranges
                0x0000000000000e88       0x20 /opt/microchip/xc32/v4.60/bin/bin/../../lib/gcc/pic32mx/8.3.1/../../../../pic32mx/lib/libc-musl.a(expand_heap.o)
 .debug_aranges
                0x0000000000000ea8       0x28 /opt/microchip/xc32/v4.60/bin/bin/../../lib/gcc/pic32mx/8.3.1/../../../../pic32mx/lib/libc-musl.a(rand.o)
 .debug_aranges
                0x0000000000000ed0       0x28 /opt/microchip/xc32/v4.60/bin/bin/../../lib/gcc/pic32mx/8.3.1/../../../../pic32mx/lib/libc-musl.a(__sio_sscanf_eEfFgGn.o)
 .debug_aranges
                0x0000000000000ef8       0x20 /opt/microchip/xc32/v4.60/bin/bin/../../lib/gcc/pic32mx/8.3.1/../../../../pic32mx/lib/libc-musl.a(fprintf.o)
 .debug_aranges
                0x0000000000000f18       0x20 /opt/microchip/xc32/v4.60/bin/bin/../../lib/gcc/pic32mx/8.3.1/../../../../pic32mx/lib/libc-musl.a(__scan_fp.o)
 .debug_aranges
                0x0000000000000f38       0x48 /opt/microchip/xc32/v4.60/bin/bin/../../lib/gcc/pic32mx/8.3.1/../../../../pic32mx/lib/libc-musl.a(__scanf_core.o)
 .debug_aranges
                0x0000000000000f80       0x30 /opt/microchip/xc32/v4.60/bin/bin/../../lib/gcc/pic32mx/8.3.1/../../../../pic32mx/lib/libc-musl.a(fclose.o)
 .debug_aranges
                0x0000000000000fb0       0x30 /opt/microchip/xc32/v4.60/bin/bin/../../lib/gcc/pic32mx/8.3.1/../../../../pic32mx/lib/libc-musl.a(fflush.o)
 .debug_aranges
                0x0000000000000fe0       0x30 /opt/microchip/xc32/v4.60/bin/bin/../../lib/gcc/pic32mx/8.3.1/../../../../pic32mx/lib/libc-musl.a(putc.o)
 .debug_aranges
                0x0000000000001010       0x28 /opt/microchip/xc32/v4.60/bin/bin/../../lib/gcc/pic32mx/8.3.1/../../../../pic32mx/lib/libc-musl.a(vfprintf.o)
 .debug_aranges
                0x0000000000001038       0x20 /opt/microchip/xc32/v4.60/bin/bin/../../lib/gcc/pic32mx/8.3.1/../../../../pic32mx/lib/libc-musl.a(vsnprintf.o)
 .debug_aranges
                0x0000000000001058       0x38 /opt/microchip/xc32/v4.60/bin/bin/../../lib/gcc/pic32mx/8.3.1/../../../../pic32mx/lib/libc-musl.a(stderr.o)
 .debug_aranges
                0x0000000000001090       0x20 /opt/microchip/xc32/v4.60/bin/bin/../../lib/gcc/pic32mx/8.3.1/../../../../pic32mx/lib/libc-musl.a(snprintf.o)
 .debug_aranges
                0x00000000000010b0       0x20 /opt/microchip/xc32/v4.60/bin/bin/../../lib/gcc/pic32mx/8.3.1/../../../../pic32mx/lib/libc-musl.a(sprintf.o)
 .debug_aranges
                0x00000000000010d0       0x20 /opt/microchip/xc32/v4.60/bin/bin/../../lib/gcc/pic32mx/8.3.1/../../../../pic32mx/lib/libc-musl.a(vsprintf.o)
 .debug_aranges
                0x00000000000010f0       0x20 /opt/microchip/xc32/v4.60/bin/bin/../../lib/gcc/pic32mx/8.3.1/../../../../pic32mx/lib/libc-musl.a(atoi.o)
 .debug_aranges
                0x0000000000001110       0x38 /opt/microchip/xc32/v4.60/bin/bin/../../lib/gcc/pic32mx/8.3.1/../../../../pic32mx/lib/libc-musl.a(strtod.o)
 .debug_aranges
                0x0000000000001148       0x50 /opt/microchip/xc32/v4.60/bin/bin/../../lib/gcc/pic32mx/8.3.1/../../../../pic32mx/lib/libc-musl.a(strtol.o)
 .debug_aranges
                0x0000000000001198       0x50 /opt/microchip/xc32/v4.60/bin/bin/../../lib/gcc/pic32mx/8.3.1/../../../../pic32mx/lib/libc-musl.a(qsort.o)
 .debug_aranges
                0x00000000000011e8       0x20 /opt/microchip/xc32/v4.60/bin/bin/../../lib/gcc/pic32mx/8.3.1/../../../../pic32mx/lib/libc-musl.a(_Exit.o)
 .debug_aranges
                0x0000000000001208       0x30 /opt/microchip/xc32/v4.60/bin/bin/../../lib/gcc/pic32mx/8.3.1/../../../../pic32mx/lib/libc-musl.a(floatscan.o)
 .debug_aranges
                0x0000000000001238       0x20 /opt/microchip/xc32/v4.60/bin/bin/../../lib/gcc/pic32mx/8.3.1/../../../../pic32mx/lib/libc-musl.a(intscan.o)
 .debug_aranges
                0x0000000000001258       0x28 /opt/microchip/xc32/v4.60/bin/bin/../../lib/gcc/pic32mx/8.3.1/../../../../pic32mx/lib/libc-musl.a(shgetc.o)
 .debug_aranges
                0x0000000000001280       0x28 /opt/microchip/xc32/v4.60/bin/bin/../../lib/gcc/pic32mx/8.3.1/../../../../pic32mx/lib/libc-musl.a(__int_vsscanf.o)
 .debug_aranges
                0x00000000000012a8       0x20 /opt/microchip/xc32/v4.60/bin/bin/../../lib/gcc/pic32mx/8.3.1/../../../../pic32mx/lib/libc-musl.a(__string_read.o)
 .debug_aranges
                0x00000000000012c8       0x20 /opt/microchip/xc32/v4.60/bin/bin/../../lib/gcc/pic32mx/8.3.1/../../../../pic32mx/lib/libc-musl.a(__uflow.o)
 .debug_aranges
                0x00000000000012e8       0x28 /opt/microchip/xc32/v4.60/bin/bin/../../lib/gcc/pic32mx/8.3.1/../../../../pic32mx/lib/libc-musl.a(__fwrite.o)
 .debug_aranges
                0x0000000000001310       0x20 /opt/microchip/xc32/v4.60/bin/bin/../../lib/gcc/pic32mx/8.3.1/../../../../pic32mx/lib/libc-musl.a(__io_fmt_needed.o)
 .debug_aranges
                0x0000000000001330       0x28 /opt/microchip/xc32/v4.60/bin/bin/../../lib/gcc/pic32mx/8.3.1/../../../../pic32mx/lib/libc-musl.a(__io_init_needed.o)
 .debug_aranges
                0x0000000000001358       0x20 /opt/microchip/xc32/v4.60/bin/bin/../../lib/gcc/pic32mx/8.3.1/../../../../pic32mx/lib/libc-musl.a(__io_rw_needed.o)
 .debug_aranges
                0x0000000000001378       0x20 /opt/microchip/xc32/v4.60/bin/bin/../../lib/gcc/pic32mx/8.3.1/../../../../pic32mx/lib/libc-musl.a(__io_std_needed.o)
 .debug_aranges
                0x0000000000001398       0x28 /opt/microchip/xc32/v4.60/bin/bin/../../lib/gcc/pic32mx/8.3.1/../../../../pic32mx/lib/libc-musl.a(__out.o)
 .debug_aranges
                0x00000000000013c0       0x20 /opt/microchip/xc32/v4.60/bin/bin/../../lib/gcc/pic32mx/8.3.1/../../../../pic32mx/lib/libc-musl.a(__pop_float.o)
 .debug_aranges
                0x00000000000013e0       0x20 /opt/microchip/xc32/v4.60/bin/bin/../../lib/gcc/pic32mx/8.3.1/../../../../pic32mx/lib/libc-musl.a(__pop_int.o)
 .debug_aranges
                0x0000000000001400       0x20 /opt/microchip/xc32/v4.60/bin/bin/../../lib/gcc/pic32mx/8.3.1/../../../../pic32mx/lib/libc-musl.a(__pop_ptr.o)
 .debug_aranges
                0x0000000000001420       0x50 /opt/microchip/xc32/v4.60/bin/bin/../../lib/gcc/pic32mx/8.3.1/../../../../pic32mx/lib/libc-musl.a(__printf_core.o)
 .debug_aranges
                0x0000000000001470       0x20 /opt/microchip/xc32/v4.60/bin/bin/../../lib/gcc/pic32mx/8.3.1/../../../../pic32mx/lib/libc-musl.a(__push_float.o)
 .debug_aranges
                0x0000000000001490       0x20 /opt/microchip/xc32/v4.60/bin/bin/../../lib/gcc/pic32mx/8.3.1/../../../../pic32mx/lib/libc-musl.a(__push_int.o)
 .debug_aranges
                0x00000000000014b0       0x30 /opt/microchip/xc32/v4.60/bin/bin/../../lib/gcc/pic32mx/8.3.1/../../../../pic32mx/lib/libc-musl.a(__stderr.o)
 .debug_aranges
                0x00000000000014e0       0x28 /opt/microchip/xc32/v4.60/bin/bin/../../lib/gcc/pic32mx/8.3.1/../../../../pic32mx/lib/libc-musl.a(__stdio_close.o)
 .debug_aranges
                0x0000000000001508       0x30 /opt/microchip/xc32/v4.60/bin/bin/../../lib/gcc/pic32mx/8.3.1/../../../../pic32mx/lib/libc-musl.a(__stdout.o)
 .debug_aranges
                0x0000000000001538       0x20 /opt/microchip/xc32/v4.60/bin/bin/../../lib/gcc/pic32mx/8.3.1/../../../../pic32mx/lib/libc-musl.a(__towrite_rw.o)
 .debug_aranges
                0x0000000000001558       0x20 /opt/microchip/xc32/v4.60/bin/bin/../../lib/gcc/pic32mx/8.3.1/../../../../pic32mx/lib/libc-musl.a(__int_vfscanf.o)
 .debug_aranges
                0x0000000000001578       0x28 /opt/microchip/xc32/v4.60/bin/bin/../../lib/gcc/pic32mx/8.3.1/../../../../pic32mx/lib/libc-musl.a(__toread.o)
 .debug_aranges
                0x00000000000015a0       0x20 /opt/microchip/xc32/v4.60/bin/bin/../../lib/gcc/pic32mx/8.3.1/../../../../pic32mx/lib/libc-musl.a(__fmt_a.o)
 .debug_aranges
                0x00000000000015c0       0x20 /opt/microchip/xc32/v4.60/bin/bin/../../lib/gcc/pic32mx/8.3.1/../../../../pic32mx/lib/libc-musl.a(__fmt_d.o)
 .debug_aranges
                0x00000000000015e0       0x20 /opt/microchip/xc32/v4.60/bin/bin/../../lib/gcc/pic32mx/8.3.1/../../../../pic32mx/lib/libc-musl.a(__fmt_fp.o)
 .debug_aranges
                0x0000000000001600       0x20 /opt/microchip/xc32/v4.60/bin/bin/../../lib/gcc/pic32mx/8.3.1/../../../../pic32mx/lib/libc-musl.a(__fmt_o.o)
 .debug_aranges
                0x0000000000001620       0x20 /opt/microchip/xc32/v4.60/bin/bin/../../lib/gcc/pic32mx/8.3.1/../../../../pic32mx/lib/libc-musl.a(__fmt_s.o)
 .debug_aranges
                0x0000000000001640       0x20 /opt/microchip/xc32/v4.60/bin/bin/../../lib/gcc/pic32mx/8.3.1/../../../../pic32mx/lib/libc-musl.a(__fmt_u.o)
 .debug_aranges
                0x0000000000001660       0x20 /opt/microchip/xc32/v4.60/bin/bin/../../lib/gcc/pic32mx/8.3.1/../../../../pic32mx/lib/libc-musl.a(__fmt_x.o)
 .debug_aranges
                0x0000000000001680       0x30 /opt/microchip/xc32/v4.60/bin/bin/../../lib/gcc/pic32mx/8.3.1/../../../../pic32mx/lib/libc-musl.a(__fopen.o)
 .debug_aranges
                0x00000000000016b0       0x20 /opt/microchip/xc32/v4.60/bin/bin/../../lib/gcc/pic32mx/8.3.1/../../../../pic32mx/lib/libc-musl.a(__fopen_rw.o)
 .debug_aranges
                0x00000000000016d0       0x20 /opt/microchip/xc32/v4.60/bin/bin/../../lib/gcc/pic32mx/8.3.1/../../../../pic32mx/lib/libc-musl.a(__ftello_rw.o)
 .debug_aranges
                0x00000000000016f0       0x28 /opt/microchip/xc32/v4.60/bin/bin/../../lib/gcc/pic32mx/8.3.1/../../../../pic32mx/lib/libc-musl.a(__init_stdio.o)
 .debug_aranges
                0x0000000000001718       0x20 /opt/microchip/xc32/v4.60/bin/bin/../../lib/gcc/pic32mx/8.3.1/../../../../pic32mx/lib/libc-musl.a(__io_buf_needed.o)
 .debug_aranges
                0x0000000000001738       0x20 /opt/microchip/xc32/v4.60/bin/bin/../../lib/gcc/pic32mx/8.3.1/../../../../pic32mx/lib/libc-musl.a(__io_file_needed.o)
 .debug_aranges
                0x0000000000001758       0x20 /opt/microchip/xc32/v4.60/bin/bin/../../lib/gcc/pic32mx/8.3.1/../../../../pic32mx/lib/libc-musl.a(__putc.o)
 .debug_aranges